I/Nativepkcs11Wrapper-jni(24416): libcore_io_Nativepkcs11Wrapper
E/Configuration(24416): parseConfigXml
E/Configuration(24416): parseConfigXml key:storage_usb_sd value:1
D/AndroidRuntime(24416): Calling main entry com.android.commands.pm.Pm
I/servicemanager(  280): type=1400 audit(0.0:3104): avc: denied { search } for name="24416" dev="proc" ino=119161 scontext=u:r:servicemanager:s0 tcontext=u:r:init_shell:s0 tclass=dir permissive=1
I/servicemanager(  280): type=1400 audit(0.0:3105): avc: denied { read } for name="current" dev="proc" ino=120156 scontext=u:r:servicemanager:s0 tcontext=u:r:init_shell:s0 tclass=file permissive=1
I/servicemanager(  280): type=1400 audit(0.0:3106): avc: denied { open } for path="/proc/24416/attr/current" dev="proc" ino=120156 scontext=u:r:servicemanager:s0 tcontext=u:r:init_shell:s0 tclass=file permissive=1
I/Binder_7( 2975): type=1400 audit(0.0:3107): avc: denied { transfer } for scontext=u:r:system_server:s0 tcontext=u:r:init_shell:s0 tclass=binder permissive=1
D/!MCSER! ( 2704): UAndroidClient::getAppPackagePath |commandResult d packages :package:/data/app/br.com.linx.dtefmobilereactnative-1/base.apk=br.com.linx.dtefmobilereactnative
D/!MCSER! ( 2704): 
D/!MCSER! ( 2704): UAndroidClient::getAppPackagePath |strlen(commandResult):97
D/!MCSER! ( 2704): UAndroidClient::getAppPackagePath |getAppName().length():33
D/!MCSER! ( 2704): UAndroidClient::getAppPackagePath |strlen(package:):8
D/!MCSER! ( 2704): UAndroidClient::getAppPackagePath |findStrOffset+1+client->getAppName().length():96|strlen(commandResult)-1:96
I/art     (24416): System.exit called, status: 0
I/AndroidRuntime(24416): VM exiting with result code 0.
D/MasterController( 6872): ---------- login | client [br.com.linx.dtefmobilereactnative] login success ----------
D/<common>( 6872): [USDK]...[br.com.linx.dtefmobilereactnative]...
D/<common>( 6872): [USDK]android.permission.WAKE_LOCK
D/<common>( 6872): [USDK]android.permission.SYSTEM_ALERT_WINDOW
D/<common>( 6872): [USDK]android.permission.READ_CONTACTS
D/<common>( 6872): [USDK]android.permission.ACCESS_NETWORK_STATE
D/<common>( 6872): [USDK]android.permission.ACCESS_WIFI_STATE
D/<common>( 6872): [USDK]android.permission.INTERNET
D/<common>( 6872): [USDK]android.permission.BLUETOOTH
D/<common>( 6872): [USDK]android.permission.BLUETOOTH_ADMIN
D/<common>( 6872): [USDK]android.permission.WRITE_EXTERNAL_STORAGE
D/<common>( 6872): [USDK]android.permission.READ_EXTERNAL_STORAGE
D/<common>( 6872): [USDK]android.permission.WRITE_OWNER_DATA
D/<common>( 6872): [USDK]android.permission.READ_OWNER_DATA
D/<common>( 6872): [USDK]com.google.android.things.permission.USE_PERIPHERAL_IO
D/<common>( 6872): [USDK]titan.extperm.USB_SET
D/<common>( 6872): [USDK]android.permission.READ_PHONE_STATE
D/<common>( 6872): [USDK]android.permission.CHANGE_WIFI_STATE
F/[DeviceService]( 6872): [USDK]/// debugLog | param = {commonLog=true,emvLog=true,}
F/[DeviceService]( 6872): [USDK]>>> setLogLevel(emvLogLevel : 2, usdkLogLevel : 4 )
I/Choreographer(24244): Skipped 33 frames!  The application may be doing too much work on its main thread.
I/[DeviceService]( 6872): [USDK]--------- getPrinter ---------
I/libfam  ( 6872): lpd from apk path:/data/app/br.com.linx.dtefmobilereactnative-1/base.apk
I/libfam  ( 6872): current file is a signed_file_in_fmt_v3
E/libfam  ( 6872): [Line] : 12502; [Func] : EA_ucGetLpdFromSignApk; not support sign file, or has not lpd!
E/libfam  ( 6872): [Line] : 12540; [Func] : EA_ucGetLpdFromSignApk; pcFilePath=/data/app/br.com.linx.dtefmobilereactnative-1/base.apk, ucRet=0x10
E/epayauthfile( 6872): [Line] : 230; [Func] : fam_getSignedFileInfo; get lpd err..!
E/epayauthfile( 6872): [Line] : 289; [Func] : fam_getExtSignedApkInfo_Tmp; Function call returned error : ret = 16.
E/epayauthfile( 6872): [Line] : 709; [Func] : Java_com_landicorp_security_apkauth_ApkAuthenticator_getExtSignedApkInfoStr_1native; Function call returned error : ret = 16.
E/epayauthfile( 6872): fail to get ext_signed_apk_info from native.
W/Domain  (  815): checkUidPermission(), com.usdk.printer.perm.NORMAL_FUNC ---> com.landi.printer.perm.NORMAL_FUNC
W/Domain  (  815): checkUidPermission(), current state is PS_MOCKUP, we grant permission: com.landi.printer.perm.NORMAL_FUNC
V/[Printer]( 6872): [USDK]/// setPrnGray | gray = 3
V/[Printer]( 6872): [USDK]/// setAscScale | ascScale = 1
V/[Printer]( 6872): [USDK]/// setAscSize | ascSize = 5
V/[Printer]( 6872): [USDK]/// setHzScale | hzScale = 1
V/[Printer]( 6872): [USDK]/// setHzSize | hzSize = 2
W/System.err(24244): java.lang.IllegalArgumentException: bad base-64
W/System.err(24244): 	at android.util.Base64.decode(Base64.java:161)
W/System.err(24244): 	at android.util.Base64.decode(Base64.java:136)
W/System.err(24244): 	at com.linx.dtefmobile.CDTEFMobilePrintIngenico.printPOS(CDTEFMobilePrintIngenico.java:161)
W/System.err(24244): 	at com.linx.dtefmobile.CDTEFMobile.printPOS(CDTEFMobile.java:2554)
W/System.err(24244): 	at br.com.linx.dtefmobilereactnative.RNDtefmobilernModule.printPOS_texto(RNDtefmobilernModule.java:297)
W/System.err(24244): 	at java.lang.reflect.Method.invoke(Native Method)
W/System.err(24244): 	at java.lang.reflect.Method.invoke(Method.java:372)
W/System.err(24244): 	at com.facebook.react.bridge.JavaMethodWrapper.invoke(JavaMethodWrapper.java:374)
W/System.err(24244): 	at com.facebook.react.bridge.JavaModuleWrapper.invoke(JavaModuleWrapper.java:162)
W/System.err(24244): 	at com.facebook.react.bridge.queue.NativeRunnable.run(Native Method)
W/System.err(24244): 	at android.os.Handler.handleCallback(Handler.java:739)
W/System.err(24244): 	at android.os.Handler.dispatchMessage(Handler.java:95)
W/System.err(24244): 	at com.facebook.react.bridge.queue.MessageQueueThreadHandler.dispatchMessage(MessageQueueThreadHandler.java:31)
W/System.err(24244): 	at android.os.Looper.loop(Looper.java:135)
W/System.err(24244): 	at com.facebook.react.bridge.queue.MessageQueueThreadImpl$3.run(MessageQueueThreadImpl.java:194)
W/System.err(24244): 	at java.lang.Thread.run(Thread.java:818)
I/!MCSER! ( 2704): TRANSACT | receive transaction code :3
I/!MCSER! ( 2704): ================ ON LOGOUT =================
D/!MCSER! ( 2704): UClientManager::removeClientByName:br.com.linx.dtefmobilereactnative, logout by eptapi
D/!MCSER! ( 2704): DEV | abort() ##### IDC #####
D/!MCSER! ( 2704): IDC | @client[br.com.linx.dtefmobilereactnative] | is opened ? false
D/!MCSER! ( 2704): @client[br.com.linx.dtefmobilereactnative] release lock:MAG
D/!MCSER! ( 2704): @client[br.com.linx.dtefmobilereactnative] release [MAG]
D/!MCSER! ( 2704): DEV | abort() ##### MAG #####
D/!MCSER! ( 2704): MAG | @client[br.com.linx.dtefmobilereactnative] | is opened ? false
D/!MCSER! ( 2704): UCommenSubject::removeObserver | eventType:0
D/!MCSER! ( 2704): UCommenSubject::removeObserver | size:1
D/!MCSER! ( 2704): UCommenSubject::removeObserver found | i:0
D/!MCSER! ( 2704): UCommenSubject::removeObserver found | p == temp[0]
D/!MCSER! ( 2704): @client[br.com.linx.dtefmobilereactnative] release lock:RF0
D/!MCSER! ( 2704): @client[br.com.linx.dtefmobilereactnative] release [RF0]
D/!MCSER! ( 2704): DEV | abort() ##### RF0 #####
D/!MCSER! ( 2704): RF0 | @client[br.com.linx.dtefmobilereactnative] | is opened ? false
D/!MCSER! ( 2704): UCommenSubject::removeObserver | eventType:0
D/!MCSER! ( 2704): UCommenSubject::removeObserver | size:1
D/!MCSER! ( 2704): UCommenSubject::removeObserver found | i:0
D/!MCSER! ( 2704): UCommenSubject::removeObserver found | p == temp[0]
D/!MCSER! ( 2704): @client[br.com.linx.dtefmobilereactnative] release lock:ISCR
D/!MCSER! ( 2704): @client[br.com.linx.dtefmobilereactnative] release [ISCR]
D/!MCSER! ( 2704): DEV | abort() ##### ISCR #####
D/!MCSER! ( 2704): UCommenSubject::removeObserver | eventType:0
D/!MCSER! ( 2704): UCommenSubject::removeObserver | size:1
D/!MCSER! ( 2704): UCommenSubject::removeObserver found | i:0
D/!MCSER! ( 2704): UCommenSubject::removeObserver found | p == temp[0]
I/!MCSER! ( 2704): INNER_SCANNER | @client[br.com.linx.dtefmobilereactnative] | close scan abort!
D/!MCSER! ( 2704): @client[br.com.linx.dtefmobilereactnative] release lock:ICC0
D/!MCSER! ( 2704): @client[br.com.linx.dtefmobilereactnative] release [ICC0]
D/!MCSER! ( 2704): DEV | abort() ##### ICC0 #####
D/!MCSER! ( 2704): ICC0 | @client[br.com.linx.dtefmobilereactnative] | is opened ? false
I/!MCSER! ( 2704): INSERTCARD_READER | @client[br.com.linx.dtefmobilereactnative] | close abort! device is not opened !
D/!MCSER! ( 2704): UCommenSubject::removeObserver | eventType:0
D/!MCSER! ( 2704): UCommenSubject::removeObserver | size:1
D/!MCSER! ( 2704): UCommenSubject::removeObserver found | i:0
D/!MCSER! ( 2704): UCommenSubject::removeObserver found | p == temp[0]
D/!MCSER! ( 2704): @client[br.com.linx.dtefmobilereactnative] release lock:ICC1
D/!MCSER! ( 2704): @client[br.com.linx.dtefmobilereactnative] release [ICC1]
D/!MCSER! ( 2704): DEV | abort() ##### ICC1 #####
D/!MCSER! ( 2704): ICC1 | @client[br.com.linx.dtefmobilereactnative] | is opened ? false
I/!MCSER! ( 2704): INSERTCARD_READER | @client[br.com.linx.dtefmobilereactnative] | close abort! device is not opened !
D/!MCSER! ( 2704): UCommenSubject::removeObserver | eventType:0
D/!MCSER! ( 2704): UCommenSubject::removeObserver | size:1
D/!MCSER! ( 2704): UCommenSubject::removeObserver found | i:0
D/!MCSER! ( 2704): UCommenSubject::removeObserver found | p == temp[0]
D/!MCSER! ( 2704): @client[br.com.linx.dtefmobilereactnative] release lock:SAM1
D/!MCSER! ( 2704): @client[br.com.linx.dtefmobilereactnative] release [SAM1]
D/!MCSER! ( 2704): DEV | abort() ##### SAM1 #####
D/!MCSER! ( 2704): SAM1 | @client[br.com.linx.dtefmobilereactnative] | is opened ? false
I/!MCSER! ( 2704): INSERTCARD_READER | @client[br.com.linx.dtefmobilereactnative] | close abort! device is not opened !
D/!MCSER! ( 2704): UCommenSubject::removeObserver | eventType:0
D/!MCSER! ( 2704): UCommenSubject::removeObserver | size:1
D/!MCSER! ( 2704): UCommenSubject::removeObserver found | i:0
D/!MCSER! ( 2704): UCommenSubject::removeObserver found | p == temp[0]
D/!MCSER! ( 2704): @client[br.com.linx.dtefmobilereactnative] release lock:SAM2
D/!MCSER! ( 2704): @client[br.com.linx.dtefmobilereactnative] release [SAM2]
D/!MCSER! ( 2704): DEV | abort() ##### SAM2 #####
D/!MCSER! ( 2704): SAM2 | @client[br.com.linx.dtefmobilereactnative] | is opened ? false
I/!MCSER! ( 2704): INSERTCARD_READER | @client[br.com.linx.dtefmobilereactnative] | close abort! device is not opened !
D/!MCSER! ( 2704): UCommenSubject::removeObserver | eventType:0
D/!MCSER! ( 2704): UCommenSubject::removeObserver | size:1
D/!MCSER! ( 2704): UCommenSubject::removeObserver found | i:0
D/!MCSER! ( 2704): UCommenSubject::removeObserver found | p == temp[0]
D/!MCSER! ( 2704): @client[br.com.linx.dtefmobilereactnative] release lock:SAM3
D/!MCSER! ( 2704): @client[br.com.linx.dtefmobilereactnative] release [SAM3]
D/!MCSER! ( 2704): DEV | abort() ##### SAM3 #####
D/!MCSER! ( 2704): SAM3 | @client[br.com.linx.dtefmobilereactnative] | is opened ? false
I/!MCSER! ( 2704): INSERTCARD_READER | @client[br.com.linx.dtefmobilereactnative] | close abort! device is not opened !
D/!MCSER! ( 2704): UCommenSubject::removeObserver | eventType:0
D/!MCSER! ( 2704): UCommenSubject::removeObserver | size:1
D/!MCSER! ( 2704): UCommenSubject::removeObserver found | i:0
D/!MCSER! ( 2704): UCommenSubject::removeObserver found | p == temp[0]
D/!MCSER! ( 2704): @client[br.com.linx.dtefmobilereactnative] release lock:SAM4
D/!MCSER! ( 2704): @client[br.com.linx.dtefmobilereactnative] release [SAM4]
D/!MCSER! ( 2704): DEV | abort() ##### SAM4 #####
D/!MCSER! ( 2704): SAM4 | @client[br.com.linx.dtefmobilereactnative] | is opened ? false
I/!MCSER! ( 2704): INSERTCARD_READER | @client[br.com.linx.dtefmobilereactnative] | close abort! device is not opened !
D/!MCSER! ( 2704): UCommenSubject::removeObserver | eventType:0
D/!MCSER! ( 2704): UCommenSubject::removeObserver | size:1
D/!MCSER! ( 2704): UCommenSubject::removeObserver found | i:0
D/!MCSER! ( 2704): UCommenSubject::removeObserver found | p == temp[0]
D/!MCSER! ( 2704): @client[br.com.linx.dtefmobilereactnative] release lock:PRT
D/!MCSER! ( 2704): @client[br.com.linx.dtefmobilereactnative] release [PRT]
D/!MCSER! ( 2704): DEV | abort() ##### PRT #####
D/!MCSER! ( 2704): PRT | @client[br.com.linx.dtefmobilereactnative] | is opened ? false
I/!MCSER! ( 2704): PRINTER | @client[br.com.linx.dtefmobilereactnative] | close abort! printer is not opened
D/!MCSER! ( 2704): UCommenSubject::removeObserver | eventType:0
D/!MCSER! ( 2704): UCommenSubject::removeObserver | size:1
D/!MCSER! ( 2704): UCommenSubject::removeObserver found | i:0
D/!MCSER! ( 2704): UCommenSubject::removeObserver found | p == temp[0]
I/!MCSER! ( 2704): PRINTER | close printer abort!
D/!MCSER! ( 2704): @client[br.com.linx.dtefmobilereactnative] release lock:CBX
D/!MCSER! ( 2704): @client[br.com.linx.dtefmobilereactnative] release [CBX]
D/!MCSER! ( 2704): DEV | abort() ##### CBX #####
D/!MCSER! ( 2704): UCommenSubject::removeObserver | eventType:0
D/!MCSER! ( 2704): UCommenSubject::removeObserver | size:1
D/!MCSER! ( 2704): UCommenSubject::removeObserver found | i:0
D/!MCSER! ( 2704): UCommenSubject::removeObserver found | p == temp[0]
D/!MCSER! ( 2704): @client[br.com.linx.dtefmobilereactnative] release lock:IDC
D/!MCSER! ( 2704): @client[br.com.linx.dtefmobilereactnative] release [IDC]
D/!MCSER! ( 2704): DEV | abort() ##### IDC #####
I/!MCSER! ( 2704): IDCARD_READER | @client[br.com.linx.dtefmobilereactnative] | close abort!
D/!MCSER! ( 2704): UCommenSubject::removeObserver | eventType:0
D/!MCSER! ( 2704): UCommenSubject::removeObserver | size:1
D/!MCSER! ( 2704): UCommenSubject::removeObserver found | i:0
D/!MCSER! ( 2704): UCommenSubject::removeObserver found | p == temp[0]
I/!MCSER! ( 2704): IDCARD_READER | @client[br.com.linx.dtefmobilereactnative] | close abort!
D/!MCSER! ( 2704): @client[br.com.linx.dtefmobilereactnative] release lock:BEEP
D/!MCSER! ( 2704): @client[br.com.linx.dtefmobilereactnative] release [BEEP]
D/!MCSER! ( 2704): DEV | abort() ##### BEEP #####
D/!MCSER! ( 2704): UCommenSubject::removeObserver | eventType:0
D/!MCSER! ( 2704): UCommenSubject::removeObserver | size:1
D/!MCSER! ( 2704): UCommenSubject::removeObserver found | i:0
D/!MCSER! ( 2704): UCommenSubject::removeObserver found | p == temp[0]
D/!MCSER! ( 2704): @client[br.com.linx.dtefmobilereactnative] release lock:EMV Helper
D/!MCSER! ( 2704): @client[br.com.linx.dtefmobilereactnative] release [EMV Helper]
D/!MCSER! ( 2704): DEV | abort() ##### EMV Helper #####
I/!MCSER! ( 2704): @ EMVL2 Pr | onAbort end
D/!MCSER! ( 2704): UCommenSubject::removeObserver | eventType:0
D/!MCSER! ( 2704): UCommenSubject::removeObserver | size:1
D/!MCSER! ( 2704): UCommenSubject::removeObserver found | i:0
D/!MCSER! ( 2704): UCommenSubject::removeObserver found | p == temp[0]
D/!MCSER! ( 2704): @client[br.com.linx.dtefmobilereactnative] release lock:EMV Callback Helper
D/!MCSER! ( 2704): @client[br.com.linx.dtefmobilereactnative] release [EMV Callback Helper]
D/!MCSER! ( 2704): DEV | abort() ##### EMV Callback Helper #####
D/!MCSER! ( 2704): UCommenSubject::removeObserver | eventType:0
D/!MCSER! ( 2704): UCommenSubject::removeObserver | size:1
D/!MCSER! ( 2704): UCommenSubject::removeObserver found | i:0
D/!MCSER! ( 2704): UCommenSubject::removeObserver found | p == temp[0]
D/!MCSER! ( 2704): @client[br.com.linx.dtefmobilereactnative] release lock:Paypass Helper
D/!MCSER! ( 2704): @client[br.com.linx.dtefmobilereactnative] release [Paypass Helper]
D/!MCSER! ( 2704): DEV | abort() ##### Paypass Helper #####
D/!MCSER! ( 2704): UCommenSubject::removeObserver | eventType:0
D/!MCSER! ( 2704): UCommenSubject::removeObserver | size:1
D/!MCSER! ( 2704): UCommenSubject::removeObserver found | i:0
D/!MCSER! ( 2704): UCommenSubject::removeObserver found | p == temp[0]
D/!MCSER! ( 2704): @client[br.com.linx.dtefmobilereactnative] release lock:USBD
D/!MCSER! ( 2704): @client[br.com.linx.dtefmobilereactnative] release [USBD]
D/!MCSER! ( 2704): DEV | abort() ##### USBD #####
D/!MCSER! ( 2704): UCommenSubject::removeObserver | eventType:0
D/!MCSER! ( 2704): UCommenSubject::removeObserver | size:1
D/!MCSER! ( 2704): UCommenSubject::removeObserver found | i:0
D/!MCSER! ( 2704): UCommenSubject::removeObserver found | p == temp[0]
D/!MCSER! ( 2704): @client[br.com.linx.dtefmobilereactnative] release lock:TIMER
D/!MCSER! ( 2704): @client[br.com.linx.dtefmobilereactnative] release [TIMER]
D/!MCSER! ( 2704): DEV | abort() ##### TIMER #####
D/!MCSER! ( 2704): UCommenSubject::removeObserver | eventType:0
D/!MCSER! ( 2704): UCommenSubject::removeObserver | size:1
D/!MCSER! ( 2704): UCommenSubject::removeObserver found | i:0
D/!MCSER! ( 2704): UCommenSubject::removeObserver found | p == temp[0]
D/!MCSER! ( 2704): @client[br.com.linx.dtefmobilereactnative] release lock:APPTIMER
D/!MCSER! ( 2704): @client[br.com.linx.dtefmobilereactnative] release [APPTIMER]
D/!MCSER! ( 2704): DEV | abort() ##### APPTIMER #####
D/!MCSER! ( 2704): domain_version:1.0.0           
W/!MCSER! ( 2704): PERMISSION | mc permission file not found, use domain check state:ENABLE
D/!MCSER! ( 2704): UAndroidClient::getPermissionName  enter
D/!MCSER! ( 2704): UAndroidClient::getPermissionName  return ''
D/!MCSER! ( 2704): UCommenSubject::removeObserver | eventType:0
D/!MCSER! ( 2704): UCommenSubject::removeObserver | size:1
D/!MCSER! ( 2704): UCommenSubject::removeObserver found | i:0
D/!MCSER! ( 2704): UCommenSubject::removeObserver found | p == temp[0]
D/!MCSER! ( 2704): @client[br.com.linx.dtefmobilereactnative] release lock:DLED
D/!MCSER! ( 2704): @client[br.com.linx.dtefmobilereactnative] release [DLED]
D/!MCSER! ( 2704): DEV | abort() ##### DLED #####
D/!MCSER! ( 2704): DLED | @client[br.com.linx.dtefmobilereactnative] | is opened ? false
I/!MCSER! ( 2704): DLEDDEVICE | @client[br.com.linx.dtefmobilereactnative] | close abort! dled is not opened
D/!MCSER! ( 2704): UCommenSubject::removeObserver | eventType:0
D/!MCSER! ( 2704): UCommenSubject::removeObserver | size:1
D/!MCSER! ( 2704): UCommenSubject::removeObserver found | i:0
D/!MCSER! ( 2704): UCommenSubject::removeObserver found | p == temp[0]
I/!MCSER! ( 2704): DLEDDEVICE | close dled abort!
D/!MCSER! ( 2704): UClientManager::removeClientByName, dynamic deivce num = 0
D/!MCSER! ( 2704): CLIENT | destroyClientInfo  clientName:br.com.linx.dtefmobilereactnative
D/!MCSER! ( 2704): CLIENT | destroyClientInfo1  clientName:br.com.linx.dtefmobilereactnative
D/!MCSER! ( 2704):  UAndroidClientManager::destroyClientInfo:br.com.linx.dtefmobilereactnative
D/!MCSER! ( 2704): UAndroidClientManager | logout  000
D/!MCSER! ( 2704): ~UAndroidClient()
D/!MCSER! ( 2704): @client[br.com.linx.dtefmobilereactnative] logout or dead ---deal ~UClientBase
D/!MCSER! ( 2704): @client[br.com.linx.dtefmobilereactnative] removeClientInvocations
D/!MCSER! ( 2704): DEL_INVOCATION31 | vector.size:0
D/!MCSER! ( 2704): removeClientInvocations | current invocations size:0
D/!MCSER! ( 2704): @client[br.com.linx.dtefmobilereactnative] destroy!
D/!MCSER! ( 2704): CLIENT | destroyClientInfo3  clientName:br.com.linx.dtefmobilereactnative
I/!MCSER! ( 2704): LOGOUT | @client[br.com.linx.dtefmobilereactnative] | logout success!
D/!MCSER! ( 2704): Duration  | LOGOUT | @client[br.com.linx.dtefmobilereactnative] | 27200
D/ClientManager( 6872): removeClient | appName: br.com.linx.dtefmobilereactnative
D/MasterController( 6872): ---------- logout | client [br.com.linx.dtefmobilereactnative] logout success ----------
D/<common>( 6872): [USDK]br.com.linx.dtefmobilereactnative[pid: 24244, uid: 10059] remove success
V/DTEFMobile(24244): setRespostaRecebida
V/DTEFMobile(24244): setRespostaRecebida = true
I/System.out(24244): setRespostaRecebida = true
I/System.out(24244): call findFirstX509TrustManager! keyProvider=null
I/SurfaceFlinger(  282): FPS: 6
E/VM_BMS  (24434): Unable to open BMS device
E/VM_BMS  (24434): Unable to intialize BMS parameters
D/StatusBar.NetworkController( 2536): hasService: mServiceState=1 1 home null null null  Unknown Unknown CSS not supported -1 -1 RoamInd=-1 DefRoamInd=-1 EmergOnly=true retVal=false
D/StatusBar.NetworkController( 2536): refreshViews: Data not connected!! Set no data type icon / Roaming
D/StatusBar.NetworkController( 2536): refreshViews connected={ wifi } level=3 combinedSignalIconId=0x7f020368/com.android.systemui:drawable/stat_sys_wifi_signal_4_fully combinedActivityIconId=0x7f02035c mobileLabel=Emergency calls only wifiLabel="WLANGPLXADM" emergencyOnly=true combinedLabel="WLANGPLXADM" mAirplaneMode=false mDataActivity=0 mPhoneSignalIconId=0x7f02034f/com.android.systemui:drawable/stat_sys_signal_null mQSPhoneSignalIconId=0x7f0200bb/com.android.systemui:drawable/ic_qs_signal_no_signal mDataDirectionIconId=0x0/(null) mDataSignalIconId=0x7f02034f/com.android.systemui:drawable/stat_sys_signal_null mDataTypeIconId=0x0/(null) mQSDataTypeIconId=0x0/(null) mNoSimIconId=0x7f02009a/com.android.systemui:drawable/ic_qs_no_sim mWifiIconId=0x7f020368/com.android.systemui:drawable/stat_sys_wifi_signal_4_fully mQSWifiIconId=0x7f0200cb/com.android.systemui:drawable/ic_qs_wifi_full_4 mWifiActivityIconId=0x7f02035c/com.android.systemui:drawable/stat_sys_wifi_in mBluetoothTetherIconId=0x10806b8/android:drawable/stat_sys_tether_bluetooth
D/StatusBar.NetworkController( 2536): refreshSignalCluster - setMobileDataIndicators:  mHasMobileDataFeature = true mPhoneSignalIconId = com.android.systemui:drawable/stat_sys_signal_null mDataSignalIconId = com.android.systemui:drawable/stat_sys_signal_null mMobileActivityIconId = (null) mDataTypeIconId = (null) mNoSimIconId = com.android.systemui:drawable/ic_qs_no_sim
D/StatusBar.NetworkController( 2536): refreshSignalCluster - setMobileDataIndicators:  mHasMobileDataFeature = true mPhoneSignalIconId = com.android.systemui:drawable/stat_sys_signal_null mDataSignalIconId = com.android.systemui:drawable/stat_sys_signal_null mMobileActivityIconId = (null) mDataTypeIconId = (null) mNoSimIconId = com.android.systemui:drawable/ic_qs_no_sim
D/StatusBar.NetworkController( 2536): refreshSignalCluster - setMobileDataIndicators:  mHasMobileDataFeature = true mPhoneSignalIconId = com.android.systemui:drawable/stat_sys_signal_null mDataSignalIconId = com.android.systemui:drawable/stat_sys_signal_null mMobileActivityIconId = (null) mDataTypeIconId = (null) mNoSimIconId = com.android.systemui:drawable/ic_qs_no_sim
D/StatusBar.NetworkController( 2536): changing data overlay icon id to 2130838364
D/wpa_supplicant(20436): wlan0: Control interface command 'SIGNAL_POLL'
I/System.out(24244): [confirmTransaction] sNSU=[070951]
I/System.out(24244): [confirmTransaction] context=br.com.linx.dtefmobilereactnative.MainApplication@1ce7f67d
I/System.out(24244): [leConfiguracoes] sValorParametro PinpadAtivo=[1]
D/InitDTEFMobile(24244): context=[br.com.linx.dtefmobilereactnative.MainApplication@1ce7f67d]
D/InitDTEFMobile(24244): promptX=[br.com.linx.dtefmobilereactnative.RNDtefmobilernModule@215585a1]
D/initFuncoesComuns(24244): inicio
D/initClassConfig(24244): classConfigContext=[0x572]
D/initClassConfig(24244): objConfig=[0x10056a]
D/initFuncoesTela(24244): inicio
D/initFuncoesTela(24244): oDTEFMobile=[0x100566]
D/initFuncoesTela(24244): oObjGlobalTela=[0x100562]
D/initPPBluetooth(24244): inicio
D/initPPBluetooth(24244): classPPBluetooth=[0x100009]
D/initPPBluetooth(24244): oObjGlobalBluetooth=[0x20055e]
D/initPPBluetooth(24244): fim
D/initFuncoesPinpad(24244): inicio
D/initFuncoesPinpad(24244): _oDTEFMobile=[0x9cee4aa4]
D/initFuncoesPinpad(24244): objContext=[0x100576]
D/initFuncoesPinpad(24244): obj=[0x9cee4a9c]
D/initFuncoesPinpad(24244): objPinpad=[0x0]
D/initFuncoesPinpad(24244): objActivityGlobal=[0x100586]
D/initFuncoesPinpad(24244): oDTEFMobile=[0x10061e]
D/CTEFMobilePinpad(24244): DTEFMobile=[com.linx.dtefmobile.CDTEFMobile@3ba723c6]
D/CDTEFMobile(24244): getcontext=[br.com.linx.dtefmobilereactnative.MainApplication@1ce7f67d]
D/CTEFMobilePinpad(24244): oDTEFMobile.getContext()=[br.com.linx.dtefmobilereactnative.MainApplication@1ce7f67d]
D/CDTEFMobile(24244): getcontext=[br.com.linx.dtefmobilereactnative.MainApplication@1ce7f67d]
D/CDTEFMobile(24244): setcontext=[br.com.linx.dtefmobilereactnative.MainApplication@1ce7f67d]
D/CDTEFMobile(24244): getcontext=[br.com.linx.dtefmobilereactnative.MainApplication@1ce7f67d]
D/initFuncoesPinpad(24244): oDTEFMobile=[0x10061e]
D/initFuncoesPinpad(24244): objPinpad=[0x100622]
D/initFuncoesComunicacao(24244): inicio
D/initFuncoesComunicacao(24244): oObjGlobalComunicacao=[0x100626]
D/Java_com_linx_dtefmobile_CDTEFMobile_ConfirmaCartao(24244): NSU=[070951]
D/leValor (24244): inicio [I:SEQPOS.DAT] cNameConfig[ISEQPOSDAT]
D/salvaValor(24244): pNome=[I:NSUPOS.DAT] cNameConfig=[INSUPOSDAT]
D/put_env_android(24244): jvmGlobal=[0xb78701b0] objActivityGlobal=[0x100586] classConfigContext[0x572] objConfig=[0x10056a]
D/leValor (24244): inicio [I:070951.PEN] cNameConfig[I070951PEN]
D/salvaValor(24244): pNome=[I:CONFIRMA.TEF] cNameConfig=[ICONFIRMATEF]
D/put_env_android(24244): jvmGlobal=[0xb78701b0] objActivityGlobal=[0x100586] classConfigContext[0x572] objConfig=[0x10056a]
D/clear_env_android(24244): jvmGlobal=[0xb78701b0] objActivityGlobal=[0x100586] classConfigContext[0x572] objConfig=[0x10056a]
I/SurfaceFlinger(  282): FPS: 3
D/clear_env_android(24244): fim
D/leValor (24244): inicio [I:CONFIRMA.TEF] cNameConfig[ICONFIRMATEF]
D/ConectaDTEF(24244): vai obter configuracao...
D/ConectaDTEF(24244): cIPServidor=[172.16.138.68], cPortaServidor=[6850], cTimeoutServidor=[]
D/NET_connect(24244): inicio
D/socketConnect_Android_(24244): inicio(172.16.138.68, 6850, 0)
D/socketConnect_Android_(24244): socket(56)
D/NET_connect(24244): fim(iRes=0)
D/StatusBar.NetworkController( 2536): hasService: mServiceState=1 1 home null null null  Unknown Unknown CSS not supported -1 -1 RoamInd=-1 DefRoamInd=-1 EmergOnly=true retVal=false
D/StatusBar.NetworkController( 2536): refreshViews: Data not connected!! Set no data type icon / Roaming
D/StatusBar.NetworkController( 2536): refreshViews connected={ wifi } level=3 combinedSignalIconId=0x7f020368/com.android.systemui:drawable/stat_sys_wifi_signal_4_fully combinedActivityIconId=0x7f02035d mobileLabel=Emergency calls only wifiLabel="WLANGPLXADM" emergencyOnly=true combinedLabel="WLANGPLXADM" mAirplaneMode=false mDataActivity=0 mPhoneSignalIconId=0x7f02034f/com.android.systemui:drawable/stat_sys_signal_null mQSPhoneSignalIconId=0x7f0200bb/com.android.systemui:drawable/ic_qs_signal_no_signal mDataDirectionIconId=0x0/(null) mDataSignalIconId=0x7f02034f/com.android.systemui:drawable/stat_sys_signal_null mDataTypeIconId=0x0/(null) mQSDataTypeIconId=0x0/(null) mNoSimIconId=0x7f02009a/com.android.systemui:drawable/ic_qs_no_sim mWifiIconId=0x7f020368/com.android.systemui:drawable/stat_sys_wifi_signal_4_fully mQSWifiIconId=0x7f0200cb/com.android.systemui:drawable/ic_qs_wifi_full_4 mWifiActivityIconId=0x7f02035d/com.android.systemui:drawable/stat_sys_wifi_inout mBluetoothTetherIconId=0x10806b8/android:drawable/stat_sys_tether_bluetooth
D/StatusBar.NetworkController( 2536): refreshSignalCluster - setMobileDataIndicators:  mHasMobileDataFeature = true mPhoneSignalIconId = com.android.systemui:drawable/stat_sys_signal_null mDataSignalIconId = com.android.systemui:drawable/stat_sys_signal_null mMobileActivityIconId = (null) mDataTypeIconId = (null) mNoSimIconId = com.android.systemui:drawable/ic_qs_no_sim
D/StatusBar.NetworkController( 2536): refreshSignalCluster - setMobileDataIndicators:  mHasMobileDataFeature = true mPhoneSignalIconId = com.android.systemui:drawable/stat_sys_signal_null mDataSignalIconId = com.android.systemui:drawable/stat_sys_signal_null mMobileActivityIconId = (null) mDataTypeIconId = (null) mNoSimIconId = com.android.systemui:drawable/ic_qs_no_sim
D/StatusBar.NetworkController( 2536): refreshSignalCluster - setMobileDataIndicators:  mHasMobileDataFeature = true mPhoneSignalIconId = com.android.systemui:drawable/stat_sys_signal_null mDataSignalIconId = com.android.systemui:drawable/stat_sys_signal_null mMobileActivityIconId = (null) mDataTypeIconId = (null) mNoSimIconId = com.android.systemui:drawable/ic_qs_no_sim
D/StatusBar.NetworkController( 2536): changing data overlay icon id to 2130838365
I/System.out(24244): call findFirstX509TrustManager! keyProvider=null
D/StatusBar.NetworkController( 2536): hasService: mServiceState=1 1 home null null null  Unknown Unknown CSS not supported -1 -1 RoamInd=-1 DefRoamInd=-1 EmergOnly=true retVal=false
D/StatusBar.NetworkController( 2536): refreshViews: Data not connected!! Set no data type icon / Roaming
D/StatusBar.NetworkController( 2536): refreshViews connected={ wifi } level=3 combinedSignalIconId=0x7f020368/com.android.systemui:drawable/stat_sys_wifi_signal_4_fully combinedActivityIconId=0x7f02035c mobileLabel=Emergency calls only wifiLabel="WLANGPLXADM" emergencyOnly=true combinedLabel="WLANGPLXADM" mAirplaneMode=false mDataActivity=0 mPhoneSignalIconId=0x7f02034f/com.android.systemui:drawable/stat_sys_signal_null mQSPhoneSignalIconId=0x7f0200bb/com.android.systemui:drawable/ic_qs_signal_no_signal mDataDirectionIconId=0x0/(null) mDataSignalIconId=0x7f02034f/com.android.systemui:drawable/stat_sys_signal_null mDataTypeIconId=0x0/(null) mQSDataTypeIconId=0x0/(null) mNoSimIconId=0x7f02009a/com.android.systemui:drawable/ic_qs_no_sim mWifiIconId=0x7f020368/com.android.systemui:drawable/stat_sys_wifi_signal_4_fully mQSWifiIconId=0x7f0200cb/com.android.systemui:drawable/ic_qs_wifi_full_4 mWifiActivityIconId=0x7f02035c/com.android.systemui:drawable/stat_sys_wifi_in mBluetoothTetherIconId=0x10806b8/android:drawable/stat_sys_tether_bluetooth
D/StatusBar.NetworkController( 2536): refreshSignalCluster - setMobileDataIndicators:  mHasMobileDataFeature = true mPhoneSignalIconId = com.android.systemui:drawable/stat_sys_signal_null mDataSignalIconId = com.android.systemui:drawable/stat_sys_signal_null mMobileActivityIconId = (null) mDataTypeIconId = (null) mNoSimIconId = com.android.systemui:drawable/ic_qs_no_sim
D/StatusBar.NetworkController( 2536): refreshSignalCluster - setMobileDataIndicators:  mHasMobileDataFeature = true mPhoneSignalIconId = com.android.systemui:drawable/stat_sys_signal_null mDataSignalIconId = com.android.systemui:drawable/stat_sys_signal_null mMobileActivityIconId = (null) mDataTypeIconId = (null) mNoSimIconId = com.android.systemui:drawable/ic_qs_no_sim
D/StatusBar.NetworkController( 2536): refreshSignalCluster - setMobileDataIndicators:  mHasMobileDataFeature = true mPhoneSignalIconId = com.android.systemui:drawable/stat_sys_signal_null mDataSignalIconId = com.android.systemui:drawable/stat_sys_signal_null mMobileActivityIconId = (null) mDataTypeIconId = (null) mNoSimIconId = com.android.systemui:drawable/ic_qs_no_sim
D/StatusBar.NetworkController( 2536): changing data overlay icon id to 2130838364
I/SurfaceFlinger(  282): FPS: 4
I/PowerUI ( 2536): mBatteryHealth = 1
D/HeadsetStateMachine( 4924): Disconnected process message: 10, size: 0
D/clear_env_android(24244): jvmGlobal=[0xb78701b0] objActivityGlobal=[0x100586] classConfigContext[0x572] objConfig=[0x10056a]
D/clear_env_android(24244): fim
D/ReleaseFuncoesComuns(24244): classConfigContext=[0x572]
D/ReleaseFuncoesComuns(24244): objConfig=[0x10056a]
D/ReleaseFuncoesTela(24244): oDTEFMobile=[0x10061e]
D/ReleaseFuncoesTela(24244): oObjGlobalTela=[0x100562]
D/ReleaseFuncoesComunicacao(24244): oObjGlobalComunicacao=[0x100626]
D/MODEL   (24244): Build.MODEL=[APOS A8OVS]
D/PRODUCT (24244): Build.PRODUCT=[APOS A8]
D/ReleaseFuncoesPinpad(24244): oDTEFMobile=[0x0]
D/ReleaseFuncoesPinpad(24244): objPinpad=[0x100622]
I/System.out(24244): [finalizeTransaction]
I/System.out(24244): [leConfiguracoes] sValorParametro PinpadAtivo=[1]
D/InitDTEFMobile(24244): context=[br.com.linx.dtefmobilereactnative.MainApplication@1ce7f67d]
D/InitDTEFMobile(24244): promptX=[br.com.linx.dtefmobilereactnative.RNDtefmobilernModule@215585a1]
D/initFuncoesComuns(24244): inicio
D/initClassConfig(24244): classConfigContext=[0x5d6]
D/initClassConfig(24244): objConfig=[0x2005ce]
D/initFuncoesTela(24244): inicio
D/initFuncoesTela(24244): oDTEFMobile=[0x1005b2]
D/initFuncoesTela(24244): oObjGlobalTela=[0x1005ae]
D/initPPBluetooth(24244): inicio
D/initPPBluetooth(24244): classPPBluetooth=[0x200009]
D/initPPBluetooth(24244): oObjGlobalBluetooth=[0x20059e]
D/initPPBluetooth(24244): fim
D/initFuncoesPinpad(24244): inicio
D/initFuncoesPinpad(24244): _oDTEFMobile=[0x9cee4ab4]
D/initFuncoesPinpad(24244): objContext=[0x5f2]
D/initFuncoesPinpad(24244): obj=[0x9cee4aac]
D/initFuncoesPinpad(24244): objPinpad=[0x0]
D/initFuncoesPinpad(24244): objActivityGlobal=[0x20060a]
D/initFuncoesPinpad(24244): oDTEFMobile=[0x200576]
D/CTEFMobilePinpad(24244): DTEFMobile=[com.linx.dtefmobile.CDTEFMobile@3ba723c6]
D/CDTEFMobile(24244): getcontext=[br.com.linx.dtefmobilereactnative.MainApplication@1ce7f67d]
D/CTEFMobilePinpad(24244): oDTEFMobile.getContext()=[br.com.linx.dtefmobilereactnative.MainApplication@1ce7f67d]
D/CDTEFMobile(24244): getcontext=[br.com.linx.dtefmobilereactnative.MainApplication@1ce7f67d]
D/CDTEFMobile(24244): setcontext=[br.com.linx.dtefmobilereactnative.MainApplication@1ce7f67d]
D/CDTEFMobile(24244): getcontext=[br.com.linx.dtefmobilereactnative.MainApplication@1ce7f67d]
D/initFuncoesPinpad(24244): oDTEFMobile=[0x200576]
D/initFuncoesPinpad(24244): objPinpad=[0x100572]
D/initFuncoesComunicacao(24244): inicio
D/initFuncoesComunicacao(24244): oObjGlobalComunicacao=[0x20056a]
D/Java_com_linx_dtefmobile_CDTEFMobile_FinalizaTransacao(24244): param=[0]
D/leValor (24244): inicio [I:CONFIRMA.TEF] cNameConfig[ICONFIRMATEF]
D/leValor (24244): inicio [I:DESFAZ.TEF] cNameConfig[IDESFAZTEF]
D/clear_env_android(24244): jvmGlobal=[0xb78701b0] objActivityGlobal=[0x20060a] classConfigContext[0x5d6] objConfig=[0x2005ce]
D/clear_env_android(24244): fim
D/clear_env_android(24244): jvmGlobal=[0xb78701b0] objActivityGlobal=[0x20060a] classConfigContext[0x5d6] objConfig=[0x2005ce]
D/clear_env_android(24244): fim
D/clear_env_android(24244): jvmGlobal=[0xb78701b0] objActivityGlobal=[0x20060a] classConfigContext[0x5d6] objConfig=[0x2005ce]
D/clear_env_android(24244): fim
D/ReleaseFuncoesComuns(24244): classConfigContext=[0x5d6]
D/ReleaseFuncoesComuns(24244): objConfig=[0x2005ce]
D/ReleaseFuncoesTela(24244): oDTEFMobile=[0x200576]
D/ReleaseFuncoesTela(24244): oObjGlobalTela=[0x1005ae]
D/ReleaseFuncoesComunicacao(24244): oObjGlobalComunicacao=[0x20056a]
D/MODEL   (24244): Build.MODEL=[APOS A8OVS]
D/PRODUCT (24244): Build.PRODUCT=[APOS A8]
D/ReleaseFuncoesPinpad(24244): oDTEFMobile=[0x0]
D/ReleaseFuncoesPinpad(24244): objPinpad=[0x100572]
I/System.out(24244): call findFirstX509TrustManager! keyProvider=null
I/SurfaceFlinger(  282): FPS: 2
D/wpa_supplicant(20436): wlan0: Control interface command 'SIGNAL_POLL'
E/VM_BMS  (24449): Unable to open BMS device
E/VM_BMS  (24449): Unable to intialize BMS parameters
I/System.out(24244): call findFirstX509TrustManager! keyProvider=null
D/wpa_supplicant(20436): wlan0: Control interface command 'SIGNAL_POLL'
D/StatusBar.NetworkController( 2536): hasService: mServiceState=1 1 home null null null  Unknown Unknown CSS not supported -1 -1 RoamInd=-1 DefRoamInd=-1 EmergOnly=true retVal=false
D/StatusBar.NetworkController( 2536): refreshViews: Data not connected!! Set no data type icon / Roaming
D/StatusBar.NetworkController( 2536): refreshViews connected={ wifi } level=3 combinedSignalIconId=0x7f020368/com.android.systemui:drawable/stat_sys_wifi_signal_4_fully combinedActivityIconId=0x7f02035d mobileLabel=Emergency calls only wifiLabel="WLANGPLXADM" emergencyOnly=true combinedLabel="WLANGPLXADM" mAirplaneMode=false mDataActivity=0 mPhoneSignalIconId=0x7f02034f/com.android.systemui:drawable/stat_sys_signal_null mQSPhoneSignalIconId=0x7f0200bb/com.android.systemui:drawable/ic_qs_signal_no_signal mDataDirectionIconId=0x0/(null) mDataSignalIconId=0x7f02034f/com.android.systemui:drawable/stat_sys_signal_null mDataTypeIconId=0x0/(null) mQSDataTypeIconId=0x0/(null) mNoSimIconId=0x7f02009a/com.android.systemui:drawable/ic_qs_no_sim mWifiIconId=0x7f020368/com.android.systemui:drawable/stat_sys_wifi_signal_4_fully mQSWifiIconId=0x7f0200cb/com.android.systemui:drawable/ic_qs_wifi_full_4 mWifiActivityIconId=0x7f02035d/com.android.systemui:drawable/stat_sys_wifi_inout mBluetoothTetherIconId=0x10806b8/android:drawable/stat_sys_tether_bluetooth
D/StatusBar.NetworkController( 2536): refreshSignalCluster - setMobileDataIndicators:  mHasMobileDataFeature = true mPhoneSignalIconId = com.android.systemui:drawable/stat_sys_signal_null mDataSignalIconId = com.android.systemui:drawable/stat_sys_signal_null mMobileActivityIconId = (null) mDataTypeIconId = (null) mNoSimIconId = com.android.systemui:drawable/ic_qs_no_sim
D/StatusBar.NetworkController( 2536): refreshSignalCluster - setMobileDataIndicators:  mHasMobileDataFeature = true mPhoneSignalIconId = com.android.systemui:drawable/stat_sys_signal_null mDataSignalIconId = com.android.systemui:drawable/stat_sys_signal_null mMobileActivityIconId = (null) mDataTypeIconId = (null) mNoSimIconId = com.android.systemui:drawable/ic_qs_no_sim
D/StatusBar.NetworkController( 2536): refreshSignalCluster - setMobileDataIndicators:  mHasMobileDataFeature = true mPhoneSignalIconId = com.android.systemui:drawable/stat_sys_signal_null mDataSignalIconId = com.android.systemui:drawable/stat_sys_signal_null mMobileActivityIconId = (null) mDataTypeIconId = (null) mNoSimIconId = com.android.systemui:drawable/ic_qs_no_sim
D/StatusBar.NetworkController( 2536): changing data overlay icon id to 2130838365
I/SurfaceFlinger(  282): FPS: 2
I/System.out(24244): call findFirstX509TrustManager! keyProvider=null
I/PowerUI ( 2536): mBatteryHealth = 1
D/HeadsetStateMachine( 4924): Disconnected process message: 10, size: 0
E/WifiStateMachine(  815): WifiStateMachine CMD_START_SCAN source -2 txSuccessRate=1.13 rxSuccessRate=34.38 targetRoamBSSID=00:00:00:00:00:00 RSSI=-31
E/WifiStateMachine(  815): WifiStateMachine starting scan for "WLANGPLXADM"-WPA_PSK with 2412,2462,2437
D/wpa_supplicant(20436): wlan0: Control interface command 'SCAN TYPE=ONLY freq=2412,2462,2437'
D/wpa_supplicant(20436): wlan0: Setting scan request: 0.000000 sec
D/wpa_supplicant(20436): wlan0: Starting AP scan for wildcard SSID
D/wpa_supplicant(20436): wlan0: Limit manual scan to specified channels
D/wpa_supplicant(20436): wlan0: Add radio work 'scan'@0xb88a2680
D/wpa_supplicant(20436): wlan0: First radio work item in the queue - schedule start immediately
D/wpa_supplicant(20436): wlan0: Starting radio work 'scan'@0xb88a2680 after 0.000206 second wait
D/wpa_supplicant(20436): wlan0: nl80211: scan request
D/wpa_supplicant(20436): nl80211: Scan SSID - hexdump(len=0): [NULL]
D/wpa_supplicant(20436): nl80211: Scan frequency 2412 MHz
D/wpa_supplicant(20436): nl80211: Scan frequency 2437 MHz
D/wpa_supplicant(20436): nl80211: Scan frequency 2462 MHz
I/WifiHAL (  815): Poll result = 1
I/WifiHAL (  815): Found some events!!!
D/WifiHAL (  815): no_seq_check received
I/WifiHAL (  815): event received NL80211_CMD_TRIGGER_SCAN
I/WifiHAL (  815): event received NL80211_CMD_TRIGGER_SCAN, vendor_id = 0x0
I/WifiHAL (  815): event ignored!!
D/wpa_supplicant(20436): Scan requested (ret=0) - scan timeout 30 seconds
D/wpa_supplicant(20436): nl80211: Event message available
D/wpa_supplicant(20436): nl80211: Drv Event 33 (NL80211_CMD_TRIGGER_SCAN) received for wlan0
D/wpa_supplicant(20436): wlan0: nl80211: Scan trigger
D/wpa_supplicant(20436): wlan0: Event SCAN_STARTED (49) received
D/wpa_supplicant(20436): wlan0: Own scan request started a scan in 0.001277 seconds
D/wpa_supplicant(20436): CTRL_IFACE monitor sent successfully to /data/misc/wifi/sockets/wpa_ctrl_815-21\x00
D/StatusBar.NetworkController( 2536): hasService: mServiceState=1 1 home null null null  Unknown Unknown CSS not supported -1 -1 RoamInd=-1 DefRoamInd=-1 EmergOnly=true retVal=false
D/StatusBar.NetworkController( 2536): refreshViews: Data not connected!! Set no data type icon / Roaming
D/StatusBar.NetworkController( 2536): refreshViews connected={ wifi } level=3 combinedSignalIconId=0x7f020368/com.android.systemui:drawable/stat_sys_wifi_signal_4_fully combinedActivityIconId=0x7f02035c mobileLabel=Emergency calls only wifiLabel="WLANGPLXADM" emergencyOnly=true combinedLabel="WLANGPLXADM" mAirplaneMode=false mDataActivity=0 mPhoneSignalIconId=0x7f02034f/com.android.systemui:drawable/stat_sys_signal_null mQSPhoneSignalIconId=0x7f0200bb/com.android.systemui:drawable/ic_qs_signal_no_signal mDataDirectionIconId=0x0/(null) mDataSignalIconId=0x7f02034f/com.android.systemui:drawable/stat_sys_signal_null mDataTypeIconId=0x0/(null) mQSDataTypeIconId=0x0/(null) mNoSimIconId=0x7f02009a/com.android.systemui:drawable/ic_qs_no_sim mWifiIconId=0x7f020368/com.android.systemui:drawable/stat_sys_wifi_signal_4_fully mQSWifiIconId=0x7f0200cb/com.android.systemui:drawable/ic_qs_wifi_full_4 mWifiActivityIconId=0x7f02035c/com.android.systemui:drawable/stat_sys_wifi_in mBluetoothTetherIconId=0x10806b8/android:drawable/stat_sys_tether_bluetooth
D/StatusBar.NetworkController( 2536): refreshSignalCluster - setMobileDataIndicators:  mHasMobileDataFeature = true mPhoneSignalIconId = com.android.systemui:drawable/stat_sys_signal_null mDataSignalIconId = com.android.systemui:drawable/stat_sys_signal_null mMobileActivityIconId = (null) mDataTypeIconId = (null) mNoSimIconId = com.android.systemui:drawable/ic_qs_no_sim
D/StatusBar.NetworkController( 2536): refreshSignalCluster - setMobileDataIndicators:  mHasMobileDataFeature = true mPhoneSignalIconId = com.android.systemui:drawable/stat_sys_signal_null mDataSignalIconId = com.android.systemui:drawable/stat_sys_signal_null mMobileActivityIconId = (null) mDataTypeIconId = (null) mNoSimIconId = com.android.systemui:drawable/ic_qs_no_sim
D/StatusBar.NetworkController( 2536): refreshSignalCluster - setMobileDataIndicators:  mHasMobileDataFeature = true mPhoneSignalIconId = com.android.systemui:drawable/stat_sys_signal_null mDataSignalIconId = com.android.systemui:drawable/stat_sys_signal_null mMobileActivityIconId = (null) mDataTypeIconId = (null) mNoSimIconId = com.android.systemui:drawable/ic_qs_no_sim
D/StatusBar.NetworkController( 2536): changing data overlay icon id to 2130838364
I/SurfaceFlinger(  282): FPS: 2
D/wpa_supplicant(20436): nl80211: Event message available
D/wpa_supplicant(20436): nl80211: Drv Event 34 (NL80211_CMD_NEW_SCAN_RESULTS) received for wlan0
D/wpa_supplicant(20436): wlan0: nl80211: New scan results available
D/wpa_supplicant(20436): nl80211: Scan included frequencies: 2412 2437 2462
D/wpa_supplicant(20436): wlan0: Event SCAN_RESULTS (3) received
D/wpa_supplicant(20436): wlan0: Scan completed in 0.129137 seconds
D/wpa_supplicant(20436): nl80211: Associated on 2412 MHz
D/wpa_supplicant(20436): nl80211: Associated with 70:69:5a:18:a7:a1
D/wpa_supplicant(20436): nl80211: Received scan results (10 BSSes)
D/wpa_supplicant(20436): nl80211: Scan results indicate BSS status with 70:69:5a:18:a7:a1 as associated
D/wpa_supplicant(20436): wlan0: BSS: Start scan result update 86
D/wpa_supplicant(20436): BSS: last_scan_res_used=10/32
D/wpa_supplicant(20436): wlan0: Scan-only results received
D/wpa_supplicant(20436): CTRL_IFACE monitor sent successfully to /data/misc/wifi/sockets/wpa_ctrl_815-21\x00
D/wpa_supplicant(20436): wlan0: Radio work 'scan'@0xb88a2680 done in 0.137252 seconds
I/WifiHAL (  815): Poll result = 1
I/WifiHAL (  815): Found some events!!!
D/WifiHAL (  815): no_seq_check received
I/WifiHAL (  815): event received NL80211_CMD_NEW_SCAN_RESULTS
I/WifiHAL (  815): event received NL80211_CMD_NEW_SCAN_RESULTS, vendor_id = 0x0
I/WifiHAL (  815): event ignored!!
D/wpa_supplicant(20436): wlan0: Control interface command 'BSS RANGE=0- MASK=0x21987'
D/wpa_supplicant(20436): wlan0: Control interface command 'STATUS-NO_EVENTS'
I/System.out(24244): call findFirstX509TrustManager! keyProvider=null
D/wpa_supplicant(20436): wlan0: Control interface command 'SIGNAL_POLL'
E/VM_BMS  (24460): Unable to open BMS device
E/VM_BMS  (24460): Unable to intialize BMS parameters
I/SurfaceFlinger(  282): FPS: 2
I/adbd    (  396): type=1400 audit(0.0:3108): avc: denied { search } for name="/" dev="mmcblk0p28" ino=2 scontext=u:r:adbd:s0 tcontext=u:object_r:unlabeled:s0 tclass=dir permissive=1
I/adbd    (  396): type=1400 audit(0.0:3109): avc: denied { read } for name="mmcblk0p32" dev="tmpfs" ino=8444 scontext=u:r:adbd:s0 tcontext=u:object_r:block_device:s0 tclass=blk_file permissive=1
I/adbd    (  396): type=1400 audit(0.0:3110): avc: denied { open } for path="/dev/block/mmcblk0p32" dev="tmpfs" ino=8444 scontext=u:r:adbd:s0 tcontext=u:object_r:block_device:s0 tclass=blk_file permissive=1
D/adb_service(  396): service to fd with shell:export ANDROID_LOG_TAGS="''"; exec logcat
I/System.out(24244): call findFirstX509TrustManager! keyProvider=null
D/wpa_supplicant(20436): wlan0: Control interface command 'SIGNAL_POLL'
D/HeadsetStateMachine( 4924): Disconnected process message: 10, size: 0
I/PowerUI ( 2536): mBatteryHealth = 1
I/SurfaceFlinger(  282): FPS: 1
