I/ReactNativeJS(24244): respondendo
V/DTEFMobile(24244): setRespostaRecebida
V/DTEFMobile(24244): setRespostaRecebida = true
I/System.out(24244): setRespostaRecebida = true
V/DTEFMobile(24244): aguardaRecebeResposta = resultado = 0
V/DTEFMobile(24244): aguardaRecebeResposta = stringRetorno = 
V/DTEFMobile(24244): aguardaRecebeResposta = intRetorno = 0
D/SEMagcardService( 2607): track msg received:476, random len:16, data len:456
D/dataacq_service( 2511): RECV CMD:04
V/dataacq_service( 2511): 190430160526
I/!MCSER! ( 2704): MAGCARD_CALLBACK | card striped!
I/!MCSER! ( 2704): MAGCARD_CALLBACK | @client[br.com.linx.dtefmobilereactnative] | magcard track flag :0
I/!MCSER! ( 2704): MAGCARD_CALLBACK | @client[br.com.linx.dtefmobilereactnative] | magcard track flag :0
I/!MCSER! ( 2704): MAGCARD_CALLBACK | @client[br.com.linx.dtefmobilereactnative] | magcard track flag :1
I/!MCSER! ( 2704): @ CLIENT | brought to top [EVENT_MAG_CARD_ON_SEARCH]
D/!MCSER! ( 2704): SENDER | @client[br.com.linx.dtefmobilereactnative] final event, remove invocation :EVENT_MAG_CARD_ON_SEARCH
D/!MCSER! ( 2704): removeInvocation | vector.size:4
D/!MCSER! ( 2704): removeInvocation | @client[br.com.linx.dtefmobilereactnative] | remove [EVENT_MAG_CARD_ON_SEARCH] invocation
D/!MCSER! ( 2704): removeInvocation | current invocation size:3
D/!MCSER! ( 2704): m_iErrCode:[0]TRK 0 FLAG 1 / 0 R false
I/System.out(24244): call findFirstX509TrustManager! keyProvider=null
D/!MCSER! ( 2704): m_iErrCode:[0]TRK 1 FLAG 1 / 0 R false
D/!MCSER! ( 2704): m_iErrCode:[0]TRK 2 FLAG 0 / 0 R false
D/ObserverBinder( 6872): onTransact | code :0x2
I/ObserverBinder( 6872): ------------------RECEIVED-----------[2] callingPid=2704
I/ObserverBinder( 6872): # [MC EVENT] -> EVENT_MAG_CARD_ON_SEARCH
I/ObserverBinder( 6872): ------------------LISTENER IS OK--------------
I/ObserverBinder( 6872): ------------------LISTENER done--------------
D/ClientManager( 6872): uninstallListeners | appName: br.com.linx.dtefmobilereactnative, eventId: EVENT_MAG_CARD_ON_SEARCH
D/ClientManager( 6872): uninstallListeners | appName: br.com.linx.dtefmobilereactnative, eventId: EVENT_INSERT_CARD_ON_SEARCH
D/MasterController( 6872): ## request | appName: br.com.linx.dtefmobilereactnative, REQ: INSERTCARD_STOP_SEARCH
D/MasterController( 6872): ## request | ipcInvokeDirectly: false
D/!MCSER! ( 2704): @client[br.com.linx.dtefmobilereactnative] | eptapi received|event :EVENT_MAG_CARD_ON_SEARCH|transactRet :[0]
I/!MCSER! ( 2704): TRANSACT | receive transaction code :4
I/!MCSER! ( 2704): MAGCARD_CALLBACK | @client[br.com.linx.dtefmobilereactnative] | send magcard info event to eptapi
I/!MCSER! ( 2704): ================ ON REQUEST =================
D/!MCSER! ( 2704): UActionCenter::(!defined IS_C10) || (!defined IS_C9)
I/!MCSER! ( 2704): REQUEST | @client[br.com.linx.dtefmobilereactnative] |  action code is:0x302 will invoke TXN_INSERTCARD_STOP_SEARCH
D/!MCSER! ( 2704): getClientPidAndUid  pid is :24244 |uid is :10059
D/!MCSER! ( 2704): REQUEST | @client[br.com.linx.dtefmobilereactnative] |  pid:24244|uid:10059|tid:6893
D/!MCSER! ( 2704): @client[br.com.linx.dtefmobilereactnative] is exist
D/!MCSER! ( 2704): ICC0 | @client[br.com.linx.dtefmobilereactnative] | is opened ? true
D/!MCSER! ( 2704): isTopListenerEnable:true
D/!MCSER! ( 2704): client:br.com.linx.dtefmobilereactnative, isService:false, isInForeground:true, displayId:0
D/!MCSER! ( 2704): BITMAP | ICCardDevice | EA_ucICStopCardIn| bitmap:0
D/!MCSER! ( 2704): UClientManager::loginedClientNum  mClients.size()1
D/!MCSER! ( 2704): UClientManager::client name is br.com.linx.dtefmobilereactnative
I/ICCARD  ( 2704): ucICStopCardIn...
I/ICCARD  ( 2704): 
I/ICCARD  ( 2704): #Enter uchar android::ICCardSystem::ucICStopCardIn(DevHandle, uchar)
I/ICCARD  ( 2704): ICCard client bp calling ucICStartCardIn...
I/ICCARD  ( 2606): ICCard server bn onTransact...
I/ICCARD  ( 2606): ICCard server bn STOP_CARD_IN...
D/!MCSER! ( 2704): Duration | EA_ucICStopCardIn | ret:0|736
I/!MCSER! ( 2704): INSERTCARD_READER | [br.com.linx.dtefmobilereactnative] success to stop search iccard |ret:0|handle :83893101
D/!MCSER! ( 2704): removeInvocation | vector.size:3
D/!MCSER! ( 2704): removeInvocation | @client[br.com.linx.dtefmobilereactnative] | remove [EVENT_INSERT_CARD_ON_SEARCH] invocation
D/!MCSER! ( 2704): removeInvocation | current invocation size:2
D/!MCSER! ( 2704): UActionCenter::(!defined IS_C10) || (!defined IS_C9)
D/!MCSER! ( 2704): Duration  | REQUEST | @client[br.com.linx.dtefmobilereactnative] | action:TXN_INSERTCARD_STOP_SEARCH | 2976
D/ClientManager( 6872): uninstallListeners | appName: br.com.linx.dtefmobilereactnative, eventId: EVENT_RFCARD_ON_SEARCH
D/MasterController( 6872): ## request | appName: br.com.linx.dtefmobilereactnative, REQ: RFREADER_STOP_SEARCH
D/MasterController( 6872): ## request | ipcInvokeDirectly: false
I/!MCSER! ( 2704): TRANSACT | receive transaction code :4
I/!MCSER! ( 2704): ================ ON REQUEST =================
D/!MCSER! ( 2704): UActionCenter::(!defined IS_C10) || (!defined IS_C9)
I/!MCSER! ( 2704): REQUEST | @client[br.com.linx.dtefmobilereactnative] |  action code is:0x202 will invoke TXN_RFREADER_STOP_SEARCH_CARD
D/!MCSER! ( 2704): getClientPidAndUid  pid is :24244 |uid is :10059
D/!MCSER! ( 2704): REQUEST | @client[br.com.linx.dtefmobilereactnative] |  pid:24244|uid:10059|tid:2704
D/!MCSER! ( 2704): @client[br.com.linx.dtefmobilereactnative] is exist
D/!MCSER! ( 2704): UBaseRFCardAction::getReader | deviceName:USERCARD
D/!MCSER! ( 2704): RF0 | @client[br.com.linx.dtefmobilereactnative] | is opened ? true
D/!MCSER! ( 2704): RFCARD_READER | @client[br.com.linx.dtefmobilereactnative] | set devHandle state to IDEL, devHandle:100701309
D/!MCSER! ( 2704): VRFActivedDevHandleManager | decrement | activedDevHandleNum:0
D/!MCSER! ( 2704): ----------getCurrentActivedNum-------- :0
D/!MCSER! ( 2704): RFCARD_READER | @client[br.com.linx.dtefmobilereactnative] | close mifs!!!
I/!MCSER! ( 2704): LIBRARY | load library, isLoad = true
I/!MCSER! ( 2704): LIBRARY | load library, path = libRFcard.so
E/RFCARD  ( 2608): WARN:the device has always pending by event 1
E/RFCARD  ( 2608): this devices has move from rfcard service 600947d
D/!MCSER! ( 2704): Duration | EA_ucCloseRFCardDevice | ret:0|35456
D/!MCSER! ( 2704): removeDeviceInvocations | current invocations size:2
D/!MCSER! ( 2704): removeDeviceInvocations | @client[br.com.linx.dtefmobilereactnative] | remove [EVENT_RFCARD_ON_SEARCH] invocation
D/!MCSER! ( 2704): removeDeviceInvocations | current invocations size:1
D/!MCSER! ( 2704): RFCARD_READER | [br.com.linx.dtefmobilereactnative] close success, devHandle:100701309
D/!MCSER! ( 2704): UActionCenter::(!defined IS_C10) || (!defined IS_C9)
D/!MCSER! ( 2704): Duration  | REQUEST | @client[br.com.linx.dtefmobilereactnative] | action:TXN_RFREADER_STOP_SEARCH_CARD | 37152
D/[EMVEngine]( 6872): [USDK]=> onCardSwiped | trackInfo = {  TRACK1 : C4551820000009478^  ^101250165579        00912000000, TRACK2 : 4551820000009478=10125016557991200000, TRACK3 : , PAN : 4551820000009478, SERVICE_CODE : 501, EXPIRED_DATE : 1012}
D/DTEFMobilePinpad(24244): ResultCode=0 GetCardOutput=[342]
D/DTEFMobilePinpad(24244): IP_PPGetCard(1):Output=[00000000052C4551820000009478^  ^101250165579        00912000000                        374551820000009478=10125016557991200000000                                                                                                        00                   00                000                          00000000                   00000000000000]
D/[Led]   ( 6872): [USDK]/// turnOff | led = 1
D/MasterController( 6872): ## request | appName: br.com.linx.dtefmobilereactnative, REQ: RFREADER_LED_CTL
D/MasterController( 6872): ## request | ipcInvokeDirectly: false
I/!MCSER! ( 2704): TRANSACT | receive transaction code :4
I/!MCSER! ( 2704): ================ ON REQUEST =================
D/!MCSER! ( 2704): UActionCenter::(!defined IS_C10) || (!defined IS_C9)
I/!MCSER! ( 2704): REQUEST | @client[br.com.linx.dtefmobilereactnative] |  action code is:0x20e will invoke TXN_RFREADER_LED_CTL
D/!MCSER! ( 2704): getClientPidAndUid  pid is :24244 |uid is :10059
D/!MCSER! ( 2704): REQUEST | @client[br.com.linx.dtefmobilereactnative] |  pid:24244|uid:10059|tid:2847
D/!MCSER! ( 2704): @client[br.com.linx.dtefmobilereactnative] is exist
D/!MCSER! ( 2704): UBaseRFCardAction::getReader | deviceName:USERCARD
D/!MCSER! ( 2704): RF0 | @client[br.com.linx.dtefmobilereactnative] | is opened ? false
D/!MCSER! ( 2704): RF0 | @client[br.com.linx.dtefmobilereactnative] | is opened ? false
D/!MCSER! ( 2704): domain_version:1.0.0           
W/!MCSER! ( 2704): PERMISSION | mc permission file not found, use domain check state:ENABLE
D/!MCSER! ( 2704): UAndroidClient::getPermissionName  enter
D/!MCSER! ( 2704): UAndroidClient::getAppPackagePath   enter:
D/!MCSER! ( 2704): UAndroidClient::getAppPackagePath path:/data/app/br.com.linx.dtefmobilereactnative-1/base.apk is exist
I/!MCSER! ( 2704): LIBRARY | load library, isLoad = true
I/!MCSER! ( 2704): LIBRARY | load library, path = libfam.so
I/libfam  ( 2704): lpd from apk path:/data/app/br.com.linx.dtefmobilereactnative-1/base.apk
I/libfam  ( 2704): current file is a signed_file_in_fmt_v3
E/libfam  ( 2704): [Line] : 12502; [Func] : EA_ucGetLpdFromSignApk; not support sign file, or has not lpd!
E/libfam  ( 2704): [Line] : 12540; [Func] : EA_ucGetLpdFromSignApk; pcFilePath=/data/app/br.com.linx.dtefmobilereactnative-1/base.apk, ucRet=0x10
D/!MCSER! ( 2704): VSignedApkInfo:: getSignedApkInfo DYNAMIC_INVOKE_C EA_ucGetLpdFromSignApk  ucRet:0x10|uiSignType :0|uiLpdBufLen :0aucLpdBuf:0xb5e85624
D/!MCSER! ( 2704): VSignedApkInfo:: getSignedApkInfo  aucLpdBuf(hex)
I/!MCSER! ( 2704):  permission [com.landi.rfcard.perm.NORMAL_FUNC] has granted!
D/!MCSER! ( 2704): isTopListenerEnable:true
D/!MCSER! ( 2704): client:br.com.linx.dtefmobilereactnative, isService:false, isInForeground:true, displayId:0
D/!MCSER! ( 2704): BITMAP | RFCardDevice | EA_ucOpenRFCardDevice| bitmap:0
D/!MCSER! ( 2704): BITMAP | RFCardDevice | EA_vSetHandleMIFCallback| bitmap:0
D/!MCSER! ( 2704): UClientManager::loginedClientNum  mClients.size()1
D/!MCSER! ( 2704): UClientManager::client name is br.com.linx.dtefmobilereactnative
D/!MCSER! ( 2704): RFCARD_READER | @client[br.com.linx.dtefmobilereactnative] | d->mDevName :USERCARD
D/!MCSER! ( 2704): RFCARD_READER | @client[br.com.linx.dtefmobilereactnative] | open with devName :RFCARD
D/!MCSER! ( 2704): Duration | EA_ucOpenRFCardDevice | ret:0|28480
D/!MCSER! ( 2704): ----------getCurrentActivedNum-------- :0
I/!MCSER! ( 2704): LIBRARY | load library, isLoad = true
I/!MCSER! ( 2704): LIBRARY | load library, path = libRFcard.so
D/!MCSER! ( 2704): RFCARD_READER | @client[br.com.linx.dtefmobilereactnative] | open | actived rfcard handle num = 0, close mifs, ret:0
D/!MCSER! ( 2704): RFCARD_READER | @client[br.com.linx.dtefmobilereactnative] | open | rfcard devHandle100702562, state:IDEL
D/!MCSER! ( 2704): RFCARD_READER | @client[br.com.linx.dtefmobilereactnative] | success to open device, devHandle :100702562
I/!MCSER! ( 2704): LIBRARY | load library, isLoad = true
I/!MCSER! ( 2704): LIBRARY | load library, path = libRFcard.so
D/!MCSER! ( 2704): isTopListenerEnable:true
D/!MCSER! ( 2704): client:br.com.linx.dtefmobilereactnative, isService:false, isInForeground:true, displayId:0
D/!MCSER! ( 2704): BITMAP | RFCardDevice | EA_ucSetRFCardLedOff| bitmap:0x1
D/!MCSER! ( 2704): UClientManager::loginedClientNum  mClients.size()1
D/!MCSER! ( 2704): UClientManager::client name is br.com.linx.dtefmobilereactnative
D/!MCSER! ( 2704): URFCardReader | turnOffLed | getRealDevHandle() = 100702562|id:1
D/!MCSER! ( 2704): Duration | EA_ucSetRFCardLedOff | ret:0|2208
D/!MCSER! ( 2704): RF0 | @client[br.com.linx.dtefmobilereactnative] | is opened ? true
V/DTEFMobile(24244): operacaoCancelada
V/DTEFMobile(24244): setRespostaRecebida = false
V/DTEFMobile(24244): aguardaRecebeResposta - operacaoCancelada inicio bRespostaRecebida = false
I/ReactNativeJS(24244): { function: 'operacaoCancelada', action: 'InputCallback' }
I/ReactNativeJS(24244): respondendo
D/!MCSER! ( 2704): Duration | EA_ucCloseRFCardDevice | ret:0|4768
D/!MCSER! ( 2704): removeDeviceInvocations | current invocations size:1
D/!MCSER! ( 2704): removeDeviceInvocations | current invocations size:1
D/!MCSER! ( 2704): RFCARD_READER | [br.com.linx.dtefmobilereactnative] close success, devHandle:100702562
V/DTEFMobile(24244): setRespostaRecebida
D/!MCSER! ( 2704): URFCardLedControlAction | execute | ret = 0|control:0|ledId:1
D/!MCSER! ( 2704): UActionCenter::(!defined IS_C10) || (!defined IS_C9)
D/!MCSER! ( 2704): Duration  | REQUEST | @client[br.com.linx.dtefmobilereactnative] | action:TXN_RFREADER_LED_CTL | 46752
V/DTEFMobile(24244): setRespostaRecebida = true
I/System.out(24244): setRespostaRecebida = true
V/[EMVEngine]( 6872): [USDK]------- halt -------
D/MasterController( 6872): ## request | appName: br.com.linx.dtefmobilereactnative, REQ: RFREADER_STOP_SEARCH
D/MasterController( 6872): ## request | ipcInvokeDirectly: false
I/!MCSER! ( 2704): TRANSACT | receive transaction code :4
I/!MCSER! ( 2704): ================ ON REQUEST =================
D/!MCSER! ( 2704): UActionCenter::(!defined IS_C10) || (!defined IS_C9)
I/!MCSER! ( 2704): REQUEST | @client[br.com.linx.dtefmobilereactnative] |  action code is:0x202 will invoke TXN_RFREADER_STOP_SEARCH_CARD
D/!MCSER! ( 2704): getClientPidAndUid  pid is :24244 |uid is :10059
D/!MCSER! ( 2704): REQUEST | @client[br.com.linx.dtefmobilereactnative] |  pid:24244|uid:10059|tid:15738
D/!MCSER! ( 2704): @client[br.com.linx.dtefmobilereactnative] is exist
D/!MCSER! ( 2704): UBaseRFCardAction::getReader | deviceName:USERCARD
D/!MCSER! ( 2704): RF0 | @client[br.com.linx.dtefmobilereactnative] | is opened ? false
D/!MCSER! ( 2704): UActionCenter::(!defined IS_C10) || (!defined IS_C9)
D/!MCSER! ( 2704): Duration  | REQUEST | @client[br.com.linx.dtefmobilereactnative] | action:TXN_RFREADER_STOP_SEARCH_CARD | 1088
V/[EMVEngine]( 6872): [USDK]--------- stopEMV ---------
D/MasterController( 6872): ## request | appName: br.com.linx.dtefmobilereactnative, REQ: EMVL2_PROCESS_DO_INTERFACE
D/MasterController( 6872): ## request | ipcInvokeDirectly: false
I/!MCSER! ( 2704): TRANSACT | receive transaction code :4
I/!MCSER! ( 2704): ================ ON REQUEST =================
D/!MCSER! ( 2704): UActionCenter::(!defined IS_C10) || (!defined IS_C9)
I/!MCSER! ( 2704): REQUEST | @client[br.com.linx.dtefmobilereactnative] |  action code is:0xff0003 will invoke TXN_EMVL2_PROCESS
D/!MCSER! ( 2704): getClientPidAndUid  pid is :24244 |uid is :10059
D/!MCSER! ( 2704): REQUEST | @client[br.com.linx.dtefmobilereactnative] |  pid:24244|uid:10059|tid:6891
D/!MCSER! ( 2704): @client[br.com.linx.dtefmobilereactnative] is exist
D/!MCSER! ( 2704): EMVL2 Pr | [br.com.linx.dtefmobilereactnative] exec action is:EMVL2_SIGNALINTLV
D/!MCSER! ( 2704): EMVL2 Pr | [br.com.linx.dtefmobilereactnative] reader == NULL
I/MCEMV   ( 2704): [MID]: * OID: b80579b8!!!
I/MCEMV   ( 2704): [MID]: * SG: STOP !!!
I/MCEMV   ( 2704): [MID]: ! Transaction Terminated!
I/MCEMV   ( 2704): [MID]: >>>:b809dfb8
I/MCEMV   ( 2704): [PUR]:
D/!MCSER! ( 2704): Duration | EMV_Kern_uiSignalInTLV | ret:0|256
I/MCEMV   ( 2704): [PUR]: # PURE_vInitTagList--------
I/MCEMV   ( 2704): [PUR]: * Clear TagList Flag: 1[1-after trans; 2-start trans]!
D/!MCSER! ( 2704): UActionCenter::(!defined IS_C10) || (!defined IS_C9)
I/MCEMV   ( 2704): [MID]: ! EMV STOP!
D/!MCSER! ( 2704): Duration  | REQUEST | @client[br.com.linx.dtefmobilereactnative] | action:TXN_EMVL2_PROCESS | 1312
I/MCEMV   ( 2704): [MID]: # EXEP_vEndProcess[STOP]:
I/!MCSER! ( 2704): EMVL2 Pr | SignalInTLV |  stop  | tlv size = 0 |  ret = 0
I/!MCSER! ( 2704): @ EMVL2 Pr | EXEP_vEndProcess | ret = 0xee07
I/!MCSER! ( 2704): @ EMVL2 Pr | EXEP_vEndProcess | event.id = 1538, is final:true
D/!MCSER! ( 2704): UEMVL2ProcessHelper::EXEP_vEndProcess()
D/!MCSER! ( 2704): SENDER | @client[br.com.linx.dtefmobilereactnative] final event, remove invocation :EVENT_EMV_PROCESS_ON_RESPONSE
D/!MCSER! ( 2704): removeInvocation | vector.size:1
D/EmvRequestExecutor( 6872): # execute[16711683 | 24 ] | ret: 0
D/!MCSER! ( 2704): removeInvocation | @client[br.com.linx.dtefmobilereactnative] | remove [EVENT_EMV_PROCESS_ON_RESPONSE] invocation
D/[EMVEngine]( 6872): [USDK]>> stop kernel success
D/!MCSER! ( 2704): removeInvocation | current invocation size:0
D/ObserverBinder( 6872): onTransact | code :0x2
I/ObserverBinder( 6872): ------------------RECEIVED-----------[2] callingPid=2704
I/ObserverBinder( 6872): # [MC EVENT] -> EVENT_EMV_PROCESS_ON_RESPONSE
I/ObserverBinder( 6872): ------------------LISTENER IS OK--------------
D/EMVL2Process( 6872): -------------------emv proc listen[EV_END_PROCESS] ---------------
D/[EMVEngine]( 6872): [USDK]-----------------onEndProcess------------------
D/[EMVEngine]( 6872): [USDK]///  synchronized...
D/[EMVEngine]( 6872): [USDK]signalEvent | thread_name = Binder_2
I/ObserverBinder( 6872): ------------------LISTENER done--------------
I/[EMVEngine]( 6872): [USDK]=> onEndProcessEvent(EMV_RESULT_STOP[0xEE07])
D/!MCSER! ( 2704): @client[br.com.linx.dtefmobilereactnative] | eptapi received|event :EVENT_EMV_PROCESS_ON_RESPONSE|transactRet :[0]
I/MCEMV   ( 2704): [MID]: ! EMV End!
I/MCEMV   ( 2704): [MID]: * Destory lock [dead10cc]!
I/MCEMV   ( 2704): [MID]: # Destory cond [deadc04d]!
I/MCEMV   ( 2704): [MID]:
I/MCEMV   ( 2704): [MID]: !!!!!!!! EMV thread is over, TID:b809dfb8 !!!!!!!!
I/MCEMV   ( 2704): 
W/System.err(24244): [Binder_2] ERROR APOSCardController - EMVEventHandler.onEndProcess: ee07
V/[EMVEngine]( 6872): [USDK]------- getTLV(tag = DF91810F) -------
D/MasterController( 6872): ## request | appName: br.com.linx.dtefmobilereactnative, REQ: EMVL2_PROCESS_DO_INTERFACE
D/MasterController( 6872): ## request | ipcInvokeDirectly: false
I/!MCSER! ( 2704): TRANSACT | receive transaction code :4
I/!MCSER! ( 2704): ================ ON REQUEST =================
D/!MCSER! ( 2704): UActionCenter::(!defined IS_C10) || (!defined IS_C9)
I/!MCSER! ( 2704): REQUEST | @client[br.com.linx.dtefmobilereactnative] |  action code is:0xff0003 will invoke TXN_EMVL2_PROCESS
D/!MCSER! ( 2704): getClientPidAndUid  pid is :24244 |uid is :10059
D/!MCSER! ( 2704): REQUEST | @client[br.com.linx.dtefmobilereactnative] |  pid:24244|uid:10059|tid:6893
D/!MCSER! ( 2704): @client[br.com.linx.dtefmobilereactnative] is exist
D/!MCSER! ( 2704): EMVL2 Pr | [br.com.linx.dtefmobilereactnative] exec action is:EMVL2_GETTLV
D/!MCSER! ( 2704): EMVL2 Pr | [br.com.linx.dtefmobilereactnative] reader == NULL
V/DTEFMobile(24244): aguardaRecebeResposta = resultado = 0
V/DTEFMobile(24244): aguardaRecebeResposta = stringRetorno = 
I/MCEMV   ( 2704): [MID]: * OID: b80579b8!!!
I/MCEMV   ( 2704): [MID]: * Tag[4]:DF 91 81 0F 
V/DTEFMobile(24244): aguardaRecebeResposta = intRetorno = 0
I/MCEMV   ( 2704): [MID]: ! EMV_uiGetTLV: KernelID is error ![0]
D/DTEFMobilePinpad(24244): IP_PPGetCard: iRes=0
I/MCEMV   ( 2704): [EMV]: < DF91810F: Without value !
D/IP_PPGetCard(24244): jiRetorno=0
D/IP_PPGetCard(24244): jiTam=[999]
D/!MCSER! ( 2704): Duration | EMV_Kern_uiGetTLV | ret:25|320
D/IP_PPGetCard(24244): jiTamNotify=[36]
D/IP_PPGetCard(24244): Fim
D/!MCSER! ( 2704): UActionCenter::(!defined IS_C10) || (!defined IS_C9)
D/!MCSER! ( 2704): Duration  | REQUEST | @client[br.com.linx.dtefmobilereactnative] | action:TXN_EMVL2_PROCESS | 1344
I/!MCSER! ( 2704): EMVL2 Pr | GetTLV | ret = 0x19
D/pDisplayTerminal(24244): pMensagem1=[PROCESSANDO ...]
D/pDisplayTerminal(24244): pMensagem2=[PROCESSANDO ...]
V/DTEFMobile(24244): displayTerminalPROCESSANDO ...
V/DTEFMobile(24244): setRespostaRecebida = false
V/DTEFMobile(24244): aguardaRecebeResposta - displayTerminal inicio bRespostaRecebida = false
D/EmvRequestExecutor( 6872): # execute[16711683 | 20 ] | ret: 25
D/[Led]   ( 6872): [USDK]/// turnOff | led = 1
I/ReactNativeJS(24244): { mensagem: 'PROCESSANDO ...',
I/ReactNativeJS(24244):   function: 'displayTerminal',
I/ReactNativeJS(24244):   action: 'InputCallback' }
D/MasterController( 6872): ## request | appName: br.com.linx.dtefmobilereactnative, REQ: RFREADER_LED_CTL
D/MasterController( 6872): ## request | ipcInvokeDirectly: false
I/ReactNativeJS(24244): respondendo
I/!MCSER! ( 2704): TRANSACT | receive transaction code :4
I/!MCSER! ( 2704): ================ ON REQUEST =================
D/!MCSER! ( 2704): UActionCenter::(!defined IS_C10) || (!defined IS_C9)
I/!MCSER! ( 2704): REQUEST | @client[br.com.linx.dtefmobilereactnative] |  action code is:0x20e will invoke TXN_RFREADER_LED_CTL
D/!MCSER! ( 2704): getClientPidAndUid  pid is :24244 |uid is :10059
D/!MCSER! ( 2704): REQUEST | @client[br.com.linx.dtefmobilereactnative] |  pid:24244|uid:10059|tid:2704
D/!MCSER! ( 2704): @client[br.com.linx.dtefmobilereactnative] is exist
D/!MCSER! ( 2704): UBaseRFCardAction::getReader | deviceName:USERCARD
D/!MCSER! ( 2704): RF0 | @client[br.com.linx.dtefmobilereactnative] | is opened ? false
D/!MCSER! ( 2704): RF0 | @client[br.com.linx.dtefmobilereactnative] | is opened ? false
D/!MCSER! ( 2704): domain_version:1.0.0           
W/!MCSER! ( 2704): PERMISSION | mc permission file not found, use domain check state:ENABLE
D/!MCSER! ( 2704): UAndroidClient::getPermissionName  enter
D/!MCSER! ( 2704): UAndroidClient::getAppPackagePath   enter:
D/!MCSER! ( 2704): UAndroidClient::getAppPackagePath path:/data/app/br.com.linx.dtefmobilereactnative-1/base.apk is exist
I/!MCSER! ( 2704): LIBRARY | load library, isLoad = true
I/!MCSER! ( 2704): LIBRARY | load library, path = libfam.so
I/libfam  ( 2704): lpd from apk path:/data/app/br.com.linx.dtefmobilereactnative-1/base.apk
I/libfam  ( 2704): current file is a signed_file_in_fmt_v3
E/libfam  ( 2704): [Line] : 12502; [Func] : EA_ucGetLpdFromSignApk; not support sign file, or has not lpd!
E/libfam  ( 2704): [Line] : 12540; [Func] : EA_ucGetLpdFromSignApk; pcFilePath=/data/app/br.com.linx.dtefmobilereactnative-1/base.apk, ucRet=0x10
D/!MCSER! ( 2704): VSignedApkInfo:: getSignedApkInfo DYNAMIC_INVOKE_C EA_ucGetLpdFromSignApk  ucRet:0x10|uiSignType :0|uiLpdBufLen :0aucLpdBuf:0xbe9d3f24
D/!MCSER! ( 2704): VSignedApkInfo:: getSignedApkInfo  aucLpdBuf(hex)
I/!MCSER! ( 2704):  permission [com.landi.rfcard.perm.NORMAL_FUNC] has granted!
D/!MCSER! ( 2704): isTopListenerEnable:true
D/!MCSER! ( 2704): client:br.com.linx.dtefmobilereactnative, isService:false, isInForeground:true, displayId:0
D/!MCSER! ( 2704): BITMAP | RFCardDevice | EA_ucOpenRFCardDevice| bitmap:0
D/!MCSER! ( 2704): BITMAP | RFCardDevice | EA_vSetHandleMIFCallback| bitmap:0
D/!MCSER! ( 2704): UClientManager::loginedClientNum  mClients.size()1
D/!MCSER! ( 2704): UClientManager::client name is br.com.linx.dtefmobilereactnative
D/!MCSER! ( 2704): RFCARD_READER | @client[br.com.linx.dtefmobilereactnative] | d->mDevName :USERCARD
D/!MCSER! ( 2704): RFCARD_READER | @client[br.com.linx.dtefmobilereactnative] | open with devName :RFCARD
D/!MCSER! ( 2704): Duration | EA_ucOpenRFCardDevice | ret:0|29728
D/!MCSER! ( 2704): ----------getCurrentActivedNum-------- :0
I/!MCSER! ( 2704): LIBRARY | load library, isLoad = true
I/!MCSER! ( 2704): LIBRARY | load library, path = libRFcard.so
V/DTEFMobile(24244): setRespostaRecebida
V/DTEFMobile(24244): setRespostaRecebida = true
I/System.out(24244): setRespostaRecebida = true
V/DTEFMobile(24244): aguardaRecebeResposta = resultado = 0
V/DTEFMobile(24244): aguardaRecebeResposta = stringRetorno = 
V/DTEFMobile(24244): aguardaRecebeResposta = intRetorno = 0
D/!MCSER! ( 2704): RFCARD_READER | @client[br.com.linx.dtefmobilereactnative] | open | actived rfcard handle num = 0, close mifs, ret:0
D/!MCSER! ( 2704): RFCARD_READER | @client[br.com.linx.dtefmobilereactnative] | open | rfcard devHandle100706369, state:IDEL
D/!MCSER! ( 2704): RFCARD_READER | @client[br.com.linx.dtefmobilereactnative] | success to open device, devHandle :100706369
I/!MCSER! ( 2704): LIBRARY | load library, isLoad = true
I/!MCSER! ( 2704): LIBRARY | load library, path = libRFcard.so
D/!MCSER! ( 2704): isTopListenerEnable:true
D/!MCSER! ( 2704): client:br.com.linx.dtefmobilereactnative, isService:false, isInForeground:true, displayId:0
D/!MCSER! ( 2704): BITMAP | RFCardDevice | EA_ucSetRFCardLedOff| bitmap:0x1
D/!MCSER! ( 2704): UClientManager::loginedClientNum  mClients.size()1
D/!MCSER! ( 2704): UClientManager::client name is br.com.linx.dtefmobilereactnative
D/!MCSER! ( 2704): URFCardReader | turnOffLed | getRealDevHandle() = 100706369|id:1
D/!MCSER! ( 2704): Duration | EA_ucSetRFCardLedOff | ret:0|2336
D/!MCSER! ( 2704): RF0 | @client[br.com.linx.dtefmobilereactnative] | is opened ? true
D/!MCSER! ( 2704): Duration | EA_ucCloseRFCardDevice | ret:0|4096
D/!MCSER! ( 2704): removeDeviceInvocations | current invocations size:0
D/!MCSER! ( 2704): removeDeviceInvocations | current invocations size:0
D/!MCSER! ( 2704): RFCARD_READER | [br.com.linx.dtefmobilereactnative] close success, devHandle:100706369
D/!MCSER! ( 2704): URFCardLedControlAction | execute | ret = 0|control:0|ledId:1
D/!MCSER! ( 2704): UActionCenter::(!defined IS_C10) || (!defined IS_C9)
D/!MCSER! ( 2704): Duration  | REQUEST | @client[br.com.linx.dtefmobilereactnative] | action:TXN_RFREADER_LED_CTL | 49120
D/SocketReceive(24244): inicio (iTamanho=4)
D/socketReceive_Android_(24244): receive(55) iTamReceive=4
D/[Led]   ( 6872): [USDK]/// turnOff | led = 2
D/MasterController( 6872): ## request | appName: br.com.linx.dtefmobilereactnative, REQ: RFREADER_LED_CTL
D/MasterController( 6872): ## request | ipcInvokeDirectly: false
I/!MCSER! ( 2704): TRANSACT | receive transaction code :4
I/!MCSER! ( 2704): ================ ON REQUEST =================
D/!MCSER! ( 2704): UActionCenter::(!defined IS_C10) || (!defined IS_C9)
I/!MCSER! ( 2704): REQUEST | @client[br.com.linx.dtefmobilereactnative] |  action code is:0x20e will invoke TXN_RFREADER_LED_CTL
D/!MCSER! ( 2704): getClientPidAndUid  pid is :24244 |uid is :10059
D/!MCSER! ( 2704): REQUEST | @client[br.com.linx.dtefmobilereactnative] |  pid:24244|uid:10059|tid:2847
D/!MCSER! ( 2704): @client[br.com.linx.dtefmobilereactnative] is exist
D/!MCSER! ( 2704): UBaseRFCardAction::getReader | deviceName:USERCARD
D/!MCSER! ( 2704): RF0 | @client[br.com.linx.dtefmobilereactnative] | is opened ? false
D/!MCSER! ( 2704): RF0 | @client[br.com.linx.dtefmobilereactnative] | is opened ? false
D/!MCSER! ( 2704): domain_version:1.0.0           
W/!MCSER! ( 2704): PERMISSION | mc permission file not found, use domain check state:ENABLE
D/!MCSER! ( 2704): UAndroidClient::getPermissionName  enter
D/!MCSER! ( 2704): UAndroidClient::getAppPackagePath   enter:
D/!MCSER! ( 2704): UAndroidClient::getAppPackagePath path:/data/app/br.com.linx.dtefmobilereactnative-1/base.apk is exist
I/!MCSER! ( 2704): LIBRARY | load library, isLoad = true
I/!MCSER! ( 2704): LIBRARY | load library, path = libfam.so
I/libfam  ( 2704): lpd from apk path:/data/app/br.com.linx.dtefmobilereactnative-1/base.apk
I/libfam  ( 2704): current file is a signed_file_in_fmt_v3
E/libfam  ( 2704): [Line] : 12502; [Func] : EA_ucGetLpdFromSignApk; not support sign file, or has not lpd!
E/libfam  ( 2704): [Line] : 12540; [Func] : EA_ucGetLpdFromSignApk; pcFilePath=/data/app/br.com.linx.dtefmobilereactnative-1/base.apk, ucRet=0x10
D/!MCSER! ( 2704): VSignedApkInfo:: getSignedApkInfo DYNAMIC_INVOKE_C EA_ucGetLpdFromSignApk  ucRet:0x10|uiSignType :0|uiLpdBufLen :0aucLpdBuf:0xb5e85624
D/!MCSER! ( 2704): VSignedApkInfo:: getSignedApkInfo  aucLpdBuf(hex)
I/!MCSER! ( 2704):  permission [com.landi.rfcard.perm.NORMAL_FUNC] has granted!
D/!MCSER! ( 2704): isTopListenerEnable:true
D/!MCSER! ( 2704): client:br.com.linx.dtefmobilereactnative, isService:false, isInForeground:true, displayId:0
D/!MCSER! ( 2704): BITMAP | RFCardDevice | EA_ucOpenRFCardDevice| bitmap:0
D/!MCSER! ( 2704): BITMAP | RFCardDevice | EA_vSetHandleMIFCallback| bitmap:0
D/!MCSER! ( 2704): UClientManager::loginedClientNum  mClients.size()1
D/!MCSER! ( 2704): UClientManager::client name is br.com.linx.dtefmobilereactnative
D/!MCSER! ( 2704): RFCARD_READER | @client[br.com.linx.dtefmobilereactnative] | d->mDevName :USERCARD
D/!MCSER! ( 2704): RFCARD_READER | @client[br.com.linx.dtefmobilereactnative] | open with devName :RFCARD
I/SurfaceFlinger(  282): FPS: 17
D/!MCSER! ( 2704): Duration | EA_ucOpenRFCardDevice | ret:0|28608
D/!MCSER! ( 2704): ----------getCurrentActivedNum-------- :0
I/!MCSER! ( 2704): LIBRARY | load library, isLoad = true
I/!MCSER! ( 2704): LIBRARY | load library, path = libRFcard.so
D/!MCSER! ( 2704): RFCARD_READER | @client[br.com.linx.dtefmobilereactnative] | open | actived rfcard handle num = 0, close mifs, ret:0
D/!MCSER! ( 2704): RFCARD_READER | @client[br.com.linx.dtefmobilereactnative] | open | rfcard devHandle100689914, state:IDEL
D/!MCSER! ( 2704): RFCARD_READER | @client[br.com.linx.dtefmobilereactnative] | success to open device, devHandle :100689914
I/!MCSER! ( 2704): LIBRARY | load library, isLoad = true
I/!MCSER! ( 2704): LIBRARY | load library, path = libRFcard.so
D/!MCSER! ( 2704): isTopListenerEnable:true
D/!MCSER! ( 2704): client:br.com.linx.dtefmobilereactnative, isService:false, isInForeground:true, displayId:0
D/!MCSER! ( 2704): BITMAP | RFCardDevice | EA_ucSetRFCardLedOff| bitmap:0x1
D/!MCSER! ( 2704): UClientManager::loginedClientNum  mClients.size()1
D/!MCSER! ( 2704): UClientManager::client name is br.com.linx.dtefmobilereactnative
D/!MCSER! ( 2704): URFCardReader | turnOffLed | getRealDevHandle() = 100689914|id:0
D/!MCSER! ( 2704): Duration | EA_ucSetRFCardLedOff | ret:0|1984
D/!MCSER! ( 2704): RF0 | @client[br.com.linx.dtefmobilereactnative] | is opened ? true
D/!MCSER! ( 2704): Duration | EA_ucCloseRFCardDevice | ret:0|3264
D/!MCSER! ( 2704): removeDeviceInvocations | current invocations size:0
D/!MCSER! ( 2704): removeDeviceInvocations | current invocations size:0
D/!MCSER! ( 2704): RFCARD_READER | [br.com.linx.dtefmobilereactnative] close success, devHandle:100689914
D/!MCSER! ( 2704): URFCardLedControlAction | execute | ret = 0|control:0|ledId:0
D/!MCSER! ( 2704): UActionCenter::(!defined IS_C10) || (!defined IS_C9)
D/!MCSER! ( 2704): Duration  | REQUEST | @client[br.com.linx.dtefmobilereactnative] | action:TXN_RFREADER_LED_CTL | 45248
D/[Led]   ( 6872): [USDK]/// turnOff | led = 3
D/MasterController( 6872): ## request | appName: br.com.linx.dtefmobilereactnative, REQ: RFREADER_LED_CTL
D/MasterController( 6872): ## request | ipcInvokeDirectly: false
I/!MCSER! ( 2704): TRANSACT | receive transaction code :4
I/!MCSER! ( 2704): ================ ON REQUEST =================
D/!MCSER! ( 2704): UActionCenter::(!defined IS_C10) || (!defined IS_C9)
I/!MCSER! ( 2704): REQUEST | @client[br.com.linx.dtefmobilereactnative] |  action code is:0x20e will invoke TXN_RFREADER_LED_CTL
D/!MCSER! ( 2704): getClientPidAndUid  pid is :24244 |uid is :10059
D/!MCSER! ( 2704): REQUEST | @client[br.com.linx.dtefmobilereactnative] |  pid:24244|uid:10059|tid:15738
D/!MCSER! ( 2704): @client[br.com.linx.dtefmobilereactnative] is exist
D/!MCSER! ( 2704): UBaseRFCardAction::getReader | deviceName:USERCARD
D/!MCSER! ( 2704): RF0 | @client[br.com.linx.dtefmobilereactnative] | is opened ? false
D/!MCSER! ( 2704): RF0 | @client[br.com.linx.dtefmobilereactnative] | is opened ? false
D/!MCSER! ( 2704): domain_version:1.0.0           
W/!MCSER! ( 2704): PERMISSION | mc permission file not found, use domain check state:ENABLE
D/!MCSER! ( 2704): UAndroidClient::getPermissionName  enter
D/!MCSER! ( 2704): UAndroidClient::getAppPackagePath   enter:
D/!MCSER! ( 2704): UAndroidClient::getAppPackagePath path:/data/app/br.com.linx.dtefmobilereactnative-1/base.apk is exist
I/!MCSER! ( 2704): LIBRARY | load library, isLoad = true
I/!MCSER! ( 2704): LIBRARY | load library, path = libfam.so
I/libfam  ( 2704): lpd from apk path:/data/app/br.com.linx.dtefmobilereactnative-1/base.apk
I/libfam  ( 2704): current file is a signed_file_in_fmt_v3
E/libfam  ( 2704): [Line] : 12502; [Func] : EA_ucGetLpdFromSignApk; not support sign file, or has not lpd!
E/libfam  ( 2704): [Line] : 12540; [Func] : EA_ucGetLpdFromSignApk; pcFilePath=/data/app/br.com.linx.dtefmobilereactnative-1/base.apk, ucRet=0x10
D/!MCSER! ( 2704): VSignedApkInfo:: getSignedApkInfo DYNAMIC_INVOKE_C EA_ucGetLpdFromSignApk  ucRet:0x10|uiSignType :0|uiLpdBufLen :0aucLpdBuf:0xb5c83624
D/!MCSER! ( 2704): VSignedApkInfo:: getSignedApkInfo  aucLpdBuf(hex)
I/!MCSER! ( 2704):  permission [com.landi.rfcard.perm.NORMAL_FUNC] has granted!
D/!MCSER! ( 2704): isTopListenerEnable:true
D/!MCSER! ( 2704): client:br.com.linx.dtefmobilereactnative, isService:false, isInForeground:true, displayId:0
D/!MCSER! ( 2704): BITMAP | RFCardDevice | EA_ucOpenRFCardDevice| bitmap:0
D/!MCSER! ( 2704): BITMAP | RFCardDevice | EA_vSetHandleMIFCallback| bitmap:0
D/!MCSER! ( 2704): UClientManager::loginedClientNum  mClients.size()1
D/!MCSER! ( 2704): UClientManager::client name is br.com.linx.dtefmobilereactnative
D/!MCSER! ( 2704): RFCARD_READER | @client[br.com.linx.dtefmobilereactnative] | d->mDevName :USERCARD
D/!MCSER! ( 2704): RFCARD_READER | @client[br.com.linx.dtefmobilereactnative] | open with devName :RFCARD
D/!MCSER! ( 2704): Duration | EA_ucOpenRFCardDevice | ret:0|28480
D/!MCSER! ( 2704): ----------getCurrentActivedNum-------- :0
I/!MCSER! ( 2704): LIBRARY | load library, isLoad = true
I/!MCSER! ( 2704): LIBRARY | load library, path = libRFcard.so
D/!MCSER! ( 2704): RFCARD_READER | @client[br.com.linx.dtefmobilereactnative] | open | actived rfcard handle num = 0, close mifs, ret:0
D/!MCSER! ( 2704): RFCARD_READER | @client[br.com.linx.dtefmobilereactnative] | open | rfcard devHandle100672937, state:IDEL
D/!MCSER! ( 2704): RFCARD_READER | @client[br.com.linx.dtefmobilereactnative] | success to open device, devHandle :100672937
I/!MCSER! ( 2704): LIBRARY | load library, isLoad = true
I/!MCSER! ( 2704): LIBRARY | load library, path = libRFcard.so
D/!MCSER! ( 2704): isTopListenerEnable:true
D/!MCSER! ( 2704): client:br.com.linx.dtefmobilereactnative, isService:false, isInForeground:true, displayId:0
D/!MCSER! ( 2704): BITMAP | RFCardDevice | EA_ucSetRFCardLedOff| bitmap:0x1
D/!MCSER! ( 2704): UClientManager::loginedClientNum  mClients.size()1
D/!MCSER! ( 2704): UClientManager::client name is br.com.linx.dtefmobilereactnative
D/!MCSER! ( 2704): URFCardReader | turnOffLed | getRealDevHandle() = 100672937|id:2
D/!MCSER! ( 2704): Duration | EA_ucSetRFCardLedOff | ret:0|1952
D/!MCSER! ( 2704): RF0 | @client[br.com.linx.dtefmobilereactnative] | is opened ? true
D/!MCSER! ( 2704): Duration | EA_ucCloseRFCardDevice | ret:0|3488
D/!MCSER! ( 2704): removeDeviceInvocations | current invocations size:0
D/!MCSER! ( 2704): removeDeviceInvocations | current invocations size:0
D/!MCSER! ( 2704): RFCARD_READER | [br.com.linx.dtefmobilereactnative] close success, devHandle:100672937
D/!MCSER! ( 2704): URFCardLedControlAction | execute | ret = 0|control:0|ledId:2
D/!MCSER! ( 2704): UActionCenter::(!defined IS_C10) || (!defined IS_C9)
D/!MCSER! ( 2704): Duration  | REQUEST | @client[br.com.linx.dtefmobilereactnative] | action:TXN_RFREADER_LED_CTL | 46912
D/[Led]   ( 6872): [USDK]/// turnOff | led = 4
D/MasterController( 6872): ## request | appName: br.com.linx.dtefmobilereactnative, REQ: RFREADER_LED_CTL
D/MasterController( 6872): ## request | ipcInvokeDirectly: false
I/!MCSER! ( 2704): TRANSACT | receive transaction code :4
I/!MCSER! ( 2704): ================ ON REQUEST =================
D/!MCSER! ( 2704): UActionCenter::(!defined IS_C10) || (!defined IS_C9)
I/!MCSER! ( 2704): REQUEST | @client[br.com.linx.dtefmobilereactnative] |  action code is:0x20e will invoke TXN_RFREADER_LED_CTL
D/!MCSER! ( 2704): getClientPidAndUid  pid is :24244 |uid is :10059
D/!MCSER! ( 2704): REQUEST | @client[br.com.linx.dtefmobilereactnative] |  pid:24244|uid:10059|tid:6891
D/!MCSER! ( 2704): @client[br.com.linx.dtefmobilereactnative] is exist
D/!MCSER! ( 2704): UBaseRFCardAction::getReader | deviceName:USERCARD
D/!MCSER! ( 2704): RF0 | @client[br.com.linx.dtefmobilereactnative] | is opened ? false
D/!MCSER! ( 2704): RF0 | @client[br.com.linx.dtefmobilereactnative] | is opened ? false
D/!MCSER! ( 2704): domain_version:1.0.0           
W/!MCSER! ( 2704): PERMISSION | mc permission file not found, use domain check state:ENABLE
D/!MCSER! ( 2704): UAndroidClient::getPermissionName  enter
D/!MCSER! ( 2704): UAndroidClient::getAppPackagePath   enter:
D/!MCSER! ( 2704): UAndroidClient::getAppPackagePath path:/data/app/br.com.linx.dtefmobilereactnative-1/base.apk is exist
I/!MCSER! ( 2704): LIBRARY | load library, isLoad = true
I/!MCSER! ( 2704): LIBRARY | load library, path = libfam.so
I/libfam  ( 2704): lpd from apk path:/data/app/br.com.linx.dtefmobilereactnative-1/base.apk
I/libfam  ( 2704): current file is a signed_file_in_fmt_v3
E/libfam  ( 2704): [Line] : 12502; [Func] : EA_ucGetLpdFromSignApk; not support sign file, or has not lpd!
E/libfam  ( 2704): [Line] : 12540; [Func] : EA_ucGetLpdFromSignApk; pcFilePath=/data/app/br.com.linx.dtefmobilereactnative-1/base.apk, ucRet=0x10
D/!MCSER! ( 2704): VSignedApkInfo:: getSignedApkInfo DYNAMIC_INVOKE_C EA_ucGetLpdFromSignApk  ucRet:0x10|uiSignType :0|uiLpdBufLen :0aucLpdBuf:0xb5f83624
D/!MCSER! ( 2704): VSignedApkInfo:: getSignedApkInfo  aucLpdBuf(hex)
I/!MCSER! ( 2704):  permission [com.landi.rfcard.perm.NORMAL_FUNC] has granted!
D/!MCSER! ( 2704): isTopListenerEnable:true
D/!MCSER! ( 2704): client:br.com.linx.dtefmobilereactnative, isService:false, isInForeground:true, displayId:0
D/!MCSER! ( 2704): BITMAP | RFCardDevice | EA_ucOpenRFCardDevice| bitmap:0
D/!MCSER! ( 2704): BITMAP | RFCardDevice | EA_vSetHandleMIFCallback| bitmap:0
D/!MCSER! ( 2704): UClientManager::loginedClientNum  mClients.size()1
D/!MCSER! ( 2704): UClientManager::client name is br.com.linx.dtefmobilereactnative
D/!MCSER! ( 2704): RFCARD_READER | @client[br.com.linx.dtefmobilereactnative] | d->mDevName :USERCARD
D/!MCSER! ( 2704): RFCARD_READER | @client[br.com.linx.dtefmobilereactnative] | open with devName :RFCARD
D/!MCSER! ( 2704): Duration | EA_ucOpenRFCardDevice | ret:0|28576
D/!MCSER! ( 2704): ----------getCurrentActivedNum-------- :0
I/!MCSER! ( 2704): LIBRARY | load library, isLoad = true
I/!MCSER! ( 2704): LIBRARY | load library, path = libRFcard.so
D/!MCSER! ( 2704): RFCARD_READER | @client[br.com.linx.dtefmobilereactnative] | open | actived rfcard handle num = 0, close mifs, ret:0
D/!MCSER! ( 2704): RFCARD_READER | @client[br.com.linx.dtefmobilereactnative] | open | rfcard devHandle100720164, state:IDEL
D/!MCSER! ( 2704): RFCARD_READER | @client[br.com.linx.dtefmobilereactnative] | success to open device, devHandle :100720164
I/!MCSER! ( 2704): LIBRARY | load library, isLoad = true
I/!MCSER! ( 2704): LIBRARY | load library, path = libRFcard.so
D/!MCSER! ( 2704): isTopListenerEnable:true
D/!MCSER! ( 2704): client:br.com.linx.dtefmobilereactnative, isService:false, isInForeground:true, displayId:0
D/!MCSER! ( 2704): BITMAP | RFCardDevice | EA_ucSetRFCardLedOff| bitmap:0x1
D/!MCSER! ( 2704): UClientManager::loginedClientNum  mClients.size()1
D/!MCSER! ( 2704): UClientManager::client name is br.com.linx.dtefmobilereactnative
D/!MCSER! ( 2704): URFCardReader | turnOffLed | getRealDevHandle() = 100720164|id:3
D/!MCSER! ( 2704): Duration | EA_ucSetRFCardLedOff | ret:0|2080
D/!MCSER! ( 2704): RF0 | @client[br.com.linx.dtefmobilereactnative] | is opened ? true
D/!MCSER! ( 2704): Duration | EA_ucCloseRFCardDevice | ret:0|2688
D/!MCSER! ( 2704): removeDeviceInvocations | current invocations size:0
D/!MCSER! ( 2704): removeDeviceInvocations | current invocations size:0
D/!MCSER! ( 2704): RFCARD_READER | [br.com.linx.dtefmobilereactnative] close success, devHandle:100720164
D/!MCSER! ( 2704): URFCardLedControlAction | execute | ret = 0|control:0|ledId:3
D/!MCSER! ( 2704): UActionCenter::(!defined IS_C10) || (!defined IS_C9)
D/!MCSER! ( 2704): Duration  | REQUEST | @client[br.com.linx.dtefmobilereactnative] | action:TXN_RFREADER_LED_CTL | 44992
V/[EMVEngine]( 6872): [USDK]------- halt -------
D/MasterController( 6872): ## request | appName: br.com.linx.dtefmobilereactnative, REQ: RFREADER_STOP_SEARCH
D/MasterController( 6872): ## request | ipcInvokeDirectly: false
I/!MCSER! ( 2704): TRANSACT | receive transaction code :4
I/!MCSER! ( 2704): ================ ON REQUEST =================
D/!MCSER! ( 2704): UActionCenter::(!defined IS_C10) || (!defined IS_C9)
I/!MCSER! ( 2704): REQUEST | @client[br.com.linx.dtefmobilereactnative] |  action code is:0x202 will invoke TXN_RFREADER_STOP_SEARCH_CARD
D/!MCSER! ( 2704): getClientPidAndUid  pid is :24244 |uid is :10059
D/!MCSER! ( 2704): REQUEST | @client[br.com.linx.dtefmobilereactnative] |  pid:24244|uid:10059|tid:6893
D/!MCSER! ( 2704): @client[br.com.linx.dtefmobilereactnative] is exist
D/!MCSER! ( 2704): UBaseRFCardAction::getReader | deviceName:USERCARD
D/!MCSER! ( 2704): RF0 | @client[br.com.linx.dtefmobilereactnative] | is opened ? false
D/!MCSER! ( 2704): UActionCenter::(!defined IS_C10) || (!defined IS_C9)
D/!MCSER! ( 2704): Duration  | REQUEST | @client[br.com.linx.dtefmobilereactnative] | action:TXN_RFREADER_STOP_SEARCH_CARD | 1088
D/StatusBar.NetworkController( 2536): hasService: mServiceState=1 1 home null null null  Unknown Unknown CSS not supported -1 -1 RoamInd=-1 DefRoamInd=-1 EmergOnly=true retVal=false
D/StatusBar.NetworkController( 2536): refreshViews: Data not connected!! Set no data type icon / Roaming
D/StatusBar.NetworkController( 2536): refreshViews connected={ wifi } level=3 combinedSignalIconId=0x7f020368/com.android.systemui:drawable/stat_sys_wifi_signal_4_fully combinedActivityIconId=0x7f02035d mobileLabel=Emergency calls only wifiLabel="WLANGPLXADM" emergencyOnly=true combinedLabel="WLANGPLXADM" mAirplaneMode=false mDataActivity=0 mPhoneSignalIconId=0x7f02034f/com.android.systemui:drawable/stat_sys_signal_null mQSPhoneSignalIconId=0x7f0200bb/com.android.systemui:drawable/ic_qs_signal_no_signal mDataDirectionIconId=0x0/(null) mDataSignalIconId=0x7f02034f/com.android.systemui:drawable/stat_sys_signal_null mDataTypeIconId=0x0/(null) mQSDataTypeIconId=0x0/(null) mNoSimIconId=0x7f02009a/com.android.systemui:drawable/ic_qs_no_sim mWifiIconId=0x7f020368/com.android.systemui:drawable/stat_sys_wifi_signal_4_fully mQSWifiIconId=0x7f0200cb/com.android.systemui:drawable/ic_qs_wifi_full_4 mWifiActivityIconId=0x7f02035d/com.android.systemui:drawable/stat_sys_wifi_inout mBluetoothTetherIconId=0x10806b8/android:drawable/stat_sys_tether_bluetooth
D/StatusBar.NetworkController( 2536): refreshSignalCluster - setMobileDataIndicators:  mHasMobileDataFeature = true mPhoneSignalIconId = com.android.systemui:drawable/stat_sys_signal_null mDataSignalIconId = com.android.systemui:drawable/stat_sys_signal_null mMobileActivityIconId = (null) mDataTypeIconId = (null) mNoSimIconId = com.android.systemui:drawable/ic_qs_no_sim
D/StatusBar.NetworkController( 2536): refreshSignalCluster - setMobileDataIndicators:  mHasMobileDataFeature = true mPhoneSignalIconId = com.android.systemui:drawable/stat_sys_signal_null mDataSignalIconId = com.android.systemui:drawable/stat_sys_signal_null mMobileActivityIconId = (null) mDataTypeIconId = (null) mNoSimIconId = com.android.systemui:drawable/ic_qs_no_sim
D/StatusBar.NetworkController( 2536): refreshSignalCluster - setMobileDataIndicators:  mHasMobileDataFeature = true mPhoneSignalIconId = com.android.systemui:drawable/stat_sys_signal_null mDataSignalIconId = com.android.systemui:drawable/stat_sys_signal_null mMobileActivityIconId = (null) mDataTypeIconId = (null) mNoSimIconId = com.android.systemui:drawable/ic_qs_no_sim
D/StatusBar.NetworkController( 2536): changing data overlay icon id to 2130838365
D/socketReceive_Android_(24244): fim (4 bytes recebidos)
D/SocketReceive(24244): iTamanhoRecebido=4
D/SocketReceive(24244): inicio (iTamanho=1039)
D/socketReceive_Android_(24244): receive(55) iTamReceive=1039
D/socketReceive_Android_(24244): fim (1039 bytes recebidos)
D/SocketReceive(24244): iTamanhoRecebido=1043
D/IP_PPDisplay(24244): Inicio
D/IP_PPDisplay(24244): Passo(1)
D/MODEL   (24244): Build.MODEL=[APOS A8OVS]
D/PRODUCT (24244): Build.PRODUCT=[APOS A8]
D/DTEFMobilePinpad(24244): messageId = [0] s = [ PROCESSANDO... 
D/DTEFMobilePinpad(24244): ]
V/DTEFMobile(24244): mensagem PROCESSANDO... 
V/DTEFMobile(24244): setRespostaRecebida = false
V/DTEFMobile(24244): aguardaRecebeResposta - mensagem inicio bRespostaRecebida = false
I/ReactNativeJS(24244): { mensagem: ' PROCESSANDO... \n',
I/ReactNativeJS(24244):   function: 'mensagem',
I/ReactNativeJS(24244):   action: 'InputCallback' }
I/ReactNativeJS(24244): respondendo
V/DTEFMobile(24244): setRespostaRecebida
V/DTEFMobile(24244): setRespostaRecebida = true
I/System.out(24244): setRespostaRecebida = true
V/DTEFMobile(24244): aguardaRecebeResposta = resultado = 0
V/DTEFMobile(24244): aguardaRecebeResposta = stringRetorno = 
V/DTEFMobile(24244): aguardaRecebeResposta = intRetorno = 0
D/DTEFMobilePinpad(24244): IP_PPDisplay: [PROCESSANDO...                          ]
D/IP_PPDisplay(24244): Passo(2)
D/IP_PPDisplay(24244): Fim
D/pEntraCodigoSeguranca(24244): COD. SEGURANCA                          
V/DTEFMobile(24244): entraCodigoSegurancaCOD. SEGURANCA                          
V/DTEFMobile(24244): setRespostaRecebida = false
V/DTEFMobile(24244): aguardaRecebeResposta - entraCodigoSeguranca inicio bRespostaRecebida = false
I/ReactNativeJS(24244): { tamanhoMax: 5,
I/ReactNativeJS(24244):   codigoSeguranca: '',
I/ReactNativeJS(24244):   label: 'COD. SEGURANCA                          ',
I/ReactNativeJS(24244):   function: 'entraCodigoSeguranca',
I/ReactNativeJS(24244):   action: 'InputCallback' }
I/PowerUI ( 2536): mBatteryHealth = 1
D/HeadsetStateMachine( 4924): Disconnected process message: 10, size: 0
I/system_server(  815): type=1400 audit(0.0:3101): avc: denied { write } for name="systemstatus" dev="tmpfs" ino=6904 scontext=u:r:system_server:s0 tcontext=u:object_r:tmpfs:s0 tclass=dir permissive=1
I/system_server(  815): type=1400 audit(0.0:3102): avc: denied { remove_name } for name="POWER_LEVEL" dev="tmpfs" ino=120046 scontext=u:r:system_server:s0 tcontext=u:object_r:tmpfs:s0 tclass=dir permissive=1
I/system_server(  815): type=1400 audit(0.0:3103): avc: denied { add_name } for name="POWER_LEVEL" scontext=u:r:system_server:s0 tcontext=u:object_r:tmpfs:s0 tclass=dir permissive=1
E/WifiStateMachine(  815): WifiStateMachine CMD_START_SCAN source -2 txSuccessRate=0.50 rxSuccessRate=20.04 targetRoamBSSID=00:00:00:00:00:00 RSSI=-41
E/WifiStateMachine(  815): WifiStateMachine starting scan for "WLANGPLXADM"-WPA_PSK with 2412,2462,2437
D/wpa_supplicant(20436): wlan0: Control interface command 'SCAN TYPE=ONLY freq=2412,2462,2437'
D/wpa_supplicant(20436): wlan0: Setting scan request: 0.000000 sec
D/wpa_supplicant(20436): wlan0: Starting AP scan for wildcard SSID
D/wpa_supplicant(20436): wlan0: Limit manual scan to specified channels
D/wpa_supplicant(20436): wlan0: Add radio work 'scan'@0xb88a2680
D/wpa_supplicant(20436): wlan0: First radio work item in the queue - schedule start immediately
D/wpa_supplicant(20436): wlan0: Starting radio work 'scan'@0xb88a2680 after 0.000109 second wait
D/wpa_supplicant(20436): wlan0: nl80211: scan request
D/wpa_supplicant(20436): nl80211: Scan SSID - hexdump(len=0): [NULL]
D/wpa_supplicant(20436): nl80211: Scan frequency 2412 MHz
D/wpa_supplicant(20436): nl80211: Scan frequency 2437 MHz
D/wpa_supplicant(20436): nl80211: Scan frequency 2462 MHz
D/wpa_supplicant(20436): Scan requested (ret=0) - scan timeout 30 seconds
I/WifiHAL (  815): Poll result = 1
D/wpa_supplicant(20436): nl80211: Event message available
I/WifiHAL (  815): Found some events!!!
D/wpa_supplicant(20436): nl80211: Drv Event 33 (NL80211_CMD_TRIGGER_SCAN) received for wlan0
D/wpa_supplicant(20436): wlan0: nl80211: Scan trigger
D/WifiHAL (  815): no_seq_check received
D/wpa_supplicant(20436): wlan0: Event SCAN_STARTED (49) received
I/WifiHAL (  815): event received NL80211_CMD_TRIGGER_SCAN
I/WifiHAL (  815): event received NL80211_CMD_TRIGGER_SCAN, vendor_id = 0x0
D/wpa_supplicant(20436): wlan0: Own scan request started a scan in 0.000589 seconds
I/WifiHAL (  815): event ignored!!
D/wpa_supplicant(20436): CTRL_IFACE monitor sent successfully to /data/misc/wifi/sockets/wpa_ctrl_815-21\x00
I/WifiHAL (  815): Poll result = 1
I/WifiHAL (  815): Found some events!!!
D/WifiHAL (  815): no_seq_check received
I/WifiHAL (  815): event received NL80211_CMD_NEW_SCAN_RESULTS
I/WifiHAL (  815): event received NL80211_CMD_NEW_SCAN_RESULTS, vendor_id = 0x0
I/WifiHAL (  815): event ignored!!
D/wpa_supplicant(20436): nl80211: Event message available
D/wpa_supplicant(20436): nl80211: Drv Event 34 (NL80211_CMD_NEW_SCAN_RESULTS) received for wlan0
D/wpa_supplicant(20436): wlan0: nl80211: New scan results available
D/wpa_supplicant(20436): nl80211: Scan included frequencies: 2412 2437 2462
D/wpa_supplicant(20436): wlan0: Event SCAN_RESULTS (3) received
D/wpa_supplicant(20436): wlan0: Scan completed in 0.137299 seconds
D/wpa_supplicant(20436): nl80211: Associated on 2412 MHz
D/wpa_supplicant(20436): nl80211: Associated with 70:69:5a:18:a7:a1
D/wpa_supplicant(20436): nl80211: Received scan results (10 BSSes)
