--------- beginning of system
D/PackageManager(  815): generate mac
I/ActivityManager(  815): Force stopping br.com.linx.dtefmobilereactnative appid=10059 user=-1: update pkg
W/PackageManager(  815): Code path for pkg : br.com.linx.dtefmobilereactnative changing from /data/app/br.com.linx.dtefmobilereactnative-1 to /data/app/br.com.linx.dtefmobilereactnative-2
W/PackageManager(  815): Resource path for pkg : br.com.linx.dtefmobilereactnative changing from /data/app/br.com.linx.dtefmobilereactnative-1 to /data/app/br.com.linx.dtefmobilereactnative-2
W/PackageManager(  815): Unknown permission android.permission.WRITE_OWNER_DATA in package br.com.linx.dtefmobilereactnative
W/PackageManager(  815): Unknown permission android.permission.READ_OWNER_DATA in package br.com.linx.dtefmobilereactnative
W/PackageManager(  815): Unknown permission com.google.android.things.permission.USE_PERIPHERAL_IO in package br.com.linx.dtefmobilereactnative
W/PackageManager(  815): Unknown permission titan.extperm.USB_SET in package br.com.linx.dtefmobilereactnative
D/PackageManager(  815): Package br.com.linx.dtefmobilereactnative areaname is EPT_Super, get gid 9001
I/ActivityManager(  815): Force stopping br.com.linx.dtefmobilereactnative appid=10059 user=0: pkg removed
V/ActivityThread( 4572): Creating service com.android.musicfx.Compatibility$Service on display 0
V/ActivityThread( 3663): Creating service com.android.gallery3d.app.PackagesMonitor$AsyncService on display 0
W/ContextImpl( 3551): Calling a method in the system process without a qualified user: android.app.ContextImpl.startService:1699 android.content.ContextWrapper.startService:516 android.content.ContextWrapper.startService:516 com.android.keychain.KeyChainBroadcastReceiver.onReceive:12 android.app.ActivityThread.handleReceiver:2612 
W/VoiceInteractionManagerService(  815): no available voice recognition services found for user 0
V/ActivityThread( 3551): Creating service com.android.keychain.KeyChainService on display 0
D/JobSchedulerService(  815): Receieved: android.intent.action.PACKAGE_REMOVED
D/BackupManagerService(  815): Received broadcast Intent { act=android.intent.action.PACKAGE_REMOVED dat=package:br.com.linx.dtefmobilereactnative flg=0x4000010 (has extras) }
V/ActivityThread( 4572): Creating service com.android.musicfx.Compatibility$Service on display 0
D/BackupManagerService(  815): Received broadcast Intent { act=android.intent.action.PACKAGE_ADDED dat=package:br.com.linx.dtefmobilereactnative flg=0x4000010 (has extras) }
W/BackupManagerService(  815): Removing schedule queue dupe of br.com.linx.dtefmobilereactnative
V/ActivityThread( 3663): Creating service com.android.gallery3d.app.PackagesMonitor$AsyncService on display 0
V/ActivityThread( 4572): Creating service com.android.musicfx.Compatibility$Service on display 0
I/ActivityManager(  815): START u0 {flg=0x10000000 cmp=br.com.linx.dtefmobilereactnative/.MainActivity} from uid 2000 on display 0
V/WindowManager(  815): addAppToken: AppWindowToken{d42f701 token=Token{1e5a04e8 ActivityRecord{14248e0b u0 br.com.linx.dtefmobilereactnative/.MainActivity t33}}} to stack=1 task=33 at 0
I/ActivityManager(  815): Start proc 23501:br.com.linx.dtefmobilereactnative/u0a59 for activity br.com.linx.dtefmobilereactnative/.MainActivity
W/ActivityManager(  815): Activity pause timeout for ActivityRecord{14248e0b u0 br.com.linx.dtefmobilereactnative/.MainActivity t33}
V/WindowManager(  815): Adding window Window{e34477e u0 br.com.linx.dtefmobilereactnative/br.com.linx.dtefmobilereactnative.MainActivity} at 4 of 15 (after Window{19698e38 u0 com.android.systemui/com.android.systemui.recent.RecentsActivity})
V/WindowManager(  815): Adding window Window{4790ffb u0 PopupWindow:f76342b} at 5 of 16 (after Window{e34477e u0 br.com.linx.dtefmobilereactnative/br.com.linx.dtefmobilereactnative.MainActivity})
I/PowerUI ( 2536): mBatteryHealth = 1
D/TaskPersister(  815): removeObsoleteFile: deleting file=32_task.xml
D/TaskPersister(  815): removeObsoleteFile: deleting file=32_task_thumbnail.png
E/Vold    (  281): Failed to find mounted volume for /storage/sdcard1/Android/data/br.com.linx.dtefmobilereactnative/cache/
I/PowerUI ( 2536): mBatteryHealth = 1
W/ContextImpl(  815): Calling a method in the system process without a qualified user: android.app.ContextImpl.sendBroadcast:1334 com.android.internal.policy.impl.PhoneWindowManager.interceptKeyBeforeQueueing:5589 com.android.server.wm.InputMonitor.interceptKeyBeforeQueueing:370 com.android.server.input.InputManagerService.interceptKeyBeforeQueueing:1479 <bottom of call stack> 
I/PowerManagerService(  815): Waking up from dozing (uid 1000)...
I/DisplayPowerController(  815): Blocking screen on until initial contents have been drawn.
I/DisplayManagerService(  815): Display device changed: DisplayDeviceInfo{"Built-in Screen": uniqueId="local:0", 720 x 1280, 60.0 fps, supportedRefreshRates [60.0], density 320, 160.421 x 160.157 dpi, appVsyncOff 0, presDeadline 17666667, touch INTERNAL, rotation 0, type BUILT_IN, state ON, FLAG_DEFAULT_DISPLAY, FLAG_ROTATES_WITH_CONTENT, FLAG_SECURE, FLAG_SUPPORTS_PROTECTED_BUFFERS}
V/ActivityManager(  815): Display changed displayId=0
I/DisplayPowerController(  815): Unblocked screen on after 287 ms
I/DreamManagerService(  815): Gently waking up from dream.
I/DreamManagerService(  815): Leaving dreamland.
I/DreamController(  815): Stopping dream: name=ComponentInfo{com.android.systemui/com.android.systemui.doze.DozeService}, isTest=false, canDoze=true, userId=0
V/ActivityManager(  815): Display changed displayId=0
V/WindowManager(  815): return Surface.ROTATION_0=0
I/PowerUI ( 2536): mBatteryHealth = 1
W/Domain  (  815): checkUidPermission(), com.usdk.paramfile.perm.NORMAL_FUNC ---> com.landi.paramfile.perm.NORMAL_FUNC
W/Domain  (  815): checkUidPermission(), current state is PS_MOCKUP, we grant permission: com.landi.paramfile.perm.NORMAL_FUNC
W/Domain  (  815): checkUidPermission(), com.usdk.emvkernel.perm.NORMAL_FUNC ---> com.landi.emvkernel.perm.NORMAL_FUNC
W/Domain  (  815): checkUidPermission(), current state is PS_MOCKUP, we grant permission: com.landi.emvkernel.perm.NORMAL_FUNC
W/Domain  (  815): checkUidPermission(), com.usdk.iccard.perm.NORMAL_FUNC ---> com.landi.iccard.perm.NORMAL_FUNC
W/Domain  (  815): checkUidPermission(), current state is PS_MOCKUP, we grant permission: com.landi.iccard.perm.NORMAL_FUNC
W/Domain  (  815): checkUidPermission(), com.usdk.led.perm.NORMAL_FUNC ---> com.landi.led.perm.NORMAL_FUNC
W/Domain  (  815): checkUidPermission(), current state is PS_MOCKUP, we grant permission: com.landi.led.perm.NORMAL_FUNC
W/Domain  (  815): checkUidPermission(), com.usdk.rfcard.perm.NORMAL_FUNC ---> com.landi.rfcard.perm.NORMAL_FUNC
W/Domain  (  815): checkUidPermission(), current state is PS_MOCKUP, we grant permission: com.landi.rfcard.perm.NORMAL_FUNC
W/Domain  (  815): checkUidPermission(), com.usdk.magcard.perm.NORMAL_FUNC ---> com.landi.magcard.perm.NORMAL_FUNC
W/Domain  (  815): checkUidPermission(), current state is PS_MOCKUP, we grant permission: com.landi.magcard.perm.NORMAL_FUNC
V/ActivityThread( 2772): Creating service com.android.inputmethod.latin.spellcheck.AndroidSpellCheckerService on display 0
E/ActivityThread( 2772): Failed to find provider info for user_dictionary
W/Domain  (  815): checkUidPermission(), com.usdk.deviceinfo.perm.NORMAL_FUNC ---> com.landi.deviceinfo.perm.NORMAL_FUNC
W/Domain  (  815): checkUidPermission(), current state is PS_MOCKUP, we grant permission: com.landi.deviceinfo.perm.NORMAL_FUNC
W/Domain  (  815): checkUidPermission(), com.usdk.magcard.perm.NORMAL_FUNC ---> com.landi.magcard.perm.NORMAL_FUNC
W/Domain  (  815): checkUidPermission(), current state is PS_MOCKUP, we grant permission: com.landi.magcard.perm.NORMAL_FUNC
W/Domain  (  815): checkUidPermission(), com.usdk.iccard.perm.NORMAL_FUNC ---> com.landi.iccard.perm.NORMAL_FUNC
W/Domain  (  815): checkUidPermission(), current state is PS_MOCKUP, we grant permission: com.landi.iccard.perm.NORMAL_FUNC
W/Domain  (  815): checkUidPermission(), com.usdk.rfcard.perm.NORMAL_FUNC ---> com.landi.rfcard.perm.NORMAL_FUNC
W/Domain  (  815): checkUidPermission(), current state is PS_MOCKUP, we grant permission: com.landi.rfcard.perm.NORMAL_FUNC
V/ActivityThread( 2772): Creating service com.android.inputmethod.latin.spellcheck.AndroidSpellCheckerService on display 0
I/PowerUI ( 2536): mBatteryHealth = 1
E/ActivityThread( 2772): Failed to find provider info for user_dictionary
V/ActivityThread( 2772): Creating service com.android.inputmethod.latin.spellcheck.AndroidSpellCheckerService on display 0
I/PowerUI ( 2536): mBatteryHealth = 1
I/PowerUI ( 2536): mBatteryHealth = 1
I/PowerUI ( 2536): mBatteryHealth = 1
I/PowerUI ( 2536): mBatteryHealth = 1
I/PowerUI ( 2536): mBatteryHealth = 1
I/PowerUI ( 2536): mBatteryHealth = 1
I/PowerUI ( 2536): mBatteryHealth = 1
I/PowerUI ( 2536): mBatteryHealth = 1
I/PowerUI ( 2536): mBatteryHealth = 1
I/PowerUI ( 2536): mBatteryHealth = 1
I/PowerUI ( 2536): mBatteryHealth = 1
I/PowerUI ( 2536): mBatteryHealth = 1
I/PowerUI ( 2536): mBatteryHealth = 1
I/PowerUI ( 2536): mBatteryHealth = 1
I/PowerUI ( 2536): mBatteryHealth = 1
I/PowerUI ( 2536): mBatteryHealth = 1
I/PowerUI ( 2536): mBatteryHealth = 1
I/PowerUI ( 2536): mBatteryHealth = 1
I/PowerUI ( 2536): mBatteryHealth = 1
I/PowerUI ( 2536): mBatteryHealth = 1
I/PowerUI ( 2536): mBatteryHealth = 1
I/PowerUI ( 2536): mBatteryHealth = 1
I/PowerUI ( 2536): mBatteryHealth = 1
I/PowerUI ( 2536): mBatteryHealth = 1
I/PowerUI ( 2536): mBatteryHealth = 1
I/PowerUI ( 2536): mBatteryHealth = 1
I/PowerUI ( 2536): mBatteryHealth = 1
I/PowerUI ( 2536): mBatteryHealth = 1
I/PowerUI ( 2536): mBatteryHealth = 1
I/PowerUI ( 2536): mBatteryHealth = 1
I/PowerUI ( 2536): mBatteryHealth = 1
I/PowerUI ( 2536): mBatteryHealth = 1
I/PowerUI ( 2536): mBatteryHealth = 1
I/PowerUI ( 2536): mBatteryHealth = 1
I/PowerUI ( 2536): mBatteryHealth = 1
I/PowerUI ( 2536): mBatteryHealth = 1
I/PowerUI ( 2536): mBatteryHealth = 1
I/PowerUI ( 2536): mBatteryHealth = 1
I/PowerUI ( 2536): mBatteryHealth = 1
I/PowerUI ( 2536): mBatteryHealth = 1
W/PackageManager(  815): PackageManager.INSTALL_INTERNAL
V/ActivityThread( 4540): Creating service com.android.defcontainer.DefaultContainerService on display 0
D/DefContainer( 4540): Copying /data/local/tmp/app-debug.apk to base.apk
W/PackageManager(  815): copyApk(), null != verificationParams, installerUid=2000
I/PackageManager(  815): we will NOT ext authen apk in state 'mockup'.
D/PackageManagerSB(  815): approveAppInstallRequest apkFilePath = /data/app/vmdl1693870827.tmp, originalAPKFilePath = file:///data/local/tmp/app-debug.apk
D/PackageManagerSB(  815): checkApkHead apkPath = /data/app/vmdl1693870827.tmp/base.apk
D/PackageManager(  815): Renaming /data/app/vmdl1693870827.tmp to /data/app/br.com.linx.dtefmobilereactnative-1
W/PackageManager(  815): fail to get ext_signed_apk_info, ret = 16
I/ActivityManager(  815): Force stopping br.com.linx.dtefmobilereactnative appid=10059 user=-1: uninstall pkg
I/ActivityManager(  815): Killing 23501:br.com.linx.dtefmobilereactnative/u0a59 (adj 0): stop br.com.linx.dtefmobilereactnative
I/PackageManager(  815): Package br.com.linx.dtefmobilereactnative codePath changed from /data/app/br.com.linx.dtefmobilereactnative-2 to /data/app/br.com.linx.dtefmobilereactnative-1; Retaining data and using new
I/WindowState(  815): WIN DEATH: Window{e34477e u0 br.com.linx.dtefmobilereactnative/br.com.linx.dtefmobilereactnative.MainActivity}
D/ActivityManager(  815): cleanUpApplicationRecord -- 23501
W/ActivityManager(  815): Force removing ActivityRecord{14248e0b u0 br.com.linx.dtefmobilereactnative/.MainActivity t33}: app died, no saved state
W/ActivityManager(  815): Spurious death for ProcessRecord{3ed8e3cf 0:br.com.linx.dtefmobilereactnative/u0a59}, curProc for 23501: null
W/wusx_InputMethodManagerService(  815): Got RemoteException sending setActive(false) notification to pid 23501 uid 10059
I/PowerUI ( 2536): mBatteryHealth = 1
--------- beginning of main
E/VM_BMS  (24208): Unable to intialize BMS parameters
I/SurfaceFlinger(  282): FPS: 1
D/wpa_supplicant(20436): wlan0: Control interface command 'SIGNAL_POLL'
I/PowerUI ( 2536): mBatteryHealth = 1
D/HeadsetStateMachine( 4924): Disconnected process message: 10, size: 0
I/SurfaceFlinger(  282): FPS: 1
I/dex2oat (24198): dex2oat took 6.274s (threads: 4) arena alloc=85KB java alloc=7MB native alloc=13MB free=2MB
V/installd(  294): DexInv: --- END '/data/app/br.com.linx.dtefmobilereactnative-1/base.apk' (success) ---
D/PackageManager(  815): generate mac
I/PackageManager(  846): type=1400 audit(0.0:3035): avc: denied { call } for scontext=u:r:system_server:s0 tcontext=u:r:init:s0 tclass=binder permissive=1
D/installd(  294): [File] : frameworks/native/cmds/installd/commands.c; [Line] : 1929; [Func] : macdex;
D/installd(  294): dexPath = '/data/dalvik-cache/arm/data@app@br.com.linx.dtefmobilereactnative-1@base.apk@classes.dex'.
D/installd(  294): [File] : frameworks/native/cmds/installd/commands.c; [Line] : 1934; [Func] : macdex;
D/installd(  294): to generate mac_file1 for '/data/dalvik-cache/arm/data@app@br.com.linx.dtefmobilereactnative-1@base.apk@classes.dex.'.
I/installd(  294): type=1400 audit(0.0:3036): avc: denied { call } for scontext=u:r:installd:s0 tcontext=u:r:init:s0 tclass=binder permissive=1
I/ActivityManager(  815): Force stopping br.com.linx.dtefmobilereactnative appid=10059 user=-1: update pkg
W/PackageManager(  815): Code path for pkg : br.com.linx.dtefmobilereactnative changing from /data/app/br.com.linx.dtefmobilereactnative-2 to /data/app/br.com.linx.dtefmobilereactnative-1
W/PackageManager(  815): Resource path for pkg : br.com.linx.dtefmobilereactnative changing from /data/app/br.com.linx.dtefmobilereactnative-2 to /data/app/br.com.linx.dtefmobilereactnative-1
W/PackageManager(  815): Unknown permission android.permission.WRITE_OWNER_DATA in package br.com.linx.dtefmobilereactnative
W/PackageManager(  815): Unknown permission android.permission.READ_OWNER_DATA in package br.com.linx.dtefmobilereactnative
W/PackageManager(  815): Unknown permission com.google.android.things.permission.USE_PERIPHERAL_IO in package br.com.linx.dtefmobilereactnative
W/PackageManager(  815): Unknown permission titan.extperm.USB_SET in package br.com.linx.dtefmobilereactnative
I/FileAuthenticator_jni(  815): getAreaName...
I/PackageManager(  846): type=1400 audit(0.0:3037): avc: denied { read } for name="home" dev="mmcblk0p28" ino=28 scontext=u:r:system_server:s0 tcontext=u:object_r:unlabeled:s0 tclass=lnk_file permissive=1
E/libfam  (  815): [Line] : 4868; [Func] : EI_ucGetAreaNameLandiAPKV4New; get appstore sign file or apkv4 sign file err!
D/PackageManager(  815): Package br.com.linx.dtefmobilereactnative areaname is EPT_Super, get gid 9001
I/ActivityManager(  815): Force stopping br.com.linx.dtefmobilereactnative appid=10059 user=0: pkg removed
W/Settings(  815): Setting install_non_market_apps has moved from android.provider.Settings.Global to android.provider.Settings.Secure, returning read-only value.
I/InputReader(  815): Reconfiguring input devices.  changes=0x00000010
I/art     ( 3043): Explicit concurrent mark sweep GC freed 2577(135KB) AllocSpace objects, 0(0B) LOS objects, 85% free, 173KB/1197KB, paused 530us total 23.907ms
I/InputReader(  815): Reconfiguring input devices.  changes=0x00000010
I/InputReader(  815): Reconfiguring input devices.  changes=0x00000010
D/CustomKeyHandlerService( 3125): No custom key handler installed.
D/CustomKeyHandlerService( 3125): No custom key handler installed.
V/ActivityThread( 4572): Creating service com.android.musicfx.Compatibility$Service on display 0
I/art     ( 2536): Explicit concurrent mark sweep GC freed 32643(1618KB) AllocSpace objects, 1(576KB) LOS objects, 39% free, 12MB/20MB, paused 930us total 63.794ms
I/art     ( 4591): Explicit concurrent mark sweep GC freed 38(1744B) AllocSpace objects, 2(72KB) LOS objects, 49% free, 522KB/1034KB, paused 378us total 70.193ms
W/Searchables(  815): No global search activity found
W/Searchables(  815): No global search activity found
V/ActivityThread( 3663): Creating service com.android.gallery3d.app.PackagesMonitor$AsyncService on display 0
I/SurfaceFlinger(  282): FPS: 2
W/VoiceInteractionManagerService(  815): no available voice recognition services found for user 0
W/ContextImpl( 3551): Calling a method in the system process without a qualified user: android.app.ContextImpl.startService:1699 android.content.ContextWrapper.startService:516 android.content.ContextWrapper.startService:516 com.android.keychain.KeyChainBroadcastReceiver.onReceive:12 android.app.ActivityThread.handleReceiver:2612 
V/ActivityThread( 3551): Creating service com.android.keychain.KeyChainService on display 0
W/Launcher.Model( 4591): Nobody to tell about the new app.  Launcher is probably loading.
D/titan_sysfunc( 3025): extras:Bundle[mParcelledData.dataSize=404]
D/titan_sysfunc( 3025): uid:10059
V/ActivityThread( 4572): Creating service com.android.musicfx.Compatibility$Service on display 0
I/art     (  815): Explicit concurrent mark sweep GC freed 93597(5MB) AllocSpace objects, 61(1926KB) LOS objects, 33% free, 13MB/19MB, paused 2.354ms total 165.318ms
D/JobSchedulerService(  815): Receieved: android.intent.action.PACKAGE_REMOVED
D/BackupManagerService(  815): Received broadcast Intent { act=android.intent.action.PACKAGE_REMOVED dat=package:br.com.linx.dtefmobilereactnative flg=0x4000010 (has extras) }
I/art     (  815): WaitForGcToComplete blocked for 161.192ms for cause Explicit
D/BackupManagerService(  815): Received broadcast Intent { act=android.intent.action.PACKAGE_ADDED dat=package:br.com.linx.dtefmobilereactnative flg=0x4000010 (has extras) }
V/ActivityThread( 3663): Creating service com.android.gallery3d.app.PackagesMonitor$AsyncService on display 0
W/BackupManagerService(  815): Removing schedule queue dupe of br.com.linx.dtefmobilereactnative
V/ActivityThread( 4572): Creating service com.android.musicfx.Compatibility$Service on display 0
I/art     (  815): Explicit concurrent mark sweep GC freed 4226(201KB) AllocSpace objects, 0(0B) LOS objects, 33% free, 12MB/19MB, paused 1.703ms total 113.253ms
V/installd(  294): unlink /data/dalvik-cache/arm/data@app@br.com.linx.dtefmobilereactnative-2@base.apk@classes.dex
D/installd(  294): [File] : frameworks/native/cmds/installd/commands.c; [Line] : 703; [Func] : rm_dex;
D/installd(  294): to unlink mac_file '/data/dalvik-cache/arm/data@app@br.com.linx.dtefmobilereactnative-2@base.apk@classes.dex.mac'.
I/SignRecord(  815): --- cursor count 1
I/PackageMethodInfo(  815): --- cursor count 1
D/PackageManager(  815): [PMS] codePath = /data/app/br.com.linx.dtefmobilereactnative-1/base.apk, res.uid=10059
D/FileAuthenticator(  815): ########entern saveExtPerm#####
D/FileAuthenticator(  815): ########saveExtPerm#####
I/FileAuthenticator_jni(  815): saveExtPerm...
E/VM_BMS  (24219): Unable to open BMS device
E/VM_BMS  (24219): Unable to intialize BMS parameters
I/PackageManager(24220): type=1400 audit(0.0:3038): avc: denied { execute } for name="sh" dev="mmcblk0p21" ino=553 scontext=u:r:system_server:s0 tcontext=u:object_r:shell_exec:s0 tclass=file permissive=1
I/PackageManager(24220): type=1400 audit(0.0:3039): avc: denied { read open } for path="/system/bin/sh" dev="mmcblk0p21" ino=553 scontext=u:r:system_server:s0 tcontext=u:object_r:shell_exec:s0 tclass=file permissive=1
I/PackageManager(24220): type=1400 audit(0.0:3040): avc: denied { execute_no_trans } for path="/system/bin/sh" dev="mmcblk0p21" ino=553 scontext=u:r:system_server:s0 tcontext=u:object_r:shell_exec:s0 tclass=file permissive=1
I/mkdir   (24220): type=1400 audit(0.0:3041): avc: denied { create } for name="exttmp" scontext=u:r:system_server:s0 tcontext=u:object_r:tmpfs:s0 tclass=dir permissive=1
I/chmod   (24221): type=1400 audit(0.0:3042): avc: denied { setattr } for name="exttmp" dev="tmpfs" ino=119059 scontext=u:r:system_server:s0 tcontext=u:object_r:tmpfs:s0 tclass=dir permissive=1
E/libfam  (  815): [Line] : 2082; [Func] : EI_ucGetWholeSignFileAPKV3; APK is not signed.
I/rm      (24222): type=1400 audit(0.0:3043): avc: denied { rmdir } for name="exttmp" dev="tmpfs" ino=119059 scontext=u:r:system_server:s0 tcontext=u:object_r:tmpfs:s0 tclass=dir permissive=1
I/art     (24181): System.exit called, status: 0
I/AndroidRuntime(24181): VM exiting with result code 0.
D/adb_service(  396): service to fd with shell:rm "/data/local/tmp/app-debug.apk"
D/wpa_supplicant(20436): wlan0: Control interface command 'SIGNAL_POLL'
D/adb_service(  396): service to fd with reverse:forward:tcp:8081;tcp:8081
D/adb_service(  396): service to fd with shell:am start -n br.com.linx.dtefmobilereactnative/br.com.linx.dtefmobilereactnative.MainActivity
I/SurfaceFlinger(  282): FPS: 1
I/app_process(24228): type=1400 audit(0.0:3044): avc: denied { search } for name="/" dev="mmcblk0p28" ino=2 scontext=u:r:shell:s0 tcontext=u:object_r:unlabeled:s0 tclass=dir permissive=1
I/app_process(24228): type=1400 audit(0.0:3045): avc: denied { read } for name="lib_file_macer.so" dev="mmcblk0p28" ino=365 scontext=u:r:shell:s0 tcontext=u:object_r:unlabeled:s0 tclass=file permissive=1
D/AndroidRuntime(24228): >>>>>> START com.android.internal.os.RuntimeInit uid 2000 <<<<<<
I/app_process(24228): type=1400 audit(0.0:3046): avc: denied { open } for path="/epay/usr/lib/lib_file_macer.so" dev="mmcblk0p28" ino=365 scontext=u:r:shell:s0 tcontext=u:object_r:unlabeled:s0 tclass=file permissive=1
I/app_process(24228): type=1400 audit(0.0:3047): avc: denied { getattr } for path="/epay/usr/lib/lib_file_macer.so" dev="mmcblk0p28" ino=365 scontext=u:r:shell:s0 tcontext=u:object_r:unlabeled:s0 tclass=file permissive=1
I/app_process(24228): type=1400 audit(0.0:3048): avc: denied { execute } for path="/epay/usr/lib/lib_file_macer.so" dev="mmcblk0p28" ino=365 scontext=u:r:shell:s0 tcontext=u:object_r:unlabeled:s0 tclass=file permissive=1
I/app_process(24228): type=1400 audit(0.0:3049): avc: denied { read } for name="libtool.so" dev="mmcblk0p28" ino=532 scontext=u:r:shell:s0 tcontext=u:object_r:unlabeled:s0 tclass=file permissive=1
D/AndroidRuntime(24228): CheckJNI is OFF
I/Nativepkcs11Wrapper-jni(24228): libcore_io_Nativepkcs11Wrapper
E/Configuration(24228): parseConfigXml
E/Configuration(24228): parseConfigXml key:storage_usb_sd value:1
D/AndroidRuntime(24228): Calling main entry com.android.commands.am.Am
I/ActivityManager(  815): START u0 {flg=0x10000000 cmp=br.com.linx.dtefmobilereactnative/.MainActivity} from uid 2000 on display 0
V/WindowManager(  815): addAppToken: AppWindowToken{2a8415c6 token=Token{12a6ffa1 ActivityRecord{e5c4c08 u0 br.com.linx.dtefmobilereactnative/.MainActivity t34}}} to stack=1 task=34 at 0
D/AndroidRuntime(24228): Shutting down VM
I/ViewRootImpl(  815): CPU Rendering VSync enable = true
V/WindowManager(  815): Adding window Window{a4f01d9 u0 Starting br.com.linx.dtefmobilereactnative} at 5 of 15 (after Window{19698e38 u0 com.android.systemui/com.android.systemui.recent.RecentsActivity})
I/ActivityManager(  815): Start proc 24244:br.com.linx.dtefmobilereactnative/u0a59 for activity br.com.linx.dtefmobilereactnative/.MainActivity
I/art     (24244): Late-enabling -Xcheck:jni
I/PowerUI ( 2536): mBatteryHealth = 1
D/HeadsetStateMachine( 4924): Disconnected process message: 10, size: 0
D/adb_service(  396): service to fd with jdwp:24244
D/libart  (24244): [File] : art/runtime/oat_file.cc; [Line] : 94; [Func] : Open;
D/libart  (24244): to verify mac_file for app dex file '/data/dalvik-cache/arm/data@app@br.com.linx.dtefmobilereactnative-1@base.apk@classes.dex'.
D/libart  (24244): [File] : art/runtime/oat_file.cc; [Line] : 109; [Func] : Open;
D/libart  (24244): dex_file /data/dalvik-cache/arm/data@app@br.com.linx.dtefmobilereactnative-1@base.apk@classes.dex PASS mac verification.
V/fb-UnpackingSoSource(24244): locked dso store /data/data/br.com.linx.dtefmobilereactnative/lib-main
V/fb-UnpackingSoSource(24244): deps mismatch on deps store: regenerating
V/fb-UnpackingSoSource(24244): so store dirty: regenerating
D/ApkSoSource(24244): not allowing consideration of lib/armeabi-v7a/libDPOSDRV.so: deferring to libdir
D/ApkSoSource(24244): not allowing consideration of lib/armeabi-v7a/libfb.so: deferring to libdir
D/ApkSoSource(24244): not allowing consideration of lib/armeabi-v7a/libfolly_json.so: deferring to libdir
D/ApkSoSource(24244): not allowing consideration of lib/armeabi-v7a/libglog.so: deferring to libdir
D/ApkSoSource(24244): not allowing consideration of lib/armeabi-v7a/libglog_init.so: deferring to libdir
D/ApkSoSource(24244): not allowing consideration of lib/armeabi-v7a/libgnustl_shared.so: deferring to libdir
D/ApkSoSource(24244): not allowing consideration of lib/armeabi-v7a/libicu_common.so: deferring to libdir
D/ApkSoSource(24244): not allowing consideration of lib/armeabi-v7a/libimagepipeline.so: deferring to libdir
D/ApkSoSource(24244): not allowing consideration of lib/armeabi-v7a/libjsc.so: deferring to libdir
D/ApkSoSource(24244): not allowing consideration of lib/armeabi-v7a/libprivatedata.so: deferring to libdir
D/ApkSoSource(24244): not allowing consideration of lib/armeabi-v7a/libreactnativejni.so: deferring to libdir
D/ApkSoSource(24244): not allowing consideration of lib/armeabi-v7a/libyoga.so: deferring to libdir
V/fb-UnpackingSoSource(24244): regenerating DSO store com.facebook.soloader.ApkSoSource
V/fb-UnpackingSoSource(24244): starting syncer worker
V/fb-UnpackingSoSource(24244): releasing dso store lock for /data/data/br.com.linx.dtefmobilereactnative/lib-main (from syncer thread)
V/fb-UnpackingSoSource(24244): not releasing dso store lock for /data/data/br.com.linx.dtefmobilereactnative/lib-main (syncer thread started)
D/ReactNative(24244): ReactInstanceManager.ctor()
I/SurfaceFlinger(  282): FPS: 39
I/System.out(24244): call findFirstX509TrustManager! keyProvider=null
I/System.out(24244): call findFirstX509TrustManager! keyProvider=null
D/ReactNative(24244): ReactInstanceManager.createReactContextInBackground()
D/ReactNative(24244): ReactInstanceManager.recreateReactContextInBackgroundInner()
I/System.out(24244): call findFirstX509TrustManager! keyProvider=null
I/!MCSER! ( 2704): TRANSACT | receive transaction code :300
I/!MCSER! ( 2704): ================ON FOREGROUND CHANGED =================
D/MC HELPER( 3043): pid: 24244 pkgName: br.com.linx.dtefmobilereactnative  Label: DtefMobileReactNative
D/!MCSER! ( 2704): pid:24244, appName :br.com.linx.dtefmobilereactnative | displayId:0
W/unknown:InspectorPackagerConnection(24244): Couldn't connect to packager, will silently retry
I/ViewRootImpl(24244): CPU Rendering VSync enable = true
D/OpenGLRenderer(24244): Use EGL_SWAP_BEHAVIOR_PRESERVED: true
D/Atlas   (24244): Validating map...
V/WindowManager(  815): Adding window Window{27966f13 u0 br.com.linx.dtefmobilereactnative/br.com.linx.dtefmobilereactnative.MainActivity} at 5 of 16 (before Window{a4f01d9 u0 Starting br.com.linx.dtefmobilereactnative})
W/unknown:ReactNative(24244): Packager connection already open, nooping.
I/Adreno-EGL(24244): <qeglDrvAPI_eglInitialize:379>: EGL 1.4 QUALCOMM build: AU_LINUX_ANDROID_LA.BR.1.2.3_RB1.05.01.00.036.053_msm8909_LA.BR.1.2.3_RB1__release_AU (Ibddc658e36)
I/Adreno-EGL(24244): OpenGL ES Shader Compiler Version: E031.25.03.04
I/Adreno-EGL(24244): Build Date: 12/16/15 Wed
I/Adreno-EGL(24244): Local Branch: mybranch17289421
I/Adreno-EGL(24244): Remote Branch: quic/LA.BR.1.2.3_rb1.91
I/Adreno-EGL(24244): Local Patches: NONE
I/Adreno-EGL(24244): Reconstruct Branch: AU_LINUX_ANDROID_LA.BR.1.2.3_RB1.05.01.00.036.053 + 7c4888a + 22ca218 + 855d166 + 95575a0 + 4193eef + 64d916f + 88f4cbe + c272012 + 046ce63 + 9b2bddc + d5b5339 + a2bdc2f +  NOTHING
I/OpenGLRenderer(24244): Initialized EGL, version 1.4
D/OpenGLRenderer(24244): Enabling debug mode 0
I/ViewRootImpl(24244): CPU Rendering VSync enable = true
V/WindowManager(  815): Adding window Window{3f671349 u0 PopupWindow:3d40b6e9} at 6 of 17 (after Window{27966f13 u0 br.com.linx.dtefmobilereactnative/br.com.linx.dtefmobilereactnative.MainActivity})
I/WindowManager(  815): Switching to real app window: Window{27966f13 u0 br.com.linx.dtefmobilereactnative/br.com.linx.dtefmobilereactnative.MainActivity}
D/wpa_supplicant(20436): wlan0: Control interface command 'SIGNAL_POLL'
I/Timeline(24244): Timeline: Activity_idle id: android.os.BinderProxy@1e7e0b17 time:15773107
I/ActivityManager(  815): Displayed br.com.linx.dtefmobilereactnative/.MainActivity: +1s4ms
I/Timeline(  815): Timeline: Activity_windows_visible id: ActivityRecord{e5c4c08 u0 br.com.linx.dtefmobilereactnative/.MainActivity t34} time:15773112
D/PinEntryService( 2856): handleMessage() : to hide dlg.
I/SurfaceFlinger(  282): FPS: 27
E/VM_BMS  (24280): Unable to open BMS device
E/VM_BMS  (24280): Unable to intialize BMS parameters
D/TaskPersister(  815): removeObsoleteFile: deleting file=33_task.xml
D/wpa_supplicant(20436): wlan0: Control interface command 'SIGNAL_POLL'
I/PowerUI ( 2536): mBatteryHealth = 1
D/HeadsetStateMachine( 4924): Disconnected process message: 10, size: 0
I/SurfaceFlinger(  282): FPS: 3
W/unknown:ReactNative(24244): Unable to dispatch touch to JS as the catalyst instance has not been attached
W/unknown:ReactNative(24244): Unable to dispatch touch to JS as the catalyst instance has not been attached
W/unknown:ReactNative(24244): Unable to dispatch touch to JS as the catalyst instance has not been attached
D/wpa_supplicant(20436): wlan0: Control interface command 'SIGNAL_POLL'
I/SurfaceFlinger(  282): FPS: 1
E/VM_BMS  (24288): Unable to open BMS device
E/VM_BMS  (24288): Unable to intialize BMS parameters
I/rmt_storage(  275): rmt_storage_connect_cb: clnt_h=0xe7 conn_h=0xb865b7e0
I/rmt_storage(  275): rmt_storage_rw_iovec_cb: /boot/modem_fs1: clnt_h=0xb865b408: req_h=0xe7 msg_id=3: R/W request received
I/rmt_storage(  275): wakelock acquired: 1, error no: 42
I/rmt_storage(  275): rmt_storage_client_thread: /boot/modem_fs1: clnt_h=0xb865b408 Unblock worker thread (th_id: -1201294000)
I/rmt_storage(  275): rmt_storage_client_thread: /boot/modem_fs1: clnt_h=0xb865b408: req_h=0xe7 msg_id=3: Bytes written = 917504
I/rmt_storage(  275): rmt_storage_client_thread: /boot/modem_fs1: clnt_h=0xb865b408: req_h=0xe7 msg_id=3: Send response: res=0 err=0
I/rmt_storage(  275): rmt_storage_client_thread: /boot/modem_fs1: clnt_h=0xb865b408 About to block rmt_storage client thread (th_id: -1201294000) wakelock released: 1, error no: 0
I/rmt_storage(  275): 
I/rmt_storage(  275): rmt_storage_disconnect_cb: clnt_h=0xe7 conn_h=0xb865b7e0
I/SurfaceFlinger(  282): FPS: 1
D/ReactNative(24244): ReactInstanceManager.onJSBundleLoadedFromServer()
D/ReactNative(24244): ReactInstanceManager.recreateReactContextInBackground()
D/ReactNative(24244): ReactInstanceManager.runCreateReactContextOnNewThread()
D/libart  (24244): [File] : art/runtime/native/java_lang_Runtime.cc; [Line] : 89; [Func] : Runtime_nativeLoad;
D/libart  (24244): to verify mac_file for non system app_native_lib '/data/app/br.com.linx.dtefmobilereactnative-1/lib/arm/libreactnativejni.so'.
I/Thread-377(24290): type=1400 audit(0.0:3064): avc: denied { call } for scontext=u:r:untrusted_app:s0 tcontext=u:r:init:s0 tclass=binder permissive=1
I/Binder_3( 7321): type=1400 audit(0.0:3065): avc: denied { call } for scontext=u:r:init:s0 tcontext=u:r:init:s0 tclass=binder permissive=1
D/libart  (24244): [File] : art/runtime/native/java_lang_Runtime.cc; [Line] : 107; [Func] : Runtime_nativeLoad;
D/libart  (24244): app_native_lib /data/app/br.com.linx.dtefmobilereactnative-1/lib/arm/libreactnativejni.so PASS mac verification.
D/libart  (24244): [File] : art/runtime/native/java_lang_Runtime.cc; [Line] : 89; [Func] : Runtime_nativeLoad;
D/libart  (24244): to verify mac_file for non system app_native_lib '/data/app/br.com.linx.dtefmobilereactnative-1/lib/arm/libfb.so'.
D/libart  (24244): [File] : art/runtime/native/java_lang_Runtime.cc; [Line] : 107; [Func] : Runtime_nativeLoad;
D/libart  (24244): app_native_lib /data/app/br.com.linx.dtefmobilereactnative-1/lib/arm/libfb.so PASS mac verification.
D/libart  (24244): [File] : art/runtime/native/java_lang_Runtime.cc; [Line] : 89; [Func] : Runtime_nativeLoad;
D/libart  (24244): to verify mac_file for non system app_native_lib '/data/app/br.com.linx.dtefmobilereactnative-1/lib/arm/libfb.so'.
D/libart  (24244): [File] : art/runtime/native/java_lang_Runtime.cc; [Line] : 107; [Func] : Runtime_nativeLoad;
D/libart  (24244): app_native_lib /data/app/br.com.linx.dtefmobilereactnative-1/lib/arm/libfb.so PASS mac verification.
I/art     (24244): Thread[23,tid=24290,WaitingForJniOnLoad,Thread*=0xb7a272b8,peer=0x12c05940,"Thread-377"] recursive attempt to load library "/data/app/br.com.linx.dtefmobilereactnative-1/lib/arm/libfb.so"
D/ReactNative(24244): ReactInstanceManager.createReactContext()
W/unknown:ViewManagerPropertyUpdater(24244): Could not find generated setter for class com.facebook.react.views.art.ARTGroupViewManager
W/unknown:ViewManagerPropertyUpdater(24244): Could not find generated setter for class com.facebook.react.views.art.ARTGroupShadowNode
W/unknown:ViewManagerPropertyUpdater(24244): Could not find generated setter for class com.facebook.react.views.art.ARTShapeViewManager
W/unknown:ViewManagerPropertyUpdater(24244): Could not find generated setter for class com.facebook.react.views.art.ARTShapeShadowNode
W/unknown:ViewManagerPropertyUpdater(24244): Could not find generated setter for class com.facebook.react.views.art.ARTTextViewManager
W/unknown:ViewManagerPropertyUpdater(24244): Could not find generated setter for class com.facebook.react.views.art.ARTTextShadowNode
W/unknown:ViewManagerPropertyUpdater(24244): Could not find generated setter for class com.facebook.react.views.checkbox.ReactCheckBoxManager
W/unknown:ViewManagerPropertyUpdater(24244): Could not find generated setter for class com.facebook.react.uimanager.LayoutShadowNode
W/unknown:ViewManagerPropertyUpdater(24244): Could not find generated setter for class com.facebook.react.views.picker.ReactDialogPickerManager
W/unknown:ViewManagerPropertyUpdater(24244): Could not find generated setter for class com.facebook.react.views.drawer.ReactDrawerLayoutManager
W/unknown:ViewManagerPropertyUpdater(24244): Could not find generated setter for class com.facebook.react.views.picker.ReactDropdownPickerManager
W/unknown:ViewManagerPropertyUpdater(24244): Could not find generated setter for class com.facebook.react.views.scroll.ReactHorizontalScrollViewManager
W/unknown:ViewManagerPropertyUpdater(24244): Could not find generated setter for class com.facebook.react.views.scroll.ReactHorizontalScrollContainerViewManager
W/unknown:ViewManagerPropertyUpdater(24244): Could not find generated setter for class com.facebook.react.views.progressbar.ReactProgressBarViewManager
W/unknown:ViewManagerPropertyUpdater(24244): Could not find generated setter for class com.facebook.react.views.progressbar.ProgressBarShadowNode
W/unknown:ViewManagerPropertyUpdater(24244): Could not find generated setter for class com.facebook.react.views.scroll.ReactScrollViewManager
W/unknown:ViewManagerPropertyUpdater(24244): Could not find generated setter for class com.facebook.react.views.slider.ReactSliderManager
W/unknown:ViewManagerPropertyUpdater(24244): Could not find generated setter for class com.facebook.react.views.slider.ReactSliderManager$ReactSliderShadowNode
W/unknown:ViewManagerPropertyUpdater(24244): Could not find generated setter for class com.facebook.react.views.switchview.ReactSwitchManager
W/unknown:ViewManagerPropertyUpdater(24244): Could not find generated setter for class com.facebook.react.views.switchview.ReactSwitchManager$ReactSwitchShadowNode
W/unknown:ViewManagerPropertyUpdater(24244): Could not find generated setter for class com.facebook.react.views.toolbar.ReactToolbarManager
W/unknown:ViewManagerPropertyUpdater(24244): Could not find generated setter for class com.facebook.react.views.webview.ReactWebViewManager
W/unknown:ViewManagerPropertyUpdater(24244): Could not find generated setter for class com.facebook.react.views.swiperefresh.SwipeRefreshLayoutManager
W/unknown:ViewManagerPropertyUpdater(24244): Could not find generated setter for class com.facebook.react.views.art.ARTSurfaceViewManager
W/unknown:ViewManagerPropertyUpdater(24244): Could not find generated setter for class com.facebook.react.views.art.ARTSurfaceViewShadowNode
W/unknown:ViewManagerPropertyUpdater(24244): Could not find generated setter for class com.facebook.react.views.text.frescosupport.FrescoBasedReactTextInlineImageViewManager
W/unknown:ViewManagerPropertyUpdater(24244): Could not find generated setter for class com.facebook.react.views.text.frescosupport.FrescoBasedReactTextInlineImageShadowNode
W/unknown:ViewManagerPropertyUpdater(24244): Could not find generated setter for class com.facebook.react.views.image.ReactImageManager
W/unknown:ViewManagerPropertyUpdater(24244): Could not find generated setter for class com.facebook.react.views.modal.ReactModalHostManager
W/unknown:ViewManagerPropertyUpdater(24244): Could not find generated setter for class com.facebook.react.views.modal.ModalHostShadowNode
W/unknown:ViewManagerPropertyUpdater(24244): Could not find generated setter for class com.facebook.react.views.text.ReactRawTextManager
W/unknown:ViewManagerPropertyUpdater(24244): Could not find generated setter for class com.facebook.react.views.text.ReactRawTextShadowNode
W/unknown:ViewManagerPropertyUpdater(24244): Could not find generated setter for class com.facebook.react.views.textinput.ReactTextInputManager
W/unknown:ViewManagerPropertyUpdater(24244): Could not find generated setter for class com.facebook.react.views.textinput.ReactTextInputShadowNode
W/unknown:ViewManagerPropertyUpdater(24244): Could not find generated setter for class com.facebook.react.views.text.ReactTextViewManager
W/unknown:ViewManagerPropertyUpdater(24244): Could not find generated setter for class com.facebook.react.views.text.ReactTextShadowNode
W/unknown:ViewManagerPropertyUpdater(24244): Could not find generated setter for class com.facebook.react.views.view.ReactViewManager
W/unknown:ViewManagerPropertyUpdater(24244): Could not find generated setter for class com.facebook.react.views.viewpager.ReactViewPagerManager
W/unknown:ViewManagerPropertyUpdater(24244): Could not find generated setter for class com.facebook.react.views.text.ReactVirtualTextViewManager
W/unknown:ViewManagerPropertyUpdater(24244): Could not find generated setter for class com.facebook.react.views.text.ReactVirtualTextShadowNode
I/System.out(24244): call findFirstX509TrustManager! keyProvider=null
E/Vold    (  281): Failed to find mounted volume for /storage/sdcard1/Android/data/br.com.linx.dtefmobilereactnative/cache/
W/ContextImpl(24244): Failed to ensure directory: /storage/sdcard1/Android/data/br.com.linx.dtefmobilereactnative/cache
D/ReactNative(24244): Initializing React Xplat Bridge.
D/ReactNative(24244): Initializing React Xplat Bridge before initializeBridge
D/ReactNative(24244): Initializing React Xplat Bridge after initializeBridge
D/ReactNative(24244): CatalystInstanceImpl.runJSBundle()
D/ReactNative(24244): ReactInstanceManager.setupReactContext()
D/ReactNative(24244): CatalystInstanceImpl.initialize()
W/unknown:ReactNative(24244): Packager connection already open, nooping.
D/ReactNative(24244): ReactInstanceManager.attachRootViewToInstance()
D/libart  (24244): [File] : art/runtime/native/java_lang_Runtime.cc; [Line] : 89; [Func] : Runtime_nativeLoad;
D/libart  (24244): to verify mac_file for non system app_native_lib '/data/app/br.com.linx.dtefmobilereactnative-1/lib/arm/libyoga.so'.
D/libart  (24244): [File] : art/runtime/native/java_lang_Runtime.cc; [Line] : 107; [Func] : Runtime_nativeLoad;
D/libart  (24244): app_native_lib /data/app/br.com.linx.dtefmobilereactnative-1/lib/arm/libyoga.so PASS mac verification.
I/System.out(24244): call findFirstX509TrustManager! keyProvider=null
I/System.out(24244): call findFirstX509TrustManager! keyProvider=null
I/WebViewFactory(24244): Loading com.android.webview version 52.0.2743.100 (code 275610000)
I/mqt_native_modu(24294): type=1400 audit(0.0:3066): avc: denied { read } for name="home" dev="mmcblk0p28" ino=28 scontext=u:r:untrusted_app:s0 tcontext=u:object_r:unlabeled:s0 tclass=lnk_file permissive=1
I/art     (24244): Rejecting re-init on previously-failed class java.lang.Class<com.android.webview.chromium.ServiceWorkerControllerAdapter>
I/art     (24244): Rejecting re-init on previously-failed class java.lang.Class<com.android.webview.chromium.ServiceWorkerControllerAdapter>
I/art     (24244): Rejecting re-init on previously-failed class java.lang.Class<com.android.webview.chromium.TokenBindingManagerAdapter>
I/art     (24244): Rejecting re-init on previously-failed class java.lang.Class<com.android.webview.chromium.TokenBindingManagerAdapter>
I/cr_LibraryLoader(24244): Time to load native libraries: 3 ms (timestamps 1688-1691)
I/cr_LibraryLoader(24244): Expected native library version number "52.0.2743.100", actual native library version number "52.0.2743.100"
I/SurfaceFlinger(  282): FPS: 1
D/wpa_supplicant(20436): wlan0: Control interface command 'SIGNAL_POLL'
I/UEventObserver( 3238): type=1400 audit(0.0:3067): avc: denied { read } for scontext=u:r:platform_app:s0 tcontext=u:r:platform_app:s0 tclass=netlink_kobject_uevent_socket permissive=1
I/system_server(  815): type=1400 audit(0.0:3068): avc: denied { getattr } for path="/tmp/systemstatus/POWER_LEVEL" dev="tmpfs" ino=118739 scontext=u:r:system_server:s0 tcontext=u:object_r:system_server_tmpfs:s0 tclass=file permissive=1
I/system_server(  815): type=1400 audit(0.0:3069): avc: denied { unlink } for name="POWER_LEVEL" dev="tmpfs" ino=118739 scontext=u:r:system_server:s0 tcontext=u:object_r:system_server_tmpfs:s0 tclass=file permissive=1
I/system_server(  815): type=1400 audit(0.0:3070): avc: denied { create } for name="POWER_LEVEL" scontext=u:r:system_server:s0 tcontext=u:object_r:system_server_tmpfs:s0 tclass=file permissive=1
I/system_server(  815): type=1400 audit(0.0:3071): avc: denied { open } for path="/tmp/systemstatus/POWER_LEVEL" dev="tmpfs" ino=117679 scontext=u:r:system_server:s0 tcontext=u:object_r:system_server_tmpfs:s0 tclass=file permissive=1
I/PowerUI ( 2536): mBatteryHealth = 1
D/HeadsetStateMachine( 4924): Disconnected process message: 10, size: 0
I/ReactNativeJS(24244): Running application "DtefMobileReactNative" with appParams: {"rootTag":1}. __DEV__ === true, development-level warning are ON, performance optimizations are OFF
E/WifiStateMachine(  815): WifiStateMachine CMD_START_SCAN source -2 txSuccessRate=0.00 rxSuccessRate=30.42 targetRoamBSSID=00:00:00:00:00:00 RSSI=-30
E/WifiStateMachine(  815): WifiStateMachine starting scan for "WLANGPLXADM"-WPA_PSK with 2412,2462,2437
D/wpa_supplicant(20436): wlan0: Control interface command 'SCAN TYPE=ONLY freq=2412,2462,2437'
D/wpa_supplicant(20436): wlan0: Setting scan request: 0.000000 sec
D/wpa_supplicant(20436): wlan0: Starting AP scan for wildcard SSID
D/wpa_supplicant(20436): wlan0: Limit manual scan to specified channels
D/wpa_supplicant(20436): wlan0: Add radio work 'scan'@0xb88a2360
D/wpa_supplicant(20436): wlan0: First radio work item in the queue - schedule start immediately
D/wpa_supplicant(20436): wlan0: Starting radio work 'scan'@0xb88a2360 after 0.000113 second wait
D/wpa_supplicant(20436): wlan0: nl80211: scan request
D/wpa_supplicant(20436): nl80211: Scan SSID - hexdump(len=0): [NULL]
D/wpa_supplicant(20436): nl80211: Scan frequency 2412 MHz
D/wpa_supplicant(20436): nl80211: Scan frequency 2437 MHz
D/wpa_supplicant(20436): nl80211: Scan frequency 2462 MHz
D/wpa_supplicant(20436): Scan requested (ret=0) - scan timeout 30 seconds
I/WifiHAL (  815): Poll result = 1
D/wpa_supplicant(20436): nl80211: Event message available
I/WifiHAL (  815): Found some events!!!
D/wpa_supplicant(20436): nl80211: Drv Event 33 (NL80211_CMD_TRIGGER_SCAN) received for wlan0
D/WifiHAL (  815): no_seq_check received
D/wpa_supplicant(20436): wlan0: nl80211: Scan trigger
I/WifiHAL (  815): event received NL80211_CMD_TRIGGER_SCAN
D/wpa_supplicant(20436): wlan0: Event SCAN_STARTED (49) received
I/WifiHAL (  815): event received NL80211_CMD_TRIGGER_SCAN, vendor_id = 0x0
D/wpa_supplicant(20436): wlan0: Own scan request started a scan in 0.000573 seconds
I/WifiHAL (  815): event ignored!!
D/wpa_supplicant(20436): CTRL_IFACE monitor sent successfully to /data/misc/wifi/sockets/wpa_ctrl_815-21\x00
I/WifiHAL (  815): Poll result = 1
I/WifiHAL (  815): Found some events!!!
D/WifiHAL (  815): no_seq_check received
I/WifiHAL (  815): event received NL80211_CMD_NEW_SCAN_RESULTS
I/WifiHAL (  815): event received NL80211_CMD_NEW_SCAN_RESULTS, vendor_id = 0x0
I/WifiHAL (  815): event ignored!!
D/wpa_supplicant(20436): nl80211: Event message available
D/wpa_supplicant(20436): nl80211: Drv Event 34 (NL80211_CMD_NEW_SCAN_RESULTS) received for wlan0
D/wpa_supplicant(20436): wlan0: nl80211: New scan results available
D/wpa_supplicant(20436): nl80211: Scan included frequencies: 2412 2437 2462
D/wpa_supplicant(20436): wlan0: Event SCAN_RESULTS (3) received
D/wpa_supplicant(20436): wlan0: Scan completed in 0.161928 seconds
D/wpa_supplicant(20436): nl80211: Associated on 2412 MHz
D/wpa_supplicant(20436): nl80211: Associated with 70:69:5a:18:a7:a1
D/wpa_supplicant(20436): nl80211: Received scan results (10 BSSes)
D/wpa_supplicant(20436): nl80211: Scan results indicate BSS status with 70:69:5a:18:a7:a1 as associated
D/wpa_supplicant(20436): wlan0: BSS: Start scan result update 84
D/wpa_supplicant(20436): wlan0: BSS: Add new id 39 BSSID 18:9c:5d:44:79:80 SSID 'WLANGPLXTI'
D/wpa_supplicant(20436): CTRL_IFACE monitor sent successfully to /data/misc/wifi/sockets/wpa_ctrl_815-21\x00
D/wpa_supplicant(20436): BSS: last_scan_res_used=10/32
D/wpa_supplicant(20436): wlan0: Scan-only results received
D/wpa_supplicant(20436): CTRL_IFACE monitor sent successfully to /data/misc/wifi/sockets/wpa_ctrl_815-21\x00
D/wpa_supplicant(20436): wlan0: Radio work 'scan'@0xb88a2360 done in 0.166712 seconds
D/wpa_supplicant(20436): wlan0: Control interface command 'BSS RANGE=0- MASK=0x21987'
D/wpa_supplicant(20436): wlan0: Control interface command 'STATUS-NO_EVENTS'
E/VM_BMS  (24311): Unable to open BMS device
E/VM_BMS  (24311): Unable to intialize BMS parameters
I/System.out(24244): call findFirstX509TrustManager! keyProvider=null
I/SurfaceFlinger(  282): FPS: 6
D/wpa_supplicant(20436): wlan0: Control interface command 'SIGNAL_POLL'
I/System.out(24244): call findFirstX509TrustManager! keyProvider=null
I/SurfaceFlinger(  282): FPS: 1
I/PowerUI ( 2536): mBatteryHealth = 1
D/HeadsetStateMachine( 4924): Disconnected process message: 10, size: 0
D/wpa_supplicant(20436): wlan0: Control interface command 'SIGNAL_POLL'
I/System.out(24244): call findFirstX509TrustManager! keyProvider=null
E/VM_BMS  (24321): Unable to open BMS device
E/VM_BMS  (24321): Unable to intialize BMS parameters
I/SurfaceFlinger(  282): FPS: 3
I/System.out(24244): call findFirstX509TrustManager! keyProvider=null
D/wpa_supplicant(20436): wlan0: Control interface command 'SIGNAL_POLL'
D/HeadsetStateMachine( 4924): Disconnected process message: 10, size: 0
I/PowerUI ( 2536): mBatteryHealth = 1
I/SurfaceFlinger(  282): FPS: 1
I/System.out(24244): call findFirstX509TrustManager! keyProvider=null
D/wpa_supplicant(20436): wlan0: Control interface command 'SIGNAL_POLL'
V/DTEFMobile(24244): executeTransaction - init
D/libart  (24244): [File] : art/runtime/native/java_lang_Runtime.cc; [Line] : 89; [Func] : Runtime_nativeLoad;
D/libart  (24244): to verify mac_file for non system app_native_lib '/data/app/br.com.linx.dtefmobilereactnative-1/lib/arm/libDPOSDRV.so'.
D/libart  (24244): [File] : art/runtime/native/java_lang_Runtime.cc; [Line] : 107; [Func] : Runtime_nativeLoad;
D/libart  (24244): app_native_lib /data/app/br.com.linx.dtefmobilereactnative-1/lib/arm/libDPOSDRV.so PASS mac verification.
D/JNI_OnLoad(24244): JNI_OnLoad vm=0xb78701b0
D/JNI_OnLoad(24244): true
D/JNI_OnLoad(24244): getVM=0 jvmGlobal=0xb78701b0
D/CDTEFMobile(24244): setcontext=[br.com.linx.dtefmobilereactnative.MainApplication@1ce7f67d]
V/DTEFMobile(24244): executeTransaction - defineParametros
V/DTEFMobile(24244): DefineParametrosDTEFMobile par=CupomFiscal=00001
V/DTEFMobile(24244): DefineParametrosDTEFMobile key=CupomFiscal - value=00001
I/System.out(24244): setParameter: CupomFiscal=[00001]
V/DTEFMobile(24244): DefineParametrosDTEFMobile par=IPServidor=172.16.138.68
V/DTEFMobile(24244): DefineParametrosDTEFMobile key=IPServidor - value=172.16.138.68
I/System.out(24244): setParameter: IPServidor=[172.16.138.68]
V/DTEFMobile(24244): DefineParametrosDTEFMobile par=PortaServidor=6850
V/DTEFMobile(24244): DefineParametrosDTEFMobile key=PortaServidor - value=6850
I/System.out(24244): setParameter: PortaServidor=[6850]
V/DTEFMobile(24244): DefineParametrosDTEFMobile par=CNPJAutomacao=17551152519415
V/DTEFMobile(24244): DefineParametrosDTEFMobile key=CNPJAutomacao - value=17551152519415
I/System.out(24244): setParameter: CNPJAutomacao=[17551152519415]
V/DTEFMobile(24244): DefineParametrosDTEFMobile par=PinPadAtivo=1
V/DTEFMobile(24244): DefineParametrosDTEFMobile key=PinPadAtivo - value=1
I/System.out(24244): setParameter: PinPadAtivo=[1]
