V/DTEFMobile(24244): DefineParametrosDTEFMobile par=NUMLOJA=0014
V/DTEFMobile(24244): DefineParametrosDTEFMobile key=NUMLOJA - value=0014
I/System.out(24244): setParameter: NUMLOJA=[0014]
V/DTEFMobile(24244): DefineParametrosDTEFMobile par=NUMPDV=0312
V/DTEFMobile(24244): DefineParametrosDTEFMobile key=NUMPDV - value=0312
I/System.out(24244): setParameter: NUMPDV=[0312]
V/DTEFMobile(24244): DefineParametrosDTEFMobile par=NUMESTAB=0001
V/DTEFMobile(24244): DefineParametrosDTEFMobile key=NUMESTAB - value=0001
I/System.out(24244): setParameter: NUMESTAB=[0001]
V/DTEFMobile(24244): DefineParametrosDTEFMobile par=CNPJESTAB=17551152519415
V/DTEFMobile(24244): DefineParametrosDTEFMobile key=CNPJESTAB - value=17551152519415
I/System.out(24244): setParameter: CNPJESTAB=[17551152519415]
V/DTEFMobile(24244): DefineParametrosDTEFMobile par=TipoServidorTEF=0
V/DTEFMobile(24244): DefineParametrosDTEFMobile key=TipoServidorTEF - value=0
I/System.out(24244): setParameter: TipoServidorTEF=[0]
V/DTEFMobile(24244): DefineParametrosDTEFMobile par=TipoInterface=0
V/DTEFMobile(24244): DefineParametrosDTEFMobile key=TipoInterface - value=0
I/System.out(24244): setParameter: TipoInterface=[0]
V/DTEFMobile(24244): DefineParametrosDTEFMobile par=CodigoTransacao=1
V/DTEFMobile(24244): DefineParametrosDTEFMobile key=CodigoTransacao - value=1
I/System.out(24244): setParameter: CodigoTransacao=[1]
V/DTEFMobile(24244): Execute transaction
V/DTEFMobile(24244): displayTerminalIniciando transacao. Aguarde...
V/DTEFMobile(24244): setRespostaRecebida = false
V/DTEFMobile(24244): aguardaRecebeResposta - displayTerminal inicio bRespostaRecebida = false
I/ReactNativeJS(24244): { mensagem: 'Iniciando transacao. Aguarde...',
I/ReactNativeJS(24244):   function: 'displayTerminal',
I/ReactNativeJS(24244):   action: 'InputCallback' }
I/ReactNativeJS(24244): respondendo
I/SurfaceFlinger(  282): FPS: 2
V/DTEFMobile(24244): setRespostaRecebida
V/DTEFMobile(24244): setRespostaRecebida = true
I/System.out(24244): setRespostaRecebida = true
V/DTEFMobile(24244): aguardaRecebeResposta = resultado = 0
V/DTEFMobile(24244): aguardaRecebeResposta = stringRetorno = 
V/DTEFMobile(24244): aguardaRecebeResposta = intRetorno = 0
I/System.out(24244): [executeTransactionX] context=br.com.linx.dtefmobilereactnative.MainApplication@1ce7f67d
I/System.out(24244): DefineParametroConfiguracao: IPServidor = 172.16.138.68
I/System.out(24244): DefineParametroConfiguracao: PortaServidor = 6850
I/System.out(24244): DefineParametroConfiguracao: CNPJESTAB = 17551152519415
I/System.out(24244): DefineParametroConfiguracao: NUMPDV = 0312
I/System.out(24244): DefineParametroConfiguracao: NUMLOJA = 0014
I/System.out(24244): DefineParametroConfiguracao: NUMESTAB = 0001
I/System.out(24244): DefineParametroConfiguracao: PinPadAtivo = 1
I/System.out(24244): DefineParametroConfiguracao: IPServidorSiTef = null
I/System.out(24244): DefineParametroConfiguracao: PortaServidorSiTef = null
I/System.out(24244): DefineParametroConfiguracao: NumeroTerminalSiTef = null
I/System.out(24244): DefineParametroConfiguracao: CodigoEmpresaSiTef = null
I/System.out(24244): DefineParametroConfiguracao: ComunicacaoSSL = null
I/System.out(24244): [leConfiguracoes] sValorParametro PinpadAtivo=[1]
D/InitDTEFMobile(24244): context=[br.com.linx.dtefmobilereactnative.MainApplication@1ce7f67d]
D/InitDTEFMobile(24244): promptX=[br.com.linx.dtefmobilereactnative.RNDtefmobilernModule@215585a1]
D/initFuncoesComuns(24244): inicio
D/initClassConfig(24244): classConfigContext=[0x566]
D/initClassConfig(24244): objConfig=[0x56a]
D/initFuncoesTela(24244): inicio
D/initFuncoesTela(24244): oDTEFMobile=[0x20056e]
D/initFuncoesTela(24244): oObjGlobalTela=[0x200572]
D/initPPBluetooth(24244): inicio
D/initPPBluetooth(24244): classPPBluetooth=[0x200009]
D/initPPBluetooth(24244): oObjGlobalBluetooth=[0x576]
D/initPPBluetooth(24244): fim
D/initFuncoesPinpad(24244): inicio
D/initFuncoesPinpad(24244): _oDTEFMobile=[0x9d9f6a44]
D/initFuncoesPinpad(24244): objContext=[0x562]
D/initFuncoesPinpad(24244): obj=[0x9d9f6a3c]
D/initFuncoesPinpad(24244): objPinpad=[0x0]
D/initFuncoesPinpad(24244): objActivityGlobal=[0x10055e]
D/initFuncoesPinpad(24244): oDTEFMobile=[0x57e]
D/CTEFMobilePinpad(24244): DTEFMobile=[com.linx.dtefmobile.CDTEFMobile@3ba723c6]
D/CDTEFMobile(24244): getcontext=[br.com.linx.dtefmobilereactnative.MainApplication@1ce7f67d]
D/CTEFMobilePinpad(24244): oDTEFMobile.getContext()=[br.com.linx.dtefmobilereactnative.MainApplication@1ce7f67d]
D/CDTEFMobile(24244): getcontext=[br.com.linx.dtefmobilereactnative.MainApplication@1ce7f67d]
D/CDTEFMobile(24244): setcontext=[br.com.linx.dtefmobilereactnative.MainApplication@1ce7f67d]
D/CDTEFMobile(24244): getcontext=[br.com.linx.dtefmobilereactnative.MainApplication@1ce7f67d]
E/VM_BMS  (24332): Unable to open BMS device
E/VM_BMS  (24332): Unable to intialize BMS parameters
D/initFuncoesPinpad(24244): oDTEFMobile=[0x57e]
D/initFuncoesPinpad(24244): objPinpad=[0x100582]
D/initFuncoesComunicacao(24244): inicio
D/initFuncoesComunicacao(24244): oObjGlobalComunicacao=[0x586]
I/System.out(24244): [executeTransactionX] sPinpadAtivo=[true]
I/System.out(24244): [executeTransactionX] iNumeroInstancias=1
D/MODEL   (24244): Build.MODEL=[APOS A8OVS]
D/PRODUCT (24244): Build.PRODUCT=[APOS A8]
D/Java_com_linx_dtefmobile_CDTEFMobile_ExecutaTransacao(24244): antes env=0xb7b48e10 obj=0x9d9f6aac
D/put_env_android(24244): jvmGlobal=[0xb78701b0] objActivityGlobal=[0x10055e] classConfigContext[0x566] objConfig=[0x56a]
D/put_env_android(24244): jvmGlobal=[0xb78701b0] objActivityGlobal=[0x10055e] classConfigContext[0x566] objConfig=[0x56a]
D/Java_com_linx_dtefmobile_CDTEFMobile_ExecutaTransacao(24244): depois env=0xb7b48e10 obj=0x9d9f6aac codigoTransacao=1 iCodigoTransacao=1
D/Java_com_linx_dtefmobile_CDTEFMobile_ExecutaTransacao(24244): antes ExecutaTransacao
D/Java_com_linx_dtefmobile_CDTEFMobile_ExecutaTransacao(24244): pValor=[000000000000]
D/Java_com_linx_dtefmobile_CDTEFMobile_ExecutaTransacao(24244): pNumeroCupom=[00001]
D/Java_com_linx_dtefmobile_CDTEFMobile_ExecutaTransacao(24244): pNumeroControle=[000000]
D/leConfiguracao(24244): pConfiguracao[PinPadAtivo] cNameConfig[PinPadAtivo]
D/leConfiguracao(24244): [PinPadAtivo=1]
D/pDisplayTerminal(24244): pMensagem1=[Conectando PIN Pad...]
D/pDisplayTerminal(24244): pMensagem2=[Conectando PIN Pad...]
V/DTEFMobile(24244): displayTerminalConectando PIN Pad...
V/DTEFMobile(24244): setRespostaRecebida = false
V/DTEFMobile(24244): aguardaRecebeResposta - displayTerminal inicio bRespostaRecebida = false
I/ReactNativeJS(24244): { mensagem: 'Conectando PIN Pad...',
I/ReactNativeJS(24244):   function: 'displayTerminal',
I/ReactNativeJS(24244):   action: 'InputCallback' }
I/ReactNativeJS(24244): respondendo
V/DTEFMobile(24244): setRespostaRecebida
V/DTEFMobile(24244): setRespostaRecebida = true
I/System.out(24244): setRespostaRecebida = true
V/DTEFMobile(24244): aguardaRecebeResposta = resultado = 0
V/DTEFMobile(24244): aguardaRecebeResposta = stringRetorno = 
V/DTEFMobile(24244): aguardaRecebeResposta = intRetorno = 0
D/IP_PPOpen(24244): Inicio
D/IP_PPOpen(24244): Passo(1)
D/MODEL   (24244): Build.MODEL=[APOS A8OVS]
D/PRODUCT (24244): Build.PRODUCT=[APOS A8]
V/[DeviceService]( 6872): [USDK]--------- register(param: null) ---------
D/ClientManager( 6872): newClient | appName: br.com.linx.dtefmobilereactnative, appBinder: com.landicorp.android.eptapi.service.ObserverBinder@dd5eb04
I/Binder_4( 7126): type=1400 audit(0.0:3072): avc: denied { transfer } for scontext=u:r:untrusted_app:s0 tcontext=u:r:init:s0 tclass=binder permissive=1
I/!MCSER! ( 2704): TRANSACT | receive transaction code :2
I/!MCSER! ( 2704): ================  ON LOGIN  ================
D/!MCSER! ( 2704): LOGIN | current device status:0
D/!MCSER! ( 2704): UClientManager::loginedClientNum  mClients.size()0
D/MC HELPER( 3043): get pid and uid
D/MC HELPER( 3043): get pid and uid, pkgName =br.com.linx.dtefmobilereactnative
D/MC HELPER( 3043): getPidAndUid pkgName:br.com.linx.dtefmobilereactnative
D/MC HELPER( 3043): getPidAndUid pid :24244
D/MC HELPER( 3043): getPidAndUid uid :10059
D/MC HELPER( 3043): get pid and uid, pid =24244
D/MC HELPER( 3043): get pid and uid, uid =10059
I/servicemanager(  280): type=1400 audit(0.0:3073): avc: denied { search } for name="2704" dev="proc" ino=77067 scontext=u:r:servicemanager:s0 tcontext=u:r:init:s0 tclass=dir permissive=1
D/MC HELPER( 3043): get pid and uid, write end, and return true
I/servicemanager(  280): type=1400 audit(0.0:3074): avc: denied { read } for name="current" dev="proc" ino=78592 scontext=u:r:servicemanager:s0 tcontext=u:r:init:s0 tclass=file permissive=1
D/!MCSER! ( 2704): get pid success, appName:br.com.linx.dtefmobilereactnative, pid:24244, num:1
D/!MCSER! ( 2704): LOGIN | @client[br.com.linx.dtefmobilereactnative] | pid = 24244, uid = 10059
I/servicemanager(  280): type=1400 audit(0.0:3075): avc: denied { open } for path="/proc/2704/attr/current" dev="proc" ino=78592 scontext=u:r:servicemanager:s0 tcontext=u:r:init:s0 tclass=file permissive=1
D/!MCSER! ( 2704): add clientInfo, clientName=br.com.linx.dtefmobilereactnative,info address =0xb8046828
I/!MCSER! ( 2704): get foreground app pid for displayId:0
I/!MCSER! ( 2704): ro.build.version.sdk = 22
I/servicemanager(  280): type=1400 audit(0.0:3076): avc: denied { getattr } for scontext=u:r:servicemanager:s0 tcontext=u:r:init:s0 tclass=process permissive=1
D/!MCSER! ( 2704): getForegroundAppName | displayId =0, ret = 0
D/!MCSER! ( 2704): setTopListenerState, enableTopListener:true
D/MC HELPER( 3043): pid: 24244 pkgName: br.com.linx.dtefmobilereactnative  Label: DtefMobileReactNative
I/!MCSER! ( 2704): getForegroundAppName | current in foreground, displayId:0, pid :24244, appName:br.com.linx.dtefmobilereactnative
I/!MCSER! ( 2704): get foreground app pid for displayId:1
I/!MCSER! ( 2704): ro.build.version.sdk = 22
D/!MCSER! ( 2704): getForegroundAppName | displayId =1, ret = 0
D/!MCSER! ( 2704): setTopListenerState, enableTopListener:true
I/!MCSER! ( 2704): getForegroundAppName | current in foreground, displayId:1, pid :-1, appName:NULL
D/!MCSER! ( 2704): setInForeground |isForeGround:true
I/!MCSER! ( 2704): LOGIN | @client[br.com.linx.dtefmobilereactnative] isServerProcess:false
I/!MCSER! ( 2704): LOGIN | @client[br.com.linx.dtefmobilereactnative] isInForegroud:true
I/!MCSER! ( 2704): LOGIN | @client[br.com.linx.dtefmobilereactnative] in displayId:0
I/!MCSER! ( 2704): LOGIN | @client[br.com.linx.dtefmobilereactnative] login status:false
I/!MCSER! ( 2704): create dev:MAG
I/!MCSER! ( 2704): LIBRARY | load library, isLoad = false
I/!MCSER! ( 2704): LIBRARY | load library, path = libRFcard.so
I/!MCSER! ( 2704): LIBRARY | load library, path = libRFcard.so
I/!MCSER! ( 2704): LIBRARY | load success, path = libRFcard.so
I/!MCSER! ( 2704): create dev:RF0
I/!MCSER! ( 2704): create dev:ISCR
I/!MCSER! ( 2704): create dev:ICC0
I/!MCSER! ( 2704): create dev:ICC1
I/!MCSER! ( 2704): create dev:SAM1
I/!MCSER! ( 2704): create dev:SAM2
I/!MCSER! ( 2704): create dev:SAM3
I/!MCSER! ( 2704): create dev:SAM4
I/!MCSER! ( 2704): create dev:PRT
I/!MCSER! ( 2704): create dev:CBX
I/!MCSER! ( 2704): create dev:IDC
I/!MCSER! ( 2704): create dev:BEEP
I/!MCSER! ( 2704): create dev:EMV Helper
I/!MCSER! ( 2704): create dev:EMV Callback Helper
I/!MCSER! ( 2704): create dev:Paypass Helper
I/!MCSER! ( 2704): create dev:USBD
I/!MCSER! ( 2704): create dev:TIMER
I/!MCSER! ( 2704): create dev:APPTIMER
I/!MCSER! ( 2704): create dev:DLED
I/!MCSER! ( 2704): set emv process helper app info
I/!MCSER! ( 2704): create devices end, size:20
I/!MCSER! ( 2704): init app info end
I/!MCSER! ( 2704): LOGIN | @client[br.com.linx.dtefmobilereactnative] | login success!
D/!MCSER! ( 2704): Duration  | LOGIN | @client[br.com.linx.dtefmobilereactnative] | 25568
D/!MCSER! ( 2704): UClientManager::loginedClientNum  mClients.size()1
D/!MCSER! ( 2704): UClientManager::client name is br.com.linx.dtefmobilereactnative
D/!MCSER! ( 2704): UAndroidClient::getAppPackagePath   enter:
I/sh      (24333): type=1400 audit(0.0:3077): avc: denied { execute } for name="PackageManager" dev="mmcblk0p28" ino=169 scontext=u:r:init_shell:s0 tcontext=u:object_r:unlabeled:s0 tclass=file permissive=1
I/sh      (24333): type=1400 audit(0.0:3078): avc: denied { execute_no_trans } for path="/epay/usr/bin/PackageManager" dev="mmcblk0p28" ino=169 scontext=u:r:init_shell:s0 tcontext=u:object_r:unlabeled:s0 tclass=file permissive=1
D/!MCSER! ( 2704): UAndroidClient::getAppPackagePath |commandResult :Package: fam
D/!MCSER! ( 2704): 
D/!MCSER! ( 2704): UAndroidClient::getAppPackagePath |commandResult :Version: 1.8.0
D/!MCSER! ( 2704): 
D/!MCSER! ( 2704): UAndroidClient::getAppPackagePath |version :1.8.0
D/!MCSER! ( 2704): 
D/!MCSER! ( 2704): UAndroidClient::getAppPackagePath |version :1.8.0
D/!MCSER! ( 2704): 
D/!MCSER! ( 2704): UAndroidClient::getAppPackagePath |compareVersion version >=1.6.11 |APOS ,P990,P960 
D/AndroidRuntime(24334): >>>>>> START com.android.internal.os.RuntimeInit uid 0 <<<<<<
D/AndroidRuntime(24334): CheckJNI is OFF
I/Nativepkcs11Wrapper-jni(24334): libcore_io_Nativepkcs11Wrapper
E/Configuration(24334): parseConfigXml
E/Configuration(24334): parseConfigXml key:storage_usb_sd value:1
D/AndroidRuntime(24334): Calling main entry com.android.commands.pm.Pm
D/!MCSER! ( 2704): UAndroidClient::getAppPackagePath |commandResult d packages :package:/data/app/br.com.linx.dtefmobilereactnative-1/base.apk=br.com.linx.dtefmobilereactnative
D/!MCSER! ( 2704): 
D/!MCSER! ( 2704): UAndroidClient::getAppPackagePath |strlen(commandResult):97
D/!MCSER! ( 2704): UAndroidClient::getAppPackagePath |getAppName().length():33
D/!MCSER! ( 2704): UAndroidClient::getAppPackagePath |strlen(package:):8
D/!MCSER! ( 2704): UAndroidClient::getAppPackagePath |findStrOffset+1+client->getAppName().length():96|strlen(commandResult)-1:96
I/art     (24334): System.exit called, status: 0
I/AndroidRuntime(24334): VM exiting with result code 0.
D/MasterController( 6872): ---------- login | client [br.com.linx.dtefmobilereactnative] login success ----------
D/<common>( 6872): [USDK]...[br.com.linx.dtefmobilereactnative]...
D/<common>( 6872): [USDK]android.permission.WAKE_LOCK
D/<common>( 6872): [USDK]android.permission.SYSTEM_ALERT_WINDOW
D/<common>( 6872): [USDK]android.permission.READ_CONTACTS
D/<common>( 6872): [USDK]android.permission.ACCESS_NETWORK_STATE
D/<common>( 6872): [USDK]android.permission.ACCESS_WIFI_STATE
D/<common>( 6872): [USDK]android.permission.INTERNET
D/<common>( 6872): [USDK]android.permission.BLUETOOTH
D/<common>( 6872): [USDK]android.permission.BLUETOOTH_ADMIN
D/<common>( 6872): [USDK]android.permission.WRITE_EXTERNAL_STORAGE
D/<common>( 6872): [USDK]android.permission.READ_EXTERNAL_STORAGE
D/<common>( 6872): [USDK]android.permission.WRITE_OWNER_DATA
D/<common>( 6872): [USDK]android.permission.READ_OWNER_DATA
D/<common>( 6872): [USDK]com.google.android.things.permission.USE_PERIPHERAL_IO
D/<common>( 6872): [USDK]titan.extperm.USB_SET
D/<common>( 6872): [USDK]android.permission.READ_PHONE_STATE
D/<common>( 6872): [USDK]android.permission.CHANGE_WIFI_STATE
F/[DeviceService]( 6872): [USDK]/// debugLog | param = {commonLog=true,emvLog=true,}
F/[DeviceService]( 6872): [USDK]>>> setLogLevel(emvLogLevel : 2, usdkLogLevel : 4 )
I/Choreographer(24244): Skipped 33 frames!  The application may be doing too much work on its main thread.
V/[DeviceService]( 6872): [USDK]--------- getParamFile(moduleName : KEYMAPPER, fileName : KEYMAP.INI) ---------
I/libfam  ( 6872): lpd from apk path:/data/app/br.com.linx.dtefmobilereactnative-1/base.apk
I/libfam  ( 6872): current file is a signed_file_in_fmt_v3
E/libfam  ( 6872): [Line] : 12502; [Func] : EA_ucGetLpdFromSignApk; not support sign file, or has not lpd!
E/libfam  ( 6872): [Line] : 12540; [Func] : EA_ucGetLpdFromSignApk; pcFilePath=/data/app/br.com.linx.dtefmobilereactnative-1/base.apk, ucRet=0x10
E/epayauthfile( 6872): [Line] : 230; [Func] : fam_getSignedFileInfo; get lpd err..!
E/epayauthfile( 6872): [Line] : 289; [Func] : fam_getExtSignedApkInfo_Tmp; Function call returned error : ret = 16.
E/epayauthfile( 6872): [Line] : 709; [Func] : Java_com_landicorp_security_apkauth_ApkAuthenticator_getExtSignedApkInfoStr_1native; Function call returned error : ret = 16.
E/epayauthfile( 6872): fail to get ext_signed_apk_info from native.
W/Domain  (  815): checkUidPermission(), com.usdk.paramfile.perm.NORMAL_FUNC ---> com.landi.paramfile.perm.NORMAL_FUNC
W/Domain  (  815): checkUidPermission(), current state is PS_MOCKUP, we grant permission: com.landi.paramfile.perm.NORMAL_FUNC
I/System.out(24244): call findFirstX509TrustManager! keyProvider=null
D/JNI_DEBUG( 6872): EA_ucGetParamFileLength | iRet: 0, fileName: KEYMAP.INI, moduleName: KEYMAPPER
D/JNI_DEBUG( 6872): EA_ucParamFileFindPara | iRet: 0, fileName: KEYMAP.INI, moduleName: KEYMAPPER
D/JNI_DEBUG( 6872): EA_ucParamFileFindPara | iRet: 0, fileName: KEYMAP.INI, moduleName: KEYMAPPER
D/JNI_DEBUG( 6872): EA_ucParamFileFindPara | iRet: 0, fileName: KEYMAP.INI, moduleName: KEYMAPPER
D/JNI_DEBUG( 6872): EA_ucParamFileFindPara | iRet: 0, fileName: KEYMAP.INI, moduleName: KEYMAPPER
D/JNI_DEBUG( 6872): EA_ucParamFileFindPara | iRet: 0, fileName: KEYMAP.INI, moduleName: KEYMAPPER
D/JNI_DEBUG( 6872): EA_ucParamFileFindPara | iRet: 0, fileName: KEYMAP.INI, moduleName: KEYMAPPER
D/JNI_DEBUG( 6872): EA_ucParamFileFindPara | iRet: 0, fileName: KEYMAP.INI, moduleName: KEYMAPPER
V/[DeviceService]( 6872): [USDK]--------- getEMV ---------
I/libfam  ( 6872): lpd from apk path:/data/app/br.com.linx.dtefmobilereactnative-1/base.apk
I/libfam  ( 6872): current file is a signed_file_in_fmt_v3
E/libfam  ( 6872): [Line] : 12502; [Func] : EA_ucGetLpdFromSignApk; not support sign file, or has not lpd!
E/libfam  ( 6872): [Line] : 12540; [Func] : EA_ucGetLpdFromSignApk; pcFilePath=/data/app/br.com.linx.dtefmobilereactnative-1/base.apk, ucRet=0x10
E/epayauthfile( 6872): [Line] : 230; [Func] : fam_getSignedFileInfo; get lpd err..!
E/epayauthfile( 6872): [Line] : 289; [Func] : fam_getExtSignedApkInfo_Tmp; Function call returned error : ret = 16.
E/epayauthfile( 6872): [Line] : 709; [Func] : Java_com_landicorp_security_apkauth_ApkAuthenticator_getExtSignedApkInfoStr_1native; Function call returned error : ret = 16.
E/epayauthfile( 6872): fail to get ext_signed_apk_info from native.
W/Domain  (  815): checkUidPermission(), com.usdk.emvkernel.perm.NORMAL_FUNC ---> com.landi.emvkernel.perm.NORMAL_FUNC
W/Domain  (  815): checkUidPermission(), current state is PS_MOCKUP, we grant permission: com.landi.emvkernel.perm.NORMAL_FUNC
D/ClientManager( 6872): uninstallListeners | appName: br.com.linx.dtefmobilereactnative, eventId: EVENT_EMV_PROCESS_ON_RESPONSE
D/ClientManager( 6872): installListener | appName: br.com.linx.dtefmobilereactnative
D/MasterController( 6872): ## request | appName: br.com.linx.dtefmobilereactnative, REQ: EMVL2_PROCESS_DO_INTERFACE
D/MasterController( 6872): ## request | ipcInvokeDirectly: false
I/!MCSER! ( 2704): TRANSACT | receive transaction code :4
I/!MCSER! ( 2704): ================ ON REQUEST =================
D/!MCSER! ( 2704): UActionCenter::(!defined IS_C10) || (!defined IS_C9)
I/!MCSER! ( 2704): REQUEST | @client[br.com.linx.dtefmobilereactnative] |  action code is:0xff0003 will invoke TXN_EMVL2_PROCESS
D/!MCSER! ( 2704): getClientPidAndUid  pid is :24244 |uid is :10059
D/!MCSER! ( 2704): REQUEST | @client[br.com.linx.dtefmobilereactnative] |  pid:24244|uid:10059|tid:6891
D/!MCSER! ( 2704): @client[br.com.linx.dtefmobilereactnative] is exist
D/!MCSER! ( 2704): EMVL2 Pr | [br.com.linx.dtefmobilereactnative] exec action is:EMVL2_INITIAL
D/!MCSER! ( 2704): EMVL2 Pr | [br.com.linx.dtefmobilereactnative] emv object is NULL
D/!MCSER! ( 2704): EMVL2 Pr | [br.com.linx.dtefmobilereactnative] create emv object
D/!MCSER! ( 2704): EMVL2 Pr | [br.com.linx.dtefmobilereactnative] ptEMVConfiguation.ucConfigID : 0xc0
D/!MCSER! ( 2704): EMVL2 Pr | [br.com.linx.dtefmobilereactnative] ptEMVConfiguation.ucDebugMode : 0x2
I/MCEMV   ( 2704): [MID]:
I/MCEMV   ( 2704): [MID]: # EI_ucInitEXAPI_IFC:[This is 1st Line of EMVKernel Log][18-09-06]
I/MCEMV   ( 2704): [MID]:
I/MCEMV   ( 2704): [MID]: # EMV_uiCreateObject:
I/MCEMV   ( 2704): [MID]:
I/MCEMV   ( 2704): [MID]: # EI_ucInitEXAPI_BASE:
I/MCEMV   ( 2704): [MID]: ! EX_API_ucICCIO is NULL !!!
I/MCEMV   ( 2704): [MID]: ! EX_API_ucGetRandomData is NULL !!!
I/MCEMV   ( 2704): [MID]: ! EX_API_ucCalculateHash is NULL !!!
I/MCEMV   ( 2704): [EMV]:
I/MCEMV   ( 2704): [EMV]: **********<<LDEMV VERSION: 18-09-03>>**********
I/MCEMV   ( 2704): [EMV]: # EMV_AS_uiCreate:[12548]--------
I/MCEMV   ( 2704): [EMV]: * Creat AS object success![OID:b805d980]
I/MCEMV   ( 2704): [EMV]:
I/MCEMV   ( 2704): [EMV]: **********<<LDEMV VERSION: 18-09-03>>**********
I/MCEMV   ( 2704): [EMV]: # EMV_uiCreate:[25620]--------
I/MCEMV   ( 2704): [EMV]: # EI_ucInitEXAPI_BASE: LANDI
I/MCEMV   ( 2704): [EMV]:
I/MCEMV   ( 2704): [EMV]: # TLV_ucInitial...
I/MCEMV   ( 2704): [EMV]: # TAG_NUM:303 ICC_TAG_NUM:153 FULL_BUFFER:15153  TLVList:8512 
I/MCEMV   ( 2704): 
I/MCEMV   ( 2704): [EMV]: # Init Location of EMV...
I/MCEMV   ( 2704): [EMV]: # Init Location of DEF...
I/MCEMV   ( 2704): [EMV]: # Set EMV Config: C0
I/MCEMV   ( 2704): [EMV]: * Creat object success![OID:b8060a88]
I/MCEMV   ( 2704): [ M ]:
I/MCEMV   ( 2704): 
I/MCEMV   ( 2704): [ M ]:**********<<PAYPASS_VERSION: 18-07-05>>**********
I/MCEMV   ( 2704): [ M ]: # PayPass_uiCreate: 
I/MCEMV   ( 2704): [ M ]: * SIZEOF(PAYPASS_OBJECT)=36488
I/MCEMV   ( 2704): [ M ]: * PayPass_uiCreate success!
I/MCEMV   ( 2704): [ M ]: * PayPass_uiCreate: pPayPassObject =0xb8066ea0
I/MCEMV   ( 2704): [MID]: * Create PayPass Object success! OID:b8066ea0
I/MCEMV   ( 2704): [ J ]:
I/MCEMV   ( 2704): 
I/MCEMV   ( 2704): [ J ]:**********<<JCB_VERSION: 18-08-24>>**********
I/MCEMV   ( 2704): [ J ]: # JCB_uiCreate: 
I/MCEMV   ( 2704): [ J ]: * SIZEOF(JCB_OBJECT)=18220
I/MCEMV   ( 2704): 
I/MCEMV   ( 2704): [ J ]: * JCB_uiCreate: JCB_pObject =0xb806fd30
I/MCEMV   ( 2704): 
I/MCEMV   ( 2704): [ J ]: * JCB_uiCreate success!
I/MCEMV   ( 2704): 
I/MCEMV   ( 2704): [MID]: * JCB_uiCreate Object success! OID:b806fd30
I/MCEMV   ( 2704): [ V ]: 
I/MCEMV   ( 2704): [ V ]: **********<<VISA VERSION: 18-08-08>>**********
I/MCEMV   ( 2704): [ V ]: 
I/MCEMV   ( 2704): [ V ]: # VISA_uiCreate:[LDEMV ObjID:B8060A88]--------
I/MCEMV   ( 2704): [ V ]: * sizeof(VISA_OBJECT_UNIT) = 6404
I/MCEMV   ( 2704): [ V ]: # Create Obj Success [New ObjID:B8074460][BasicObjID=B8060A88]
I/MCEMV   ( 2704): [ V ]: # VISA_uiInitTLVList--------
I/MCEMV   ( 2704): [ V ]: * Tag Total=[11]
I/MCEMV   ( 2704): [MID]: * Create VISA Object success! OID:b8074460
I/MCEMV   ( 2704): [ A ]: 
I/MCEMV   ( 2704): [ A ]: **********<<AMEX VERSION: 18-04-17>>**********
I/MCEMV   ( 2704): [ A ]: 
I/MCEMV   ( 2704): [ A ]: # AMEX_uiCreate:[LDEMV ObjID:B8060A88]----------
I/MCEMV   ( 2704): [ A ]: * sizeof(AMEX_OBJECT_UNIT) = 14496
I/MCEMV   ( 2704): [ A ]: # Create Obj Success [New ObjID:B8075D68][BasicObjID=B8060A88]
I/MCEMV   ( 2704): [ A ]: # AMEX_uiInitTLVList--------
I/MCEMV   ( 2704): [ A ]: * Tag Total=[12]
I/MCEMV   ( 2704): [MID]: * Create AMEX Object success! OID:b8075d68
I/MCEMV   ( 2704): [ D ]: 
I/MCEMV   ( 2704): [ D ]: **********<<DISCOVER VERSION: 18-08-20>>**********
I/MCEMV   ( 2704): [ D ]: 
I/MCEMV   ( 2704): [ D ]: # DISCOVER_uiCreate:[LDEMV ObjID:B8060A88]--------
I/MCEMV   ( 2704): [ D ]: * sizeof(DISCOVER_OBJECT_UNIT) = 17552
I/MCEMV   ( 2704): [ D ]: # Create Obj Success [New ObjID:B8079610][BasicObjID=B8060A88]
I/MCEMV   ( 2704): [ D ]: # DISCOVER_uiInitTLVList--------
I/MCEMV   ( 2704): [ D ]: * Tag Total=[9]
I/MCEMV   ( 2704): [MID]: * Create Discover Object success! OID:b8079610
I/MCEMV   ( 2704): [RuP]: 
I/MCEMV   ( 2704): [RuP]: **********<<RuPay VERSION: 18-08-30>>**********
I/MCEMV   ( 2704): [RuP]: 
I/MCEMV   ( 2704): [RuP]: # RUPAY_uiCreate:[LDEMV ObjID:B8060A88]----------
I/MCEMV   ( 2704): [RuP]: * sizeof(RUPAY_OBJECT_UNIT) = 19136
I/MCEMV   ( 2704): [RuP]: # Create Obj Success [New ObjID:B807DAA8][BasicObjID=B8060A88]
I/MCEMV   ( 2704): [RuP]: # RUPAY_uiInitTLVList--------
I/MCEMV   ( 2704): [RuP]: * Tag Total=[33]
I/MCEMV   ( 2704): [MID]: * Create RuPay Object success! OID:b807daa8
I/MCEMV   ( 2704): [ C ]: 
I/MCEMV   ( 2704): [ C ]: # QPBOC_enCreate--------
I/MCEMV   ( 2704): [ C ]: **********<<PBOC VERSION: 18-08-29>>**********
I/MCEMV   ( 2704): [ C ]: * QPBOC_enCreate succ, QPBOC PARAM SIZE: 8976, tObject: b8082570
I/MCEMV   ( 2704): [ C ]: * QPBOC TAG Table Elements Num :9
I/MCEMV   ( 2704): [MID]: * Create PBOC Object success! OID:b8082570
I/MCEMV   ( 2704): [CTE]: 
I/MCEMV   ( 2704): [CTE]: # CTEMV_enCreate--------
I/MCEMV   ( 2704): [CTE]: **********<<CTEMV VERSION: 18-03-14>>**********
I/MCEMV   ( 2704): [CTE]: * CTEMV_enCreate succ, CTEMV_PARAM SIZE: 3536, tObject: b80552f8
I/MCEMV   ( 2704): [MID]: * Create CTEMV Object success! OID:b80552f8
I/MCEMV   ( 2704): [PUR]: 
I/MCEMV   ( 2704): [PUR]: # PURE_enCreate--------
I/MCEMV   ( 2704): [PUR]: **********<<PURE VERSION: 18-08-07>>**********
I/MCEMV   ( 2704): [PUR]: * PURE_enCreate succ, PURE PARAM SIZE: 13656, tObject: b8084888
I/MCEMV   ( 2704): [PUR]: * PURE TAG Table Elements Num :50
I/MCEMV   ( 2704): [MID]: * Create PURE Object success! OID:b8084888
I/MCEMV   ( 2704): [PUR]: * Use Setting EXEP_vSendOut...
I/MCEMV   ( 2704): [PUR]: * Use Setting EXEP_ucCheckRevCer...
I/MCEMV   ( 2704): [MID]:
I/MCEMV   ( 2704): [MID]: # Init TLV List:
I/MCEMV   ( 2704): [MID]: * TM Tag total:[99], size[549]
I/MCEMV   ( 2704): [MID]: * Create EMV OBJECT Success! size:24516 OID:b80579b8
D/!MCSER! ( 2704): Duration | EMV_Kern_uiCreateObject | ret:0|9152
D/!MCSER! ( 2704): setEmvObject | @client[br.com.linx.dtefmobilereactnative] emvObject address:0xb80579b8
D/!MCSER! ( 2704): EMVL2 Pr | create emv object success, address:0xb80579b8
D/!MCSER! ( 2704): EMVL2 Pr | [br.com.linx.dtefmobilereactnative] reader == NULL
D/!MCSER! ( 2704): EMVL2 Pr | Initial @client[br.com.linx.dtefmobilereactnative] | start init
D/!MCSER! ( 2704): EMVL2 Pr | Initial @client[br.com.linx.dtefmobilereactnative] | set logMode :2
I/MCEMV   ( 2704): [MID]: * OID: b80579b8!!!
I/MCEMV   ( 2704): 
I/MCEMV   ( 2704): [COM]: # Comm debug real time...
I/!MCSER! ( 2704): @ EMVL2 Pr | setlogMode:2
I/MCEMV   ( 2704): [MID]: * OID: b80579b8!!!
I/MCEMV   ( 2704): [MID]: * Reset ICC handle![0]
D/!MCSER! ( 2704): Duration | EMV_Kern_vSwitchDebug, EMV_kern_uiSetHandle | ret:0|416
D/!MCSER! ( 2704): EMVL2 Pr | Initial SUCC | set emv start mode :-1
D/!MCSER! ( 2704): UActionCenter::(!defined IS_C10) || (!defined IS_C9)
D/!MCSER! ( 2704): Duration  | REQUEST | @client[br.com.linx.dtefmobilereactnative] | action:TXN_EMVL2_PROCESS | 12320
I/!MCSER! ( 2704): EMVL2 Pr | Initial SUCC|EMV_kern_uiSetHandle:ret :0
D/EmvRequestExecutor( 6872): # execute[16711683 | 1 ] | ret: 0
V/[DeviceService]( 6872): [USDK]--------- getICReader(driverID : 4, param : null) ---------
I/libfam  ( 6872): lpd from apk path:/data/app/br.com.linx.dtefmobilereactnative-1/base.apk
I/libfam  ( 6872): current file is a signed_file_in_fmt_v3
E/libfam  ( 6872): [Line] : 12502; [Func] : EA_ucGetLpdFromSignApk; not support sign file, or has not lpd!
E/libfam  ( 6872): [Line] : 12540; [Func] : EA_ucGetLpdFromSignApk; pcFilePath=/data/app/br.com.linx.dtefmobilereactnative-1/base.apk, ucRet=0x10
E/epayauthfile( 6872): [Line] : 230; [Func] : fam_getSignedFileInfo; get lpd err..!
E/epayauthfile( 6872): [Line] : 289; [Func] : fam_getExtSignedApkInfo_Tmp; Function call returned error : ret = 16.
E/epayauthfile( 6872): [Line] : 709; [Func] : Java_com_landicorp_security_apkauth_ApkAuthenticator_getExtSignedApkInfoStr_1native; Function call returned error : ret = 16.
E/epayauthfile( 6872): fail to get ext_signed_apk_info from native.
W/Domain  (  815): checkUidPermission(), com.usdk.iccard.perm.NORMAL_FUNC ---> com.landi.iccard.perm.NORMAL_FUNC
W/Domain  (  815): checkUidPermission(), current state is PS_MOCKUP, we grant permission: com.landi.iccard.perm.NORMAL_FUNC
D/[DeviceInstance]( 6872): [USDK]/// createKey:br.com.linx.dtefmobilereactnative#4
V/[DeviceService]( 6872): [USDK]--------- getLed(param : null) ---------
I/libfam  ( 6872): lpd from apk path:/data/app/br.com.linx.dtefmobilereactnative-1/base.apk
I/libfam  ( 6872): current file is a signed_file_in_fmt_v3
E/libfam  ( 6872): [Line] : 12502; [Func] : EA_ucGetLpdFromSignApk; not support sign file, or has not lpd!
E/libfam  ( 6872): [Line] : 12540; [Func] : EA_ucGetLpdFromSignApk; pcFilePath=/data/app/br.com.linx.dtefmobilereactnative-1/base.apk, ucRet=0x10
E/epayauthfile( 6872): [Line] : 230; [Func] : fam_getSignedFileInfo; get lpd err..!
E/epayauthfile( 6872): [Line] : 289; [Func] : fam_getExtSignedApkInfo_Tmp; Function call returned error : ret = 16.
E/epayauthfile( 6872): [Line] : 709; [Func] : Java_com_landicorp_security_apkauth_ApkAuthenticator_getExtSignedApkInfoStr_1native; Function call returned error : ret = 16.
E/epayauthfile( 6872): fail to get ext_signed_apk_info from native.
W/Domain  (  815): checkUidPermission(), com.usdk.led.perm.NORMAL_FUNC ---> com.landi.led.perm.NORMAL_FUNC
W/Domain  (  815): checkUidPermission(), current state is PS_MOCKUP, we grant permission: com.landi.led.perm.NORMAL_FUNC
D/[DeviceInstance]( 6872): [USDK]/// createKey:br.com.linx.dtefmobilereactnative#USERCARD
V/[DeviceService]( 6872): [USDK]--------- getRFReader(param : {rfDeviceName=USERCARD,}) ---------
I/libfam  ( 6872): lpd from apk path:/data/app/br.com.linx.dtefmobilereactnative-1/base.apk
I/libfam  ( 6872): current file is a signed_file_in_fmt_v3
E/libfam  ( 6872): [Line] : 12502; [Func] : EA_ucGetLpdFromSignApk; not support sign file, or has not lpd!
E/libfam  ( 6872): [Line] : 12540; [Func] : EA_ucGetLpdFromSignApk; pcFilePath=/data/app/br.com.linx.dtefmobilereactnative-1/base.apk, ucRet=0x10
E/epayauthfile( 6872): [Line] : 230; [Func] : fam_getSignedFileInfo; get lpd err..!
E/epayauthfile( 6872): [Line] : 289; [Func] : fam_getExtSignedApkInfo_Tmp; Function call returned error : ret = 16.
E/epayauthfile( 6872): [Line] : 709; [Func] : Java_com_landicorp_security_apkauth_ApkAuthenticator_getExtSignedApkInfoStr_1native; Function call returned error : ret = 16.
E/epayauthfile( 6872): fail to get ext_signed_apk_info from native.
W/Domain  (  815): checkUidPermission(), com.usdk.rfcard.perm.NORMAL_FUNC ---> com.landi.rfcard.perm.NORMAL_FUNC
W/Domain  (  815): checkUidPermission(), current state is PS_MOCKUP, we grant permission: com.landi.rfcard.perm.NORMAL_FUNC
D/[DeviceInstance]( 6872): [USDK]/// createKey:br.com.linx.dtefmobilereactnative#USERCARD
V/[DeviceService]( 6872): [USDK]--------- getMagReader ---------
I/libfam  ( 6872): lpd from apk path:/data/app/br.com.linx.dtefmobilereactnative-1/base.apk
I/libfam  ( 6872): current file is a signed_file_in_fmt_v3
E/libfam  ( 6872): [Line] : 12502; [Func] : EA_ucGetLpdFromSignApk; not support sign file, or has not lpd!
E/libfam  ( 6872): [Line] : 12540; [Func] : EA_ucGetLpdFromSignApk; pcFilePath=/data/app/br.com.linx.dtefmobilereactnative-1/base.apk, ucRet=0x10
E/epayauthfile( 6872): [Line] : 230; [Func] : fam_getSignedFileInfo; get lpd err..!
E/epayauthfile( 6872): [Line] : 289; [Func] : fam_getExtSignedApkInfo_Tmp; Function call returned error : ret = 16.
E/epayauthfile( 6872): [Line] : 709; [Func] : Java_com_landicorp_security_apkauth_ApkAuthenticator_getExtSignedApkInfoStr_1native; Function call returned error : ret = 16.
E/epayauthfile( 6872): fail to get ext_signed_apk_info from native.
W/Domain  (  815): checkUidPermission(), com.usdk.magcard.perm.NORMAL_FUNC ---> com.landi.magcard.perm.NORMAL_FUNC
W/Domain  (  815): checkUidPermission(), current state is PS_MOCKUP, we grant permission: com.landi.magcard.perm.NORMAL_FUNC
D/DTEFMobilePinpad(24244): IP_PPOpen: iRes=0
D/IP_PPOpen(24244): Passo(2)
D/IP_PPOpen(24244): Fim
D/pDisplayTerminal(24244): pMensagem1=[]
D/pDisplayTerminal(24244): pMensagem2=[]
V/DTEFMobile(24244): displayTerminal
V/DTEFMobile(24244): setRespostaRecebida = false
V/DTEFMobile(24244): aguardaRecebeResposta - displayTerminal inicio bRespostaRecebida = false
I/ReactNativeJS(24244): { mensagem: '',
I/ReactNativeJS(24244):   function: 'displayTerminal',
I/ReactNativeJS(24244):   action: 'InputCallback' }
I/ReactNativeJS(24244): respondendo
V/DTEFMobile(24244): setRespostaRecebida
V/DTEFMobile(24244): setRespostaRecebida = true
I/System.out(24244): setRespostaRecebida = true
V/DTEFMobile(24244): aguardaRecebeResposta = resultado = 0
V/DTEFMobile(24244): aguardaRecebeResposta = stringRetorno = 
V/DTEFMobile(24244): aguardaRecebeResposta = intRetorno = 0
D/pDisplayTerminal(24244): pMensagem1=[CONECTANDO D-TEF...]
D/pDisplayTerminal(24244): pMensagem2=[CONECTANDO D-TEF...]
V/DTEFMobile(24244): displayTerminalCONECTANDO D-TEF...
V/DTEFMobile(24244): setRespostaRecebida = false
V/DTEFMobile(24244): aguardaRecebeResposta - displayTerminal inicio bRespostaRecebida = false
I/ReactNativeJS(24244): { mensagem: 'CONECTANDO D-TEF...',
I/ReactNativeJS(24244):   function: 'displayTerminal',
I/ReactNativeJS(24244):   action: 'InputCallback' }
I/ReactNativeJS(24244): respondendo
I/SurfaceFlinger(  282): FPS: 18
V/DTEFMobile(24244): setRespostaRecebida
V/DTEFMobile(24244): setRespostaRecebida = true
I/System.out(24244): setRespostaRecebida = true
V/DTEFMobile(24244): aguardaRecebeResposta = resultado = 0
V/DTEFMobile(24244): aguardaRecebeResposta = stringRetorno = 
V/DTEFMobile(24244): aguardaRecebeResposta = intRetorno = 0
D/ConectaDTEF(24244): vai obter configuracao...
D/ConectaDTEF(24244): cIPServidor=[172.16.138.68], cPortaServidor=[6850], cTimeoutServidor=[]
D/NET_connect(24244): inicio
D/socketConnect_Android_(24244): inicio(172.16.138.68, 6850, 0)
D/socketConnect_Android_(24244): socket(55)
D/NET_connect(24244): fim(iRes=0)
D/ClockData(24244): pRelogio=[2019043016]
D/pDisplayTerminal(24244): pMensagem1=[Digite o valor]
D/pDisplayTerminal(24244): pMensagem2=[Digite o valor]
V/DTEFMobile(24244): displayTerminalDigite o valor
V/DTEFMobile(24244): setRespostaRecebida = false
V/DTEFMobile(24244): aguardaRecebeResposta - displayTerminal inicio bRespostaRecebida = false
I/ReactNativeJS(24244): { mensagem: 'Digite o valor',
I/ReactNativeJS(24244):   function: 'displayTerminal',
I/ReactNativeJS(24244):   action: 'InputCallback' }
I/ReactNativeJS(24244): respondendo
V/DTEFMobile(24244): setRespostaRecebida
V/DTEFMobile(24244): setRespostaRecebida = true
I/System.out(24244): setRespostaRecebida = true
V/DTEFMobile(24244): aguardaRecebeResposta = resultado = 0
V/DTEFMobile(24244): aguardaRecebeResposta = stringRetorno = 
V/DTEFMobile(24244): aguardaRecebeResposta = intRetorno = 0
D/pEntraValor(24244): Digite o valor
V/DTEFMobile(24244): entraValorDigite o valor
V/DTEFMobile(24244): setRespostaRecebida = false
V/DTEFMobile(24244): aguardaRecebeResposta - entraValor inicio bRespostaRecebida = false
I/ReactNativeJS(24244): { valorMinimo: '0',
I/ReactNativeJS(24244):   valorMaximo: '9999999999',
I/ReactNativeJS(24244):   valor: '000000000000',
I/ReactNativeJS(24244):   label: 'Digite o valor',
I/ReactNativeJS(24244):   function: 'entraValor',
I/ReactNativeJS(24244):   action: 'InputCallback' }
D/StatusBar.NetworkController( 2536): hasService: mServiceState=1 1 home null null null  Unknown Unknown CSS not supported -1 -1 RoamInd=-1 DefRoamInd=-1 EmergOnly=true retVal=false
D/StatusBar.NetworkController( 2536): refreshViews: Data not connected!! Set no data type icon / Roaming
D/StatusBar.NetworkController( 2536): refreshViews connected={ wifi } level=3 combinedSignalIconId=0x7f020368/com.android.systemui:drawable/stat_sys_wifi_signal_4_fully combinedActivityIconId=0x7f02035d mobileLabel=Emergency calls only wifiLabel="WLANGPLXADM" emergencyOnly=true combinedLabel="WLANGPLXADM" mAirplaneMode=false mDataActivity=0 mPhoneSignalIconId=0x7f02034f/com.android.systemui:drawable/stat_sys_signal_null mQSPhoneSignalIconId=0x7f0200bb/com.android.systemui:drawable/ic_qs_signal_no_signal mDataDirectionIconId=0x0/(null) mDataSignalIconId=0x7f02034f/com.android.systemui:drawable/stat_sys_signal_null mDataTypeIconId=0x0/(null) mQSDataTypeIconId=0x0/(null) mNoSimIconId=0x7f02009a/com.android.systemui:drawable/ic_qs_no_sim mWifiIconId=0x7f020368/com.android.systemui:drawable/stat_sys_wifi_signal_4_fully mQSWifiIconId=0x7f0200cb/com.android.systemui:drawable/ic_qs_wifi_full_4 mWifiActivityIconId=0x7f02035d/com.android.systemui:drawable/stat_sys_wifi_inout mBluetoothTetherIconId=0x10806b8/android:drawable/stat_sys_tether_bluetooth
D/StatusBar.NetworkController( 2536): refreshSignalCluster - setMobileDataIndicators:  mHasMobileDataFeature = true mPhoneSignalIconId = com.android.systemui:drawable/stat_sys_signal_null mDataSignalIconId = com.android.systemui:drawable/stat_sys_signal_null mMobileActivityIconId = (null) mDataTypeIconId = (null) mNoSimIconId = com.android.systemui:drawable/ic_qs_no_sim
V/ActivityThread( 2772): Creating service com.android.inputmethod.latin.spellcheck.AndroidSpellCheckerService on display 0
D/StatusBar.NetworkController( 2536): refreshSignalCluster - setMobileDataIndicators:  mHasMobileDataFeature = true mPhoneSignalIconId = com.android.systemui:drawable/stat_sys_signal_null mDataSignalIconId = com.android.systemui:drawable/stat_sys_signal_null mMobileActivityIconId = (null) mDataTypeIconId = (null) mNoSimIconId = com.android.systemui:drawable/ic_qs_no_sim
D/StatusBar.NetworkController( 2536): refreshSignalCluster - setMobileDataIndicators:  mHasMobileDataFeature = true mPhoneSignalIconId = com.android.systemui:drawable/stat_sys_signal_null mDataSignalIconId = com.android.systemui:drawable/stat_sys_signal_null mMobileActivityIconId = (null) mDataTypeIconId = (null) mNoSimIconId = com.android.systemui:drawable/ic_qs_no_sim
D/StatusBar.NetworkController( 2536): changing data overlay icon id to 2130838365
D/StatusBar.NetworkController( 2536): hasService: mServiceState=1 1 home null null null  Unknown Unknown CSS not supported -1 -1 RoamInd=-1 DefRoamInd=-1 EmergOnly=true retVal=false
D/StatusBar.NetworkController( 2536): refreshViews: Data not connected!! Set no data type icon / Roaming
D/StatusBar.NetworkController( 2536): refreshViews connected={ wifi } level=3 combinedSignalIconId=0x7f020368/com.android.systemui:drawable/stat_sys_wifi_signal_4_fully combinedActivityIconId=0x7f02035c mobileLabel=Emergency calls only wifiLabel="WLANGPLXADM" emergencyOnly=true combinedLabel="WLANGPLXADM" mAirplaneMode=false mDataActivity=0 mPhoneSignalIconId=0x7f02034f/com.android.systemui:drawable/stat_sys_signal_null mQSPhoneSignalIconId=0x7f0200bb/com.android.systemui:drawable/ic_qs_signal_no_signal mDataDirectionIconId=0x0/(null) mDataSignalIconId=0x7f02034f/com.android.systemui:drawable/stat_sys_signal_null mDataTypeIconId=0x0/(null) mQSDataTypeIconId=0x0/(null) mNoSimIconId=0x7f02009a/com.android.systemui:drawable/ic_qs_no_sim mWifiIconId=0x7f020368/com.android.systemui:drawable/stat_sys_wifi_signal_4_fully mQSWifiIconId=0x7f0200cb/com.android.systemui:drawable/ic_qs_wifi_full_4 mWifiActivityIconId=0x7f02035c/com.android.systemui:drawable/stat_sys_wifi_in mBluetoothTetherIconId=0x10806b8/android:drawable/stat_sys_tether_bluetooth
D/StatusBar.NetworkController( 2536): refreshSignalCluster - setMobileDataIndicators:  mHasMobileDataFeature = true mPhoneSignalIconId = com.android.systemui:drawable/stat_sys_signal_null mDataSignalIconId = com.android.systemui:drawable/stat_sys_signal_null mMobileActivityIconId = (null) mDataTypeIconId = (null) mNoSimIconId = com.android.systemui:drawable/ic_qs_no_sim
D/StatusBar.NetworkController( 2536): refreshSignalCluster - setMobileDataIndicators:  mHasMobileDataFeature = true mPhoneSignalIconId = com.android.systemui:drawable/stat_sys_signal_null mDataSignalIconId = com.android.systemui:drawable/stat_sys_signal_null mMobileActivityIconId = (null) mDataTypeIconId = (null) mNoSimIconId = com.android.systemui:drawable/ic_qs_no_sim
D/StatusBar.NetworkController( 2536): refreshSignalCluster - setMobileDataIndicators:  mHasMobileDataFeature = true mPhoneSignalIconId = com.android.systemui:drawable/stat_sys_signal_null mDataSignalIconId = com.android.systemui:drawable/stat_sys_signal_null mMobileActivityIconId = (null) mDataTypeIconId = (null) mNoSimIconId = com.android.systemui:drawable/ic_qs_no_sim
D/StatusBar.NetworkController( 2536): changing data overlay icon id to 2130838364
I/SurfaceFlinger(  282): FPS: 6
D/wpa_supplicant(20436): wlan0: Control interface command 'SIGNAL_POLL'
I/PowerUI ( 2536): mBatteryHealth = 1
D/HeadsetStateMachine( 4924): Disconnected process message: 10, size: 0
I/System.out(24244): call findFirstX509TrustManager! keyProvider=null
I/LatinIME( 2772): Starting input. Cursor position = 0,0
E/ActivityThread( 2772): Failed to find provider info for user_dictionary
I/SurfaceFlinger(  282): FPS: 23
I/SurfaceFlinger(  282): FPS: 19
V/DTEFMobile(24244): setRespostaRecebida
V/DTEFMobile(24244): setRespostaRecebida = true
I/System.out(24244): setRespostaRecebida = true
I/System.out(24244): call findFirstX509TrustManager! keyProvider=null
V/DTEFMobile(24244): aguardaRecebeResposta = resultado = 0
V/DTEFMobile(24244): aguardaRecebeResposta = stringRetorno = 12
V/DTEFMobile(24244): aguardaRecebeResposta = intRetorno = 0
D/LeObjetoRetorno(24244): objRetorno=[0x11]
D/LeObjetoRetorno(24244): objRetorno(2)
D/LeObjetoRetorno(24244): classRetorno=[0x100015]
D/LeObjetoRetorno(24244): iResultado[0], iIntRetorno[0], cStrRetorno(2)=[12]
D/clear_env_android(24244): jvmGlobal=[0xb78701b0] objActivityGlobal=[0x10055e] classConfigContext[0x566] objConfig=[0x56a]
D/clear_env_android(24244): fim
D/clear_env_android(24244): jvmGlobal=[0xb78701b0] objActivityGlobal=[0x10055e] classConfigContext[0x566] objConfig=[0x56a]
D/clear_env_android(24244): fim
D/put_env_android(24244): jvmGlobal=[0xb78701b0] objActivityGlobal=[0x10055e] classConfigContext[0x566] objConfig=[0x56a]
D/put_env_android(24244): jvmGlobal=[0xb78701b0] objActivityGlobal=[0x10055e] classConfigContext[0x566] objConfig=[0x56a]
D/put_env_android(24244): jvmGlobal=[0xb78701b0] objActivityGlobal=[0x10055e] classConfigContext[0x566] objConfig=[0x56a]
D/put_env_android(24244): tam == 0
D/put_env_android(24244): jvmGlobal=[0xb78701b0] objActivityGlobal=[0x10055e] classConfigContext[0x566] objConfig=[0x56a]
D/put_env_android(24244): tam == 0
D/leValor (24244): inicio [I:NSUPOS.DAT] cNameConfig[INSUPOSDAT]
D/pObtemInfoJava(24244): result=12
D/pObtemInfoJava(24244): Info=[18AKFA802098]
D/IP_PPGetInfo(24244): Inicio
D/IP_PPGetInfo(24244): Passo(1)
D/IP_PPGetInfo(24244): Passo(2)
D/MODEL   (24244): Build.MODEL=[APOS A8OVS]
D/PRODUCT (24244): Build.PRODUCT=[APOS A8]
V/[DeviceService]( 6872): [USDK]--------- getDeviceManager ---------
I/libfam  ( 6872): lpd from apk path:/data/app/br.com.linx.dtefmobilereactnative-1/base.apk
I/libfam  ( 6872): current file is a signed_file_in_fmt_v3
E/libfam  ( 6872): [Line] : 12502; [Func] : EA_ucGetLpdFromSignApk; not support sign file, or has not lpd!
E/libfam  ( 6872): [Line] : 12540; [Func] : EA_ucGetLpdFromSignApk; pcFilePath=/data/app/br.com.linx.dtefmobilereactnative-1/base.apk, ucRet=0x10
E/epayauthfile( 6872): [Line] : 230; [Func] : fam_getSignedFileInfo; get lpd err..!
E/epayauthfile( 6872): [Line] : 289; [Func] : fam_getExtSignedApkInfo_Tmp; Function call returned error : ret = 16.
E/epayauthfile( 6872): [Line] : 709; [Func] : Java_com_landicorp_security_apkauth_ApkAuthenticator_getExtSignedApkInfoStr_1native; Function call returned error : ret = 16.
E/epayauthfile( 6872): fail to get ext_signed_apk_info from native.
W/Domain  (  815): checkUidPermission(), com.usdk.deviceinfo.perm.NORMAL_FUNC ---> com.landi.deviceinfo.perm.NORMAL_FUNC
W/Domain  (  815): checkUidPermission(), current state is PS_MOCKUP, we grant permission: com.landi.deviceinfo.perm.NORMAL_FUNC
I/Binder_2( 6888): type=1400 audit(0.0:3095): avc: denied { read } for name="status" dev="mmcblk0p28" ino=1299 scontext=u:r:untrusted_app:s0 tcontext=u:object_r:unlabeled:s0 tclass=file permissive=1
I/Binder_2( 6888): type=1400 audit(0.0:3096): avc: denied { open } for path="/epay/var/lib/pkg/status" dev="mmcblk0p28" ino=1299 scontext=u:r:untrusted_app:s0 tcontext=u:object_r:unlabeled:s0 tclass=file permissive=1
D/[DeviceManager]( 6872): [USDK]getSystemModulesVersion | versionMap = {EMVKernel=180906}
I/Binder_2( 6888): type=1400 audit(0.0:3097): avc: denied { getattr } for path="/epay/var/lib/pkg/status" dev="mmcblk0p28" ino=1299 scontext=u:r:untrusted_app:s0 tcontext=u:object_r:unlabeled:s0 tclass=file permissive=1
I/Binder_3( 6910): type=1400 audit(0.0:3098): avc: denied { read } for name="mmcblk0p32" dev="tmpfs" ino=8444 scontext=u:r:untrusted_app:s0 tcontext=u:object_r:block_device:s0 tclass=blk_file permissive=1
I/Binder_3( 6910): type=1400 audit(0.0:3099): avc: denied { open } for path="/dev/block/mmcblk0p32" dev="tmpfs" ino=8444 scontext=u:r:untrusted_app:s0 tcontext=u:object_r:block_device:s0 tclass=blk_file permissive=1
D/JNI_DEBUG( 6872): EA_sec_ucGetRegionCfg | ucRet:0, uiOutLen:4
D/JNI_DEBUG( 6872): EA_sec_ucGetRegionCfg | uiRegionCfg:1
D/JNI_DEBUG( 6872): EA_sec_ucGetRegionCfg | ucRet:0, uiOutLen:4
D/JNI_DEBUG( 6872): EA_sec_ucGetRegionCfg | uiRegionCfg:1
D/JNI_DEBUG( 6872): EA_sec_ucGetRegionCfg | ucRet:0, uiOutLen:4
D/JNI_DEBUG( 6872): EA_sec_ucGetRegionCfg | uiRegionCfg:1
D/DTEFMobilePinpad(24244): IP_PPGetInfo: sInfo=[INGENICO            APOS A8OVS         CAND-Q2-APOSOVS      1.08004.04 190408   18AKFA802098        ]
D/DTEFMobilePinpad(24244): IP_PPGetInfo: iResPP=0
D/IP_PPGetInfo(24244): jiRetorno=0
D/IP_PPGetInfo(24244): Fim
D/IP_PPGetTimeStamp(24244): Inicio
D/IP_PPGetTimeStamp(24244): Passo(1)
D/IP_PPGetTimeStamp(24244): Passo(2)
D/MODEL   (24244): Build.MODEL=[APOS A8OVS]
D/PRODUCT (24244): Build.PRODUCT=[APOS A8]
D/DTEFMobilePinpad(24244): POSIngenico
D/DTEFMobilePinpad(24244): IP_PPGetTimeStamp: sDados=[2704201901]
D/DTEFMobilePinpad(24244): IP_PPGetTimeStamp: iRes=0
D/IP_PPGetTimeStamp(24244): jiRetorno=0
D/IP_PPGetTimeStamp(24244): Fim
D/put_env_android(24244): jvmGlobal=[0xb78701b0] objActivityGlobal=[0x10055e] classConfigContext[0x566] objConfig=[0x56a]
D/read_File_android(24244): jvmGlobal=[0xb78701b0] objActivityGlobal=[0x10055e] classConfigContext[0x566] objConfig=[0x56a]
D/[readFile](24244): Diretorio: /data/data/br.com.linx.dtefmobilereactnative/files/APPTABAIDREDE00.DAT
D/read_File_android(24244): iTam=[3528]
D/read_File_android(24244): fim (iTam=3528)
D/pDisplayTerminal(24244): pMensagem1=[APROXIME, INSIRA OU PASSE O CARTAO]
D/pDisplayTerminal(24244): pMensagem2=[APROXIME, INSIRA OU PASSE O CARTAO]
V/DTEFMobile(24244): displayTerminalAPROXIME, INSIRA OU PASSE O CARTAO
V/DTEFMobile(24244): setRespostaRecebida = false
V/DTEFMobile(24244): aguardaRecebeResposta - displayTerminal inicio bRespostaRecebida = false
I/ReactNativeJS(24244): { mensagem: 'APROXIME, INSIRA OU PASSE O CARTAO',
I/ReactNativeJS(24244):   function: 'displayTerminal',
I/ReactNativeJS(24244):   action: 'InputCallback' }
I/ReactNativeJS(24244): respondendo
V/DTEFMobile(24244): setRespostaRecebida
V/DTEFMobile(24244): setRespostaRecebida = true
I/System.out(24244): setRespostaRecebida = true
V/DTEFMobile(24244): aguardaRecebeResposta = resultado = 0
V/DTEFMobile(24244): aguardaRecebeResposta = stringRetorno = 
V/DTEFMobile(24244): aguardaRecebeResposta = intRetorno = 0
D/ClockData(24244): pRelogio=[2019043016]
D/IP_PPStartGetCard(24244): Inicio
D/IP_PPStartGetCard(24244): Passo(1)
D/DTEFMobilePinpad(24244): IP_PPStartGetCard sInput=[0001000000000012190430160524270420190100]
D/IP_PPStartGetCard(24244): Passo(2)
D/IP_PPStartGetCard(24244): Fim
D/IP_PPGetCard(24244): Inicio
D/IP_PPGetCard(24244): iTamGetCard=[1341]
D/IP_PPGetCard(24244): Passo 1
D/IP_PPGetCard(24244): Passo 2
D/MODEL   (24244): Build.MODEL=[APOS A8OVS]
D/PRODUCT (24244): Build.PRODUCT=[APOS A8]
E/VM_BMS  (24373): Unable to open BMS device
E/VM_BMS  (24373): Unable to intialize BMS parameters
D/MasterController( 6872): ## request | appName: br.com.linx.dtefmobilereactnative, REQ: INSERTCARD_IS_CARD_IN
D/MasterController( 6872): ## request | ipcInvokeDirectly: false
I/!MCSER! ( 2704): TRANSACT | receive transaction code :4
I/!MCSER! ( 2704): ================ ON REQUEST =================
D/!MCSER! ( 2704): UActionCenter::(!defined IS_C10) || (!defined IS_C9)
I/!MCSER! ( 2704): REQUEST | @client[br.com.linx.dtefmobilereactnative] |  action code is:0x303 will invoke TXN_INSERTCARD_IS_CARD_IN
D/!MCSER! ( 2704): getClientPidAndUid  pid is :24244 |uid is :10059
D/!MCSER! ( 2704): REQUEST | @client[br.com.linx.dtefmobilereactnative] |  pid:24244|uid:10059|tid:15738
D/!MCSER! ( 2704): @client[br.com.linx.dtefmobilereactnative] is exist
D/!MCSER! ( 2704): ICC0 | @client[br.com.linx.dtefmobilereactnative] | is opened ? false
D/!MCSER! ( 2704): domain_version:1.0.0           
W/!MCSER! ( 2704): PERMISSION | mc permission file not found, use domain check state:ENABLE
D/!MCSER! ( 2704): UAndroidClient::getPermissionName  enter
D/!MCSER! ( 2704): UAndroidClient::getAppPackagePath   enter:
